May 07 19:10:54 kiseki-storage-3 systemd[1]: Started Kiseki Storage Server (node 3, nvme).
May 07 19:10:54 kiseki-storage-3 kiseki-server[18258]: 2026-05-07T19:10:54.882869Z  INFO kiseki_server: kiseki-server starting data_addr=0.0.0.0:9100 advisory_addr=0.0.0.0:9101
May 07 19:10:54 kiseki-storage-3 kiseki-server[18258]: 2026-05-07T19:10:54.882988Z  WARN kiseki_server::runtime: advisory gRPC listening (PLAINTEXT — development only) addr=0.0.0.0:9101
May 07 19:10:54 kiseki-storage-3 kiseki-server[18258]: 2026-05-07T19:10:54.883184Z  INFO run_advisory_stream_server{addr=0.0.0.0:9102}: kiseki_advisory::stream: advisory TCP stream server listening addr=0.0.0.0:9102
May 07 19:10:54 kiseki-storage-3 kiseki-server[18258]: 2026-05-07T19:10:54.884019Z  INFO kiseki_server::runtime: system disk detected media_type=Nvme total_gb=49 soft_limit_gb=24 budget_gb=20
May 07 19:10:54 kiseki-storage-3 kiseki-server[18258]: 2026-05-07T19:10:54.884036Z  INFO kiseki_server::runtime: node identity configured node_id=3 peers=3 raft_addr=Some(10.0.0.12:9300)
May 07 19:10:54 kiseki-storage-3 kiseki-server[18258]: 2026-05-07T19:10:54.913166Z  INFO kiseki_server::runtime: key store at-rest identity source="file"
May 07 19:10:54 kiseki-storage-3 kiseki-server[18258]: 2026-05-07T19:10:54.913313Z  INFO fjall::db: Creating database at /var/lib/kiseki/keys/epochs
May 07 19:10:54 kiseki-storage-3 kiseki-server[18258]: 2026-05-07T19:10:54.921192Z  INFO lsm_tree::tree::ingest: Finished ingestion writer
May 07 19:10:54 kiseki-storage-3 kiseki-server[18258]: 2026-05-07T19:10:54.925662Z  INFO lsm_tree::tree::ingest: Finished ingestion writer
May 07 19:10:54 kiseki-storage-3 kiseki-server[18258]: 2026-05-07T19:10:54.928119Z  INFO kiseki_server::runtime: key manager: persistent (fjall) ready epoch=1
May 07 19:10:54 kiseki-storage-3 kiseki-server[18258]: 2026-05-07T19:10:54.931157Z  INFO kiseki_server::runtime: small object store: persistent (redb) path=/var/lib/kiseki
May 07 19:10:54 kiseki-storage-3 kiseki-server[18258]: 2026-05-07T19:10:54.931372Z  INFO kiseki_log::raft_shard_store: Raft runtime threads=64
May 07 19:10:54 kiseki-storage-3 kiseki-server[18258]: 2026-05-07T19:10:54.933689Z  INFO kiseki_log::raft_shard_store: Raft RPC listener spawned (multiplexed, ADR-041) addr=10.0.0.12:9300
May 07 19:10:54 kiseki-storage-3 kiseki-server[18258]: 2026-05-07T19:10:54.933828Z  WARN kiseki_raft::tcp_transport: Raft RPC listener started (plaintext — dev mode, multiplexed) addr=10.0.0.12:9300
May 07 19:10:54 kiseki-storage-3 kiseki-server[18258]: 2026-05-07T19:10:54.933904Z  INFO fjall::db: Creating database at /var/lib/kiseki/raft/shard-00000000-0000-0000-0000-000000000001
May 07 19:10:54 kiseki-storage-3 kiseki-server[18258]: 2026-05-07T19:10:54.938737Z  INFO lsm_tree::tree::ingest: Finished ingestion writer
May 07 19:10:54 kiseki-storage-3 kiseki-server[18258]: 2026-05-07T19:10:54.943279Z  INFO lsm_tree::tree::ingest: Finished ingestion writer
May 07 19:10:54 kiseki-storage-3 kiseki-server[18258]: 2026-05-07T19:10:54.944683Z  INFO openraft::storage::helper: get_initial_state: vote: <T0-N3:->, last_purged_log_id: None, last_applied: None, committed: None, last_log_id: None
May 07 19:10:54 kiseki-storage-3 kiseki-server[18258]: 2026-05-07T19:10:54.944704Z  INFO openraft::storage::helper: load membership from log: [0..0)
May 07 19:10:54 kiseki-storage-3 kiseki-server[18258]: 2026-05-07T19:10:54.944714Z  INFO openraft::storage::helper: load key log ids from (None,None]
May 07 19:10:54 kiseki-storage-3 kiseki-server[18258]: 2026-05-07T19:10:54.954116Z  INFO openraft::engine::engine_impl: startup begin: state: RaftState { vote: Leased { data: Vote { leader_id: LeaderId { term: 0, node_id: 3 }, committed: false }, last_update: Some(TokioInstant(Instant { tv_sec: 75, tv_nsec: 289634055 })), lease: 0ns, lease_enabled: true }, log_ids: LogIdList { purged: None, key_log_ids: [] }, membership_state: MembershipState { committed: EffectiveMembership { log_id: None, membership: Membership { configs: [], nodes: {} }, voter_ids: {} }, effective: EffectiveMembership { log_id: None, membership: Membership { configs: [], nodes: {} }, voter_ids: {} } }, snapshot_meta: SnapshotMeta { last_log_id: None, last_membership: StoredMembership { log_id: None, membership: Membership { configs: [], nodes: {} } }, snapshot_id: "" }, last_inflight_id: 0, server_state: Learner, io_state: IOState { building_snapshot: false, log_progress: IOProgress { accepted: Some(Vote(UncommittedVote { leader_id: LeaderId { term: 0, node_id: 3 } })), submitted: Some(Vote(UncommittedVote { leader_id: LeaderId { term: 0, node_id: 3 } })), flushed: Some(Vote(UncommittedVote { leader_id: LeaderId { term: 0, node_id: 3 } })), id: "3", name: "LogIO" }, apply_progress: IOProgress { accepted: None, submitted: None, flushed: None, id: "3", name: "Apply" }, snapshot: IOProgress { accepted: None, submitted: None, flushed: None, id: "3", name: "Snapshot" }, cluster_committed: MonotonicIncrease { value: None }, purged: None }, purge_upto: None, progress_id_gen: SharedIdGenerator { next_id: 1 } }, is_leader: false, is_voter: false
May 07 19:10:54 kiseki-storage-3 kiseki-server[18258]: 2026-05-07T19:10:54.954141Z  INFO kiseki_log::raft_shard_store: shard registered with Raft RPC listener shard_id=00000000-0000-0000-0000-000000000001
May 07 19:10:54 kiseki-storage-3 kiseki-server[18258]: 2026-05-07T19:10:54.954172Z  INFO kiseki_server::runtime: log store: Raft node_id=3 peers=3
May 07 19:10:54 kiseki-storage-3 kiseki-server[18258]: 2026-05-07T19:10:54.954159Z  INFO openraft::engine::engine_impl: startup done, id=3, target_state: Learner
May 07 19:10:54 kiseki-storage-3 kiseki-server[18258]: 2026-05-07T19:10:54.954367Z  INFO fjall::db: Creating database at /var/lib/kiseki/raft/cluster_control
May 07 19:10:54 kiseki-storage-3 kiseki-server[18258]: 2026-05-07T19:10:54.959955Z  INFO lsm_tree::tree::ingest: Finished ingestion writer
May 07 19:10:54 kiseki-storage-3 kiseki-server[18258]: 2026-05-07T19:10:54.965132Z  INFO lsm_tree::tree::ingest: Finished ingestion writer
May 07 19:10:54 kiseki-storage-3 kiseki-server[18258]: 2026-05-07T19:10:54.966499Z  INFO openraft::storage::helper: get_initial_state: vote: <T0-N3:->, last_purged_log_id: None, last_applied: None, committed: None, last_log_id: None
May 07 19:10:54 kiseki-storage-3 kiseki-server[18258]: 2026-05-07T19:10:54.966524Z  INFO openraft::storage::helper: load membership from log: [0..0)
May 07 19:10:54 kiseki-storage-3 kiseki-server[18258]: 2026-05-07T19:10:54.966538Z  INFO openraft::storage::helper: load key log ids from (None,None]
May 07 19:10:54 kiseki-storage-3 kiseki-server[18258]: 2026-05-07T19:10:54.966618Z  INFO openraft::engine::engine_impl: startup begin: state: RaftState { vote: Leased { data: Vote { leader_id: LeaderId { term: 0, node_id: 3 }, committed: false }, last_update: Some(TokioInstant(Instant { tv_sec: 75, tv_nsec: 311457581 })), lease: 0ns, lease_enabled: true }, log_ids: LogIdList { purged: None, key_log_ids: [] }, membership_state: MembershipState { committed: EffectiveMembership { log_id: None, membership: Membership { configs: [], nodes: {} }, voter_ids: {} }, effective: EffectiveMembership { log_id: None, membership: Membership { configs: [], nodes: {} }, voter_ids: {} } }, snapshot_meta: SnapshotMeta { last_log_id: None, last_membership: StoredMembership { log_id: None, membership: Membership { configs: [], nodes: {} } }, snapshot_id: "" }, last_inflight_id: 0, server_state: Learner, io_state: IOState { building_snapshot: false, log_progress: IOProgress { accepted: Some(Vote(UncommittedVote { leader_id: LeaderId { term: 0, node_id: 3 } })), submitted: Some(Vote(UncommittedVote { leader_id: LeaderId { term: 0, node_id: 3 } })), flushed: Some(Vote(UncommittedVote { leader_id: LeaderId { term: 0, node_id: 3 } })), id: "3", name: "LogIO" }, apply_progress: IOProgress { accepted: None, submitted: None, flushed: None, id: "3", name: "Apply" }, snapshot: IOProgress { accepted: None, submitted: None, flushed: None, id: "3", name: "Snapshot" }, cluster_committed: MonotonicIncrease { value: None }, purged: None }, purge_upto: None, progress_id_gen: SharedIdGenerator { next_id: 1 } }, is_leader: false, is_voter: false
May 07 19:10:54 kiseki-storage-3 kiseki-server[18258]: 2026-05-07T19:10:54.966668Z  INFO openraft::engine::engine_impl: startup done, id=3, target_state: Learner
May 07 19:10:54 kiseki-storage-3 kiseki-server[18258]: 2026-05-07T19:10:54.966658Z  INFO kiseki_server::runtime: control-plane Raft group: up (ADR-033 §4) node_id=3 peers=3
May 07 19:10:54 kiseki-storage-3 kiseki-server[18258]: 2026-05-07T19:10:54.966685Z  INFO kiseki_server::runtime: audit log: in-memory events=0
May 07 19:10:54 kiseki-storage-3 kiseki-server[18258]: 2026-05-07T19:10:54.969050Z  INFO fjall::db: Creating database at /var/lib/kiseki/chunks/meta
May 07 19:10:54 kiseki-storage-3 kiseki-server[18258]: 2026-05-07T19:10:54.974206Z  INFO lsm_tree::tree::ingest: Finished ingestion writer
May 07 19:10:54 kiseki-storage-3 kiseki-server[18258]: 2026-05-07T19:10:54.979123Z  INFO lsm_tree::tree::ingest: Finished ingestion writer
May 07 19:10:54 kiseki-storage-3 kiseki-server[18258]: 2026-05-07T19:10:54.980370Z  INFO kiseki_server::runtime: chunk store: persistent (raw block, group commit) path=/var/lib/kiseki flush_interval_ms=100
May 07 19:10:54 kiseki-storage-3 kiseki-server[18258]: 2026-05-07T19:10:54.980400Z  INFO kiseki_server::runtime: fabric peer registered for cross-node chunks peer_id=1 fabric_addr="10.0.0.10:9100"
May 07 19:10:54 kiseki-storage-3 kiseki-server[18258]: 2026-05-07T19:10:54.980415Z  INFO kiseki_server::runtime: fabric peer registered for cross-node chunks peer_id=2 fabric_addr="10.0.0.11:9100"
May 07 19:10:54 kiseki-storage-3 kiseki-server[18258]: 2026-05-07T19:10:54.980419Z  INFO kiseki_server::runtime: cross-node chunk replication enabled (Phase 16a) peers=2
May 07 19:10:54 kiseki-storage-3 kiseki-server[18258]: 2026-05-07T19:10:54.980422Z  INFO kiseki_server::runtime: cluster durability defaults cluster_size=3 copies=3 min_acks=2 strategy=Replication { copies: 3 }
May 07 19:10:54 kiseki-storage-3 kiseki-server[18258]: 2026-05-07T19:10:54.980439Z  INFO kiseki_server::runtime: scrub scheduler: spawned (orphan + under-replication, 10-min cadence, drain-on-shutdown)
May 07 19:10:54 kiseki-storage-3 kiseki-server[18258]: 2026-05-07T19:10:54.980442Z  INFO kiseki_server::runtime: raw block devices configured devices=8
May 07 19:10:54 kiseki-storage-3 kiseki-server[18258]: 2026-05-07T19:10:54.980502Z  INFO kiseki_server::runtime: raw device detected device="/dev/disk/by-id/google-local-nvme-ssd-0"
May 07 19:10:54 kiseki-storage-3 kiseki-server[18258]: 2026-05-07T19:10:54.980511Z  INFO kiseki_server::runtime: raw device detected device="/dev/disk/by-id/google-local-nvme-ssd-1"
May 07 19:10:54 kiseki-storage-3 kiseki-server[18258]: 2026-05-07T19:10:54.980516Z  INFO kiseki_server::runtime: raw device detected device="/dev/disk/by-id/google-local-nvme-ssd-2"
May 07 19:10:54 kiseki-storage-3 kiseki-server[18258]: 2026-05-07T19:10:54.980521Z  INFO kiseki_server::runtime: raw device detected device="/dev/disk/by-id/google-local-nvme-ssd-3"
May 07 19:10:54 kiseki-storage-3 kiseki-server[18258]: 2026-05-07T19:10:54.980526Z  INFO kiseki_server::runtime: raw device detected device="/dev/disk/by-id/google-local-nvme-ssd-4"
May 07 19:10:54 kiseki-storage-3 kiseki-server[18258]: 2026-05-07T19:10:54.980530Z  INFO kiseki_server::runtime: raw device detected device="/dev/disk/by-id/google-local-nvme-ssd-5"
May 07 19:10:54 kiseki-storage-3 kiseki-server[18258]: 2026-05-07T19:10:54.980534Z  INFO kiseki_server::runtime: raw device detected device="/dev/disk/by-id/google-local-nvme-ssd-6"
May 07 19:10:54 kiseki-storage-3 kiseki-server[18258]: 2026-05-07T19:10:54.980539Z  INFO kiseki_server::runtime: raw device detected device="/dev/disk/by-id/google-local-nvme-ssd-7"
May 07 19:10:54 kiseki-storage-3 kiseki-server[18258]: 2026-05-07T19:10:54.980613Z  INFO fjall::db: Creating database at /var/lib/kiseki/metadata/compositions
May 07 19:10:54 kiseki-storage-3 kiseki-server[18258]: 2026-05-07T19:10:54.981488Z  INFO kiseki_chunk_cluster::scrub_scheduler: scrub scheduler: shutdown received, draining
May 07 19:10:54 kiseki-storage-3 kiseki-server[18258]: 2026-05-07T19:10:54.985194Z  INFO lsm_tree::tree::ingest: Finished ingestion writer
May 07 19:10:54 kiseki-storage-3 kiseki-server[18258]: 2026-05-07T19:10:54.989883Z  INFO lsm_tree::tree::ingest: Finished ingestion writer
May 07 19:10:54 kiseki-storage-3 kiseki-server[18258]: 2026-05-07T19:10:54.993563Z  INFO lsm_tree::tree::ingest: Finished ingestion writer
May 07 19:10:54 kiseki-storage-3 kiseki-server[18258]: 2026-05-07T19:10:54.998488Z  INFO lsm_tree::tree::ingest: Finished ingestion writer
May 07 19:10:55 kiseki-storage-3 kiseki-server[18258]: 2026-05-07T19:10:55.000276Z  INFO kiseki_server::runtime: composition store: persistent (fjall, eventual durability) path=/var/lib/kiseki/metadata/compositions interval_ms=100
May 07 19:10:55 kiseki-storage-3 kiseki-server[18258]: 2026-05-07T19:10:55.002938Z  INFO kiseki_server::runtime: view store: persistent (redb-backed, ADR-040) path=/var/lib/kiseki/metadata/views.redb
May 07 19:10:55 kiseki-storage-3 kiseki-server[18258]: 2026-05-07T19:10:55.003541Z  INFO kiseki_server::runtime: bootstrap: namespace 'default' + view installed (Raft follower; will hydrate compositions from log)
May 07 19:10:55 kiseki-storage-3 kiseki-server[18258]: 2026-05-07T19:10:55.003571Z  INFO kiseki_server::runtime: inline write path disabled in multi-node cluster — small writes go through fabric (Phase 16a)
May 07 19:10:55 kiseki-storage-3 kiseki-server[18258]: 2026-05-07T19:10:55.003579Z  INFO kiseki_server::runtime: fsync hook: composition store (fjall) registered
May 07 19:10:55 kiseki-storage-3 kiseki-server[18258]: 2026-05-07T19:10:55.003582Z  INFO kiseki_server::runtime: fsync hook: chunk-store device registered
May 07 19:10:55 kiseki-storage-3 kiseki-server[18258]: 2026-05-07T19:10:55.003631Z  WARN kiseki::nfs::security: NFS path is PLAINTEXT — fh4s and data are observable on the network. Mitigations: VPC isolation, firewall ingress restrictions. Compliance: this configuration violates I-PN7-default and is acceptable only with documented compensating controls.
May 07 19:10:55 kiseki-storage-3 kiseki-server[18258]: 2026-05-07T19:10:55.003641Z  INFO kiseki_server::runtime: NFS transport posture mode=Plaintext layout_ttl_seconds=60
May 07 19:10:55 kiseki-storage-3 kiseki-server[18258]: 2026-05-07T19:10:55.003719Z  WARN kiseki_gateway::s3_server: S3 HTTP gateway listening (PLAINTEXT — development only) addr=0.0.0.0:9000
May 07 19:10:55 kiseki-storage-3 kiseki-server[18258]: 2026-05-07T19:10:55.003777Z  INFO kiseki_gateway::nfs_server: NFS server listening (NFSv3 + NFSv4.2) addr=0.0.0.0:2049
May 07 19:10:55 kiseki-storage-3 kiseki-server[18258]: 2026-05-07T19:10:55.003781Z  INFO kiseki_server::runtime: portmapper listening (NFS3 + MOUNT3 → NFS port) addr=0.0.0.0:111 advertised_nfs_port=2049
May 07 19:10:55 kiseki-storage-3 kiseki-server[18258]: 2026-05-07T19:10:55.003798Z  INFO kiseki_server::metrics: metrics + admin UI server listening addr=0.0.0.0:9090
May 07 19:10:55 kiseki-storage-3 kiseki-server[18258]: 2026-05-07T19:10:55.003831Z  INFO kiseki_server::runtime: pNFS DS listener spawned addr=0.0.0.0:2052
May 07 19:10:55 kiseki-storage-3 kiseki-server[18258]: 2026-05-07T19:10:55.003837Z  INFO kiseki_server::runtime: composition hydrator spawned (Phase 16f — followers consume create-deltas)
May 07 19:10:55 kiseki-storage-3 kiseki-server[18258]: 2026-05-07T19:10:55.003842Z  INFO kiseki_server::runtime: backup: disabled (set KISEKI_BACKUP_BACKEND=fs|s3 to enable)
May 07 19:10:55 kiseki-storage-3 kiseki-server[18258]: 2026-05-07T19:10:55.003845Z  INFO kiseki_server::runtime: control plane: in-process (ControlService on data-path gRPC)
May 07 19:10:55 kiseki-storage-3 kiseki-server[18258]: 2026-05-07T19:10:55.003881Z  INFO kiseki_gateway::pnfs_ds_server: pNFS DS listening addr=0.0.0.0:2052 tls=false
May 07 19:10:55 kiseki-storage-3 kiseki-server[18258]: 2026-05-07T19:10:55.006557Z  INFO kiseki_server::runtime: tuning store: persistent (redb) path=/var/lib/kiseki/tuning
May 07 19:10:55 kiseki-storage-3 kiseki-server[18258]: 2026-05-07T19:10:55.006663Z  WARN kiseki_server::runtime: data-path gRPC listening (PLAINTEXT — development only) addr=0.0.0.0:9100
May 07 19:10:55 kiseki-storage-3 kiseki-server[18258]: 2026-05-07T19:10:55.006693Z  WARN kiseki_server::runtime: ClusterChunkService: NO SAN interceptor (plaintext development mode — cross-node fabric is not protected against tenant certs)
May 07 19:10:55 kiseki-storage-3 kiseki-server[18258]: 2026-05-07T19:10:55.006715Z  INFO kiseki_server::runtime: [transport.native] available bindings (in priority order):
May 07 19:10:55 kiseki-storage-3 kiseki-server[18258]: 2026-05-07T19:10:55.006720Z  INFO kiseki_server::runtime:   1. tcp-framed       (latency_class=Low, addr=0.0.0.0:9101)
May 07 19:10:55 kiseki-storage-3 kiseki-server[18258]: 2026-05-07T19:10:55.006723Z  INFO kiseki_server::runtime:   2. grpc-h2          (latency_class=Standard, addr=0.0.0.0:9100)
May 07 19:10:55 kiseki-storage-3 kiseki-server[18258]: 2026-05-07T19:10:55.006725Z  INFO kiseki_server::runtime: [transport.native] override available via KISEKI_NATIVE_TRANSPORT={grpc|tcp|ibverbs|libfabric|auto}
May 07 19:10:55 kiseki-storage-3 kiseki-server[18258]: 2026-05-07T19:10:55.006743Z  INFO kiseki_server::runtime: TCP-framed native binding registered (ADR-042 §2.2) addr=0.0.0.0:9101 require_tls=false
May 07 19:10:55 kiseki-storage-3 kiseki-server[18258]: 2026-05-07T19:10:55.006748Z  INFO kiseki_server::runtime: gRPC native binding registered on shared data_addr (ADR-042 §2.1) require_tls=false
May 07 19:10:55 kiseki-storage-3 kiseki-server[18258]: 2026-05-07T19:10:55.006787Z ERROR kiseki_server::runtime: TCP-framed native binding listener exited error=Address already in use (os error 98)
May 07 19:10:56 kiseki-storage-3 kiseki-server[18258]: 2026-05-07T19:10:56.348573Z  INFO openraft::raft::api::protocol: Raft::vote(): rpc: {vote:<T10-N1:->, last_log:T0-N1.0}
May 07 19:10:56 kiseki-storage-3 kiseki-server[18258]: 2026-05-07T19:10:56.348624Z  INFO openraft::core::raft_core: received RaftMsg::RequestVote: openraft::core::raft_core::RaftCore<_, _, _, _>::handle_api_msg, now: 19:10:56.348621, vote_request: {vote:<T10-N1:->, last_log:T0-N1.0}
May 07 19:10:56 kiseki-storage-3 kiseki-server[18258]: 2026-05-07T19:10:56.348669Z  INFO openraft::core::raft_core: openraft::core::raft_core::RaftCore<_, _, _, _>::handle_vote_request: req: {vote:<T10-N1:->, last_log:T0-N1.0}
May 07 19:10:56 kiseki-storage-3 kiseki-server[18258]: 2026-05-07T19:10:56.348673Z  INFO openraft::engine::engine_impl: handle vote request: req: {vote:<T10-N1:->, last_log:T0-N1.0}
May 07 19:10:56 kiseki-storage-3 kiseki-server[18258]: 2026-05-07T19:10:56.348677Z  INFO openraft::engine::engine_impl: handle vote request: my_vote: <T0-N3:->, my_last_log_id: None, lease: now: 19:10:56.348673, last_update: 19:10:54.944718(1.403954662s ago), lease: 0ns, expire at: 19:10:54.944718(0ns since now)
May 07 19:10:56 kiseki-storage-3 kiseki-server[18258]: 2026-05-07T19:10:56.348686Z  INFO openraft::engine::handler::vote_handler: vote is changing from <T0-N3:-> to <T10-N1:->
May 07 19:10:56 kiseki-storage-3 kiseki-server[18258]: 2026-05-07T19:10:56.348692Z  INFO openraft::engine::engine_impl: handle vote request result: req: {vote:<T10-N1:->, last_log:T0-N1.0}, result: Ok(())
May 07 19:10:56 kiseki-storage-3 kiseki-server[18258]: 2026-05-07T19:10:56.349708Z  INFO openraft::core::raft_core: received Notification::VoteResponse: openraft::core::raft_core::RaftCore<_, _, _, _>::handle_notification, now: 19:10:56.349706, resp: {<T10-N1:->, last_log:None}
May 07 19:10:56 kiseki-storage-3 kiseki-server[18258]: 2026-05-07T19:10:56.351414Z  INFO openraft::engine::handler::vote_handler: vote is changing from <T10-N1:-> to <T10-N1:Q>
May 07 19:10:57 kiseki-storage-3 kiseki-server[18258]: 2026-05-07T19:10:57.120296Z  INFO openraft::raft::api::protocol: Raft::vote(): rpc: {vote:<T8-N1:->, last_log:T0-N1.0}
May 07 19:10:57 kiseki-storage-3 kiseki-server[18258]: 2026-05-07T19:10:57.120341Z  INFO openraft::core::raft_core: received RaftMsg::RequestVote: openraft::core::raft_core::RaftCore<_, _, _, _>::handle_api_msg, now: 19:10:57.120338, vote_request: {vote:<T8-N1:->, last_log:T0-N1.0}
May 07 19:10:57 kiseki-storage-3 kiseki-server[18258]: 2026-05-07T19:10:57.120354Z  INFO openraft::core::raft_core: openraft::core::raft_core::RaftCore<_, _, _, _>::handle_vote_request: req: {vote:<T8-N1:->, last_log:T0-N1.0}
May 07 19:10:57 kiseki-storage-3 kiseki-server[18258]: 2026-05-07T19:10:57.120358Z  INFO openraft::engine::engine_impl: handle vote request: req: {vote:<T8-N1:->, last_log:T0-N1.0}
May 07 19:10:57 kiseki-storage-3 kiseki-server[18258]: 2026-05-07T19:10:57.120361Z  INFO openraft::engine::engine_impl: handle vote request: my_vote: <T0-N3:->, my_last_log_id: None, lease: now: 19:10:57.120358, last_update: 19:10:54.966541(2.153816511s ago), lease: 0ns, expire at: 19:10:54.966541(0ns since now)
May 07 19:10:57 kiseki-storage-3 kiseki-server[18258]: 2026-05-07T19:10:57.120370Z  INFO openraft::engine::handler::vote_handler: vote is changing from <T0-N3:-> to <T8-N1:->
May 07 19:10:57 kiseki-storage-3 kiseki-server[18258]: 2026-05-07T19:10:57.120376Z  INFO openraft::engine::engine_impl: handle vote request result: req: {vote:<T8-N1:->, last_log:T0-N1.0}, result: Ok(())
May 07 19:10:57 kiseki-storage-3 kiseki-server[18258]: 2026-05-07T19:10:57.121326Z  INFO openraft::core::raft_core: received Notification::VoteResponse: openraft::core::raft_core::RaftCore<_, _, _, _>::handle_notification, now: 19:10:57.121324, resp: {<T8-N1:->, last_log:None}
May 07 19:10:57 kiseki-storage-3 kiseki-server[18258]: 2026-05-07T19:10:57.123104Z  INFO openraft::engine::handler::vote_handler: vote is changing from <T8-N1:-> to <T8-N1:Q>
May 07 19:11:55 kiseki-storage-3 kiseki-server[18258]: 2026-05-07T19:11:55.004244Z  INFO kiseki_server::runtime: scrub: periodic check completed
May 07 19:12:55 kiseki-storage-3 kiseki-server[18258]: 2026-05-07T19:12:55.005512Z  INFO kiseki_server::runtime: scrub: periodic check completed
May 07 19:13:55 kiseki-storage-3 kiseki-server[18258]: 2026-05-07T19:13:55.006638Z  INFO kiseki_server::runtime: scrub: periodic check completed
May 07 19:14:47 kiseki-storage-3 kiseki-server[18258]: 2026-05-07T19:14:47.882446Z  INFO kiseki_composition::hydrator: composition hydrator: installed compositions from log applied=2 last_applied=2
May 07 19:14:55 kiseki-storage-3 kiseki-server[18258]: 2026-05-07T19:14:55.007716Z  INFO kiseki_server::runtime: scrub: periodic check completed
May 07 19:15:55 kiseki-storage-3 kiseki-server[18258]: 2026-05-07T19:15:55.008497Z  INFO kiseki_server::runtime: scrub: periodic check completed
May 07 19:16:17 kiseki-storage-3 kiseki-server[18258]: 2026-05-07T19:16:17.141187Z  INFO kiseki_composition::hydrator: composition hydrator: installed compositions from log applied=1 last_applied=3
May 07 19:16:55 kiseki-storage-3 kiseki-server[18258]: 2026-05-07T19:16:55.009189Z  INFO kiseki_server::runtime: scrub: periodic check completed
May 07 19:16:55 kiseki-storage-3 kiseki-server[18258]: 2026-05-07T19:16:55.748491Z  INFO kiseki_composition::hydrator: composition hydrator: installed compositions from log applied=2 last_applied=5
May 07 19:17:08 kiseki-storage-3 kiseki-server[18258]: 2026-05-07T19:17:08.695048Z  INFO kiseki_composition::hydrator: composition hydrator: installed compositions from log applied=1 last_applied=6
May 07 19:17:10 kiseki-storage-3 kiseki-server[18258]: 2026-05-07T19:17:10.008994Z  INFO kiseki_composition::hydrator: composition hydrator: installed compositions from log applied=1 last_applied=7
May 07 19:17:13 kiseki-storage-3 kiseki-server[18258]: 2026-05-07T19:17:13.041603Z  INFO kiseki_composition::hydrator: composition hydrator: installed compositions from log applied=1 last_applied=8
May 07 19:17:46 kiseki-storage-3 kiseki-server[18258]: 2026-05-07T19:17:46.695814Z  INFO kiseki_composition::hydrator: composition hydrator: installed compositions from log applied=1 last_applied=9
May 07 19:17:55 kiseki-storage-3 kiseki-server[18258]: 2026-05-07T19:17:55.010172Z  INFO kiseki_server::runtime: scrub: periodic check completed
May 07 19:18:38 kiseki-storage-3 kiseki-server[18258]: 2026-05-07T19:18:38.649477Z  INFO kiseki_composition::hydrator: composition hydrator: installed compositions from log applied=1 last_applied=10
May 07 19:18:55 kiseki-storage-3 kiseki-server[18258]: 2026-05-07T19:18:55.011758Z  INFO kiseki_server::runtime: scrub: periodic check completed
May 07 19:19:00 kiseki-storage-3 kiseki-server[18258]: 2026-05-07T19:19:00.783236Z  INFO kiseki_composition::hydrator: composition hydrator: installed compositions from log applied=1 last_applied=11
May 07 19:19:55 kiseki-storage-3 kiseki-server[18258]: 2026-05-07T19:19:55.012837Z  INFO kiseki_server::runtime: scrub: periodic check completed
May 07 19:20:41 kiseki-storage-3 kiseki-server[18258]: 2026-05-07T19:20:41.445421Z  INFO kiseki_composition::hydrator: composition hydrator: installed compositions from log applied=2 last_applied=13
May 07 19:20:55 kiseki-storage-3 kiseki-server[18258]: 2026-05-07T19:20:55.013702Z  INFO kiseki_server::runtime: scrub: periodic check completed
May 07 19:21:07 kiseki-storage-3 kiseki-server[18258]: 2026-05-07T19:21:07.622675Z  INFO kiseki_composition::hydrator: composition hydrator: installed compositions from log applied=1 last_applied=14
May 07 19:21:07 kiseki-storage-3 kiseki-server[18258]: 2026-05-07T19:21:07.724115Z  INFO kiseki_composition::hydrator: composition hydrator: installed compositions from log applied=1 last_applied=15
May 07 19:21:08 kiseki-storage-3 kiseki-server[18258]: 2026-05-07T19:21:08.027872Z  INFO kiseki_composition::hydrator: composition hydrator: installed compositions from log applied=1 last_applied=16
May 07 19:21:08 kiseki-storage-3 kiseki-server[18258]: 2026-05-07T19:21:08.129439Z  INFO kiseki_composition::hydrator: composition hydrator: installed compositions from log applied=1 last_applied=17
May 07 19:21:08 kiseki-storage-3 kiseki-server[18258]: 2026-05-07T19:21:08.231110Z  INFO kiseki_composition::hydrator: composition hydrator: installed compositions from log applied=1 last_applied=18
May 07 19:21:08 kiseki-storage-3 kiseki-server[18258]: 2026-05-07T19:21:08.333543Z  INFO kiseki_composition::hydrator: composition hydrator: installed compositions from log applied=1 last_applied=19
May 07 19:21:08 kiseki-storage-3 kiseki-server[18258]: 2026-05-07T19:21:08.434696Z  INFO kiseki_composition::hydrator: composition hydrator: installed compositions from log applied=2 last_applied=21
May 07 19:21:08 kiseki-storage-3 kiseki-server[18258]: 2026-05-07T19:21:08.536013Z  INFO kiseki_composition::hydrator: composition hydrator: installed compositions from log applied=2 last_applied=23
May 07 19:21:08 kiseki-storage-3 kiseki-server[18258]: 2026-05-07T19:21:08.638308Z  INFO kiseki_composition::hydrator: composition hydrator: installed compositions from log applied=4 last_applied=27
May 07 19:21:08 kiseki-storage-3 kiseki-server[18258]: 2026-05-07T19:21:08.740746Z  INFO kiseki_composition::hydrator: composition hydrator: installed compositions from log applied=4 last_applied=31
May 07 19:21:08 kiseki-storage-3 kiseki-server[18258]: 2026-05-07T19:21:08.842031Z  INFO kiseki_composition::hydrator: composition hydrator: installed compositions from log applied=4 last_applied=35
May 07 19:21:09 kiseki-storage-3 kiseki-server[18258]: 2026-05-07T19:21:09.145808Z  INFO kiseki_composition::hydrator: composition hydrator: installed compositions from log applied=8 last_applied=43
May 07 19:21:09 kiseki-storage-3 kiseki-server[18258]: 2026-05-07T19:21:09.247142Z  INFO kiseki_composition::hydrator: composition hydrator: installed compositions from log applied=11 last_applied=54
May 07 19:21:09 kiseki-storage-3 kiseki-server[18258]: 2026-05-07T19:21:09.349149Z  INFO kiseki_composition::hydrator: composition hydrator: installed compositions from log applied=4 last_applied=58
May 07 19:21:09 kiseki-storage-3 kiseki-server[18258]: 2026-05-07T19:21:09.451111Z  INFO kiseki_composition::hydrator: composition hydrator: installed compositions from log applied=9 last_applied=67
May 07 19:21:09 kiseki-storage-3 kiseki-server[18258]: 2026-05-07T19:21:09.553462Z  INFO kiseki_composition::hydrator: composition hydrator: installed compositions from log applied=9 last_applied=76
May 07 19:21:09 kiseki-storage-3 kiseki-server[18258]: 2026-05-07T19:21:09.654945Z  INFO kiseki_composition::hydrator: composition hydrator: installed compositions from log applied=8 last_applied=84
May 07 19:21:09 kiseki-storage-3 kiseki-server[18258]: 2026-05-07T19:21:09.756467Z  INFO kiseki_composition::hydrator: composition hydrator: installed compositions from log applied=14 last_applied=98
May 07 19:21:09 kiseki-storage-3 kiseki-server[18258]: 2026-05-07T19:21:09.858672Z  INFO kiseki_composition::hydrator: composition hydrator: installed compositions from log applied=1 last_applied=99
May 07 19:21:10 kiseki-storage-3 kiseki-server[18258]: 2026-05-07T19:21:10.162002Z  INFO kiseki_composition::hydrator: composition hydrator: installed compositions from log applied=2 last_applied=101
May 07 19:21:10 kiseki-storage-3 kiseki-server[18258]: 2026-05-07T19:21:10.264358Z  INFO kiseki_composition::hydrator: composition hydrator: installed compositions from log applied=1 last_applied=102
May 07 19:21:10 kiseki-storage-3 kiseki-server[18258]: 2026-05-07T19:21:10.366582Z  INFO kiseki_composition::hydrator: composition hydrator: installed compositions from log applied=2 last_applied=104
May 07 19:21:10 kiseki-storage-3 kiseki-server[18258]: 2026-05-07T19:21:10.467834Z  INFO kiseki_composition::hydrator: composition hydrator: installed compositions from log applied=6 last_applied=110
May 07 19:21:10 kiseki-storage-3 kiseki-server[18258]: 2026-05-07T19:21:10.569124Z  INFO kiseki_composition::hydrator: composition hydrator: installed compositions from log applied=13 last_applied=123
May 07 19:21:10 kiseki-storage-3 kiseki-server[18258]: 2026-05-07T19:21:10.671485Z  INFO kiseki_composition::hydrator: composition hydrator: installed compositions from log applied=13 last_applied=136
May 07 19:21:10 kiseki-storage-3 kiseki-server[18258]: 2026-05-07T19:21:10.773783Z  INFO kiseki_composition::hydrator: composition hydrator: installed compositions from log applied=7 last_applied=143
May 07 19:21:10 kiseki-storage-3 kiseki-server[18258]: 2026-05-07T19:21:10.874921Z  INFO kiseki_composition::hydrator: composition hydrator: installed compositions from log applied=8 last_applied=151
May 07 19:21:10 kiseki-storage-3 kiseki-server[18258]: 2026-05-07T19:21:10.976268Z  INFO kiseki_composition::hydrator: composition hydrator: installed compositions from log applied=11 last_applied=162
May 07 19:21:11 kiseki-storage-3 kiseki-server[18258]: 2026-05-07T19:21:11.078571Z  INFO kiseki_composition::hydrator: composition hydrator: installed compositions from log applied=12 last_applied=174
May 07 19:21:11 kiseki-storage-3 kiseki-server[18258]: 2026-05-07T19:21:11.180555Z  INFO kiseki_composition::hydrator: composition hydrator: installed compositions from log applied=12 last_applied=186
May 07 19:21:11 kiseki-storage-3 kiseki-server[18258]: 2026-05-07T19:21:11.282698Z  INFO kiseki_composition::hydrator: composition hydrator: installed compositions from log applied=5 last_applied=191
May 07 19:21:11 kiseki-storage-3 kiseki-server[18258]: 2026-05-07T19:21:11.383904Z  INFO kiseki_composition::hydrator: composition hydrator: installed compositions from log applied=9 last_applied=200
May 07 19:21:11 kiseki-storage-3 kiseki-server[18258]: 2026-05-07T19:21:11.485276Z  INFO kiseki_composition::hydrator: composition hydrator: installed compositions from log applied=3 last_applied=203
May 07 19:21:11 kiseki-storage-3 kiseki-server[18258]: 2026-05-07T19:21:11.587462Z  INFO kiseki_composition::hydrator: composition hydrator: installed compositions from log applied=13 last_applied=216
May 07 19:21:11 kiseki-storage-3 kiseki-server[18258]: 2026-05-07T19:21:11.688896Z  INFO kiseki_composition::hydrator: composition hydrator: installed compositions from log applied=14 last_applied=230
May 07 19:21:11 kiseki-storage-3 kiseki-server[18258]: 2026-05-07T19:21:11.790208Z  INFO kiseki_composition::hydrator: composition hydrator: installed compositions from log applied=8 last_applied=238
May 07 19:21:11 kiseki-storage-3 kiseki-server[18258]: 2026-05-07T19:21:11.892383Z  INFO kiseki_composition::hydrator: composition hydrator: installed compositions from log applied=8 last_applied=246
May 07 19:21:11 kiseki-storage-3 kiseki-server[18258]: 2026-05-07T19:21:11.994573Z  INFO kiseki_composition::hydrator: composition hydrator: installed compositions from log applied=13 last_applied=259
May 07 19:21:12 kiseki-storage-3 kiseki-server[18258]: 2026-05-07T19:21:12.095773Z  INFO kiseki_composition::hydrator: composition hydrator: installed compositions from log applied=10 last_applied=269
May 07 19:21:12 kiseki-storage-3 kiseki-server[18258]: 2026-05-07T19:21:12.196931Z  INFO kiseki_composition::hydrator: composition hydrator: installed compositions from log applied=5 last_applied=274
May 07 19:21:12 kiseki-storage-3 kiseki-server[18258]: 2026-05-07T19:21:12.298441Z  INFO kiseki_composition::hydrator: composition hydrator: installed compositions from log applied=7 last_applied=281
May 07 19:21:12 kiseki-storage-3 kiseki-server[18258]: 2026-05-07T19:21:12.400060Z  INFO kiseki_composition::hydrator: composition hydrator: installed compositions from log applied=16 last_applied=297
May 07 19:21:12 kiseki-storage-3 kiseki-server[18258]: 2026-05-07T19:21:12.502398Z  INFO kiseki_composition::hydrator: composition hydrator: installed compositions from log applied=12 last_applied=309
May 07 19:21:12 kiseki-storage-3 kiseki-server[18258]: 2026-05-07T19:21:12.604590Z  INFO kiseki_composition::hydrator: composition hydrator: installed compositions from log applied=10 last_applied=319
May 07 19:21:12 kiseki-storage-3 kiseki-server[18258]: 2026-05-07T19:21:12.705797Z  INFO kiseki_composition::hydrator: composition hydrator: installed compositions from log applied=18 last_applied=337
May 07 19:21:12 kiseki-storage-3 kiseki-server[18258]: 2026-05-07T19:21:12.807196Z  INFO kiseki_composition::hydrator: composition hydrator: installed compositions from log applied=12 last_applied=349
May 07 19:21:12 kiseki-storage-3 kiseki-server[18258]: 2026-05-07T19:21:12.909114Z  INFO kiseki_composition::hydrator: composition hydrator: installed compositions from log applied=6 last_applied=355
May 07 19:21:13 kiseki-storage-3 kiseki-server[18258]: 2026-05-07T19:21:13.515979Z  INFO kiseki_composition::hydrator: composition hydrator: installed compositions from log applied=3 last_applied=358
May 07 19:21:13 kiseki-storage-3 kiseki-server[18258]: 2026-05-07T19:21:13.617250Z  INFO kiseki_composition::hydrator: composition hydrator: installed compositions from log applied=3 last_applied=361
May 07 19:21:13 kiseki-storage-3 kiseki-server[18258]: 2026-05-07T19:21:13.719420Z  INFO kiseki_composition::hydrator: composition hydrator: installed compositions from log applied=7 last_applied=368
May 07 19:21:13 kiseki-storage-3 kiseki-server[18258]: 2026-05-07T19:21:13.821639Z  INFO kiseki_composition::hydrator: composition hydrator: installed compositions from log applied=4 last_applied=372
May 07 19:21:13 kiseki-storage-3 kiseki-server[18258]: 2026-05-07T19:21:13.922792Z  INFO kiseki_composition::hydrator: composition hydrator: installed compositions from log applied=3 last_applied=375
May 07 19:21:14 kiseki-storage-3 kiseki-server[18258]: 2026-05-07T19:21:14.023974Z  INFO kiseki_composition::hydrator: composition hydrator: installed compositions from log applied=4 last_applied=379
May 07 19:21:14 kiseki-storage-3 kiseki-server[18258]: 2026-05-07T19:21:14.124991Z  INFO kiseki_composition::hydrator: composition hydrator: installed compositions from log applied=5 last_applied=384
May 07 19:21:14 kiseki-storage-3 kiseki-server[18258]: 2026-05-07T19:21:14.227208Z  INFO kiseki_composition::hydrator: composition hydrator: installed compositions from log applied=9 last_applied=393
May 07 19:21:14 kiseki-storage-3 kiseki-server[18258]: 2026-05-07T19:21:14.329314Z  INFO kiseki_composition::hydrator: composition hydrator: installed compositions from log applied=11 last_applied=404
May 07 19:21:14 kiseki-storage-3 kiseki-server[18258]: 2026-05-07T19:21:14.431416Z  INFO kiseki_composition::hydrator: composition hydrator: installed compositions from log applied=6 last_applied=410
May 07 19:21:14 kiseki-storage-3 kiseki-server[18258]: 2026-05-07T19:21:14.533692Z  INFO kiseki_composition::hydrator: composition hydrator: installed compositions from log applied=14 last_applied=424
May 07 19:21:14 kiseki-storage-3 kiseki-server[18258]: 2026-05-07T19:21:14.634821Z  INFO kiseki_composition::hydrator: composition hydrator: installed compositions from log applied=3 last_applied=427
May 07 19:21:14 kiseki-storage-3 kiseki-server[18258]: 2026-05-07T19:21:14.736100Z  INFO kiseki_composition::hydrator: composition hydrator: installed compositions from log applied=10 last_applied=437
May 07 19:21:14 kiseki-storage-3 kiseki-server[18258]: 2026-05-07T19:21:14.838141Z  INFO kiseki_composition::hydrator: composition hydrator: installed compositions from log applied=10 last_applied=447
May 07 19:21:14 kiseki-storage-3 kiseki-server[18258]: 2026-05-07T19:21:14.940338Z  INFO kiseki_composition::hydrator: composition hydrator: installed compositions from log applied=13 last_applied=460
May 07 19:21:15 kiseki-storage-3 kiseki-server[18258]: 2026-05-07T19:21:15.042270Z  INFO kiseki_composition::hydrator: composition hydrator: installed compositions from log applied=18 last_applied=478
May 07 19:21:15 kiseki-storage-3 kiseki-server[18258]: 2026-05-07T19:21:15.144726Z  INFO kiseki_composition::hydrator: composition hydrator: installed compositions from log applied=5 last_applied=483
May 07 19:21:15 kiseki-storage-3 kiseki-server[18258]: 2026-05-07T19:21:15.245975Z  INFO kiseki_composition::hydrator: composition hydrator: installed compositions from log applied=8 last_applied=491
May 07 19:21:15 kiseki-storage-3 kiseki-server[18258]: 2026-05-07T19:21:15.347245Z  INFO kiseki_composition::hydrator: composition hydrator: installed compositions from log applied=5 last_applied=496
May 07 19:21:15 kiseki-storage-3 kiseki-server[18258]: 2026-05-07T19:21:15.449611Z  INFO kiseki_composition::hydrator: composition hydrator: installed compositions from log applied=11 last_applied=507
May 07 19:21:15 kiseki-storage-3 kiseki-server[18258]: 2026-05-07T19:21:15.550793Z  INFO kiseki_composition::hydrator: composition hydrator: installed compositions from log applied=7 last_applied=514
May 07 19:21:15 kiseki-storage-3 kiseki-server[18258]: 2026-05-07T19:21:15.651950Z  INFO kiseki_composition::hydrator: composition hydrator: installed compositions from log applied=13 last_applied=527
May 07 19:21:15 kiseki-storage-3 kiseki-server[18258]: 2026-05-07T19:21:15.753209Z  INFO kiseki_composition::hydrator: composition hydrator: installed compositions from log applied=18 last_applied=545
May 07 19:21:15 kiseki-storage-3 kiseki-server[18258]: 2026-05-07T19:21:15.855424Z  INFO kiseki_composition::hydrator: composition hydrator: installed compositions from log applied=8 last_applied=553
May 07 19:21:15 kiseki-storage-3 kiseki-server[18258]: 2026-05-07T19:21:15.957535Z  INFO kiseki_composition::hydrator: composition hydrator: installed compositions from log applied=7 last_applied=560
May 07 19:21:16 kiseki-storage-3 kiseki-server[18258]: 2026-05-07T19:21:16.059944Z  INFO kiseki_composition::hydrator: composition hydrator: installed compositions from log applied=5 last_applied=565
May 07 19:21:16 kiseki-storage-3 kiseki-server[18258]: 2026-05-07T19:21:16.161104Z  INFO kiseki_composition::hydrator: composition hydrator: installed compositions from log applied=8 last_applied=573
May 07 19:21:16 kiseki-storage-3 kiseki-server[18258]: 2026-05-07T19:21:16.263787Z  INFO kiseki_composition::hydrator: composition hydrator: installed compositions from log applied=12 last_applied=585
May 07 19:21:16 kiseki-storage-3 kiseki-server[18258]: 2026-05-07T19:21:16.365124Z  INFO kiseki_composition::hydrator: composition hydrator: installed compositions from log applied=7 last_applied=592
May 07 19:21:16 kiseki-storage-3 kiseki-server[18258]: 2026-05-07T19:21:16.467569Z  INFO kiseki_composition::hydrator: composition hydrator: installed compositions from log applied=7 last_applied=599
May 07 19:21:16 kiseki-storage-3 kiseki-server[18258]: 2026-05-07T19:21:16.569788Z  INFO kiseki_composition::hydrator: composition hydrator: installed compositions from log applied=9 last_applied=608
May 07 19:21:16 kiseki-storage-3 kiseki-server[18258]: 2026-05-07T19:21:16.671118Z  INFO kiseki_composition::hydrator: composition hydrator: installed compositions from log applied=9 last_applied=617
May 07 19:21:16 kiseki-storage-3 kiseki-server[18258]: 2026-05-07T19:21:16.773568Z  INFO kiseki_composition::hydrator: composition hydrator: installed compositions from log applied=14 last_applied=631
May 07 19:21:16 kiseki-storage-3 kiseki-server[18258]: 2026-05-07T19:21:16.874931Z  INFO kiseki_composition::hydrator: composition hydrator: installed compositions from log applied=9 last_applied=640
May 07 19:21:16 kiseki-storage-3 kiseki-server[18258]: 2026-05-07T19:21:16.976295Z  INFO kiseki_composition::hydrator: composition hydrator: installed compositions from log applied=10 last_applied=650
May 07 19:21:17 kiseki-storage-3 kiseki-server[18258]: 2026-05-07T19:21:17.078398Z  INFO kiseki_composition::hydrator: composition hydrator: installed compositions from log applied=10 last_applied=660
May 07 19:21:17 kiseki-storage-3 kiseki-server[18258]: 2026-05-07T19:21:17.180604Z  INFO kiseki_composition::hydrator: composition hydrator: installed compositions from log applied=11 last_applied=671
May 07 19:21:17 kiseki-storage-3 kiseki-server[18258]: 2026-05-07T19:21:17.282071Z  INFO kiseki_composition::hydrator: composition hydrator: installed compositions from log applied=13 last_applied=684
May 07 19:21:17 kiseki-storage-3 kiseki-server[18258]: 2026-05-07T19:21:17.384206Z  INFO kiseki_composition::hydrator: composition hydrator: installed compositions from log applied=10 last_applied=694
May 07 19:21:17 kiseki-storage-3 kiseki-server[18258]: 2026-05-07T19:21:17.486386Z  INFO kiseki_composition::hydrator: composition hydrator: installed compositions from log applied=12 last_applied=706
May 07 19:21:17 kiseki-storage-3 kiseki-server[18258]: 2026-05-07T19:21:17.588855Z  INFO kiseki_composition::hydrator: composition hydrator: installed compositions from log applied=4 last_applied=710
May 07 19:21:17 kiseki-storage-3 kiseki-server[18258]: 2026-05-07T19:21:17.689971Z  INFO kiseki_composition::hydrator: composition hydrator: installed compositions from log applied=7 last_applied=717
May 07 19:21:17 kiseki-storage-3 kiseki-server[18258]: 2026-05-07T19:21:17.791244Z  INFO kiseki_composition::hydrator: composition hydrator: installed compositions from log applied=11 last_applied=728
May 07 19:21:17 kiseki-storage-3 kiseki-server[18258]: 2026-05-07T19:21:17.893522Z  INFO kiseki_composition::hydrator: composition hydrator: installed compositions from log applied=13 last_applied=741
May 07 19:21:17 kiseki-storage-3 kiseki-server[18258]: 2026-05-07T19:21:17.995780Z  INFO kiseki_composition::hydrator: composition hydrator: installed compositions from log applied=7 last_applied=748
May 07 19:21:18 kiseki-storage-3 kiseki-server[18258]: 2026-05-07T19:21:18.097394Z  INFO kiseki_composition::hydrator: composition hydrator: installed compositions from log applied=18 last_applied=766
May 07 19:21:18 kiseki-storage-3 kiseki-server[18258]: 2026-05-07T19:21:18.199524Z  INFO kiseki_composition::hydrator: composition hydrator: installed compositions from log applied=6 last_applied=772
May 07 19:21:18 kiseki-storage-3 kiseki-server[18258]: 2026-05-07T19:21:18.300924Z  INFO kiseki_composition::hydrator: composition hydrator: installed compositions from log applied=16 last_applied=788
May 07 19:21:18 kiseki-storage-3 kiseki-server[18258]: 2026-05-07T19:21:18.402091Z  INFO kiseki_composition::hydrator: composition hydrator: installed compositions from log applied=10 last_applied=798
May 07 19:21:18 kiseki-storage-3 kiseki-server[18258]: 2026-05-07T19:21:18.504380Z  INFO kiseki_composition::hydrator: composition hydrator: installed compositions from log applied=15 last_applied=813
May 07 19:21:18 kiseki-storage-3 kiseki-server[18258]: 2026-05-07T19:21:18.606380Z  INFO kiseki_composition::hydrator: composition hydrator: installed compositions from log applied=13 last_applied=826
May 07 19:21:18 kiseki-storage-3 kiseki-server[18258]: 2026-05-07T19:21:18.708743Z  INFO kiseki_composition::hydrator: composition hydrator: installed compositions from log applied=18 last_applied=844
May 07 19:21:18 kiseki-storage-3 kiseki-server[18258]: 2026-05-07T19:21:18.810350Z  INFO kiseki_composition::hydrator: composition hydrator: installed compositions from log applied=15 last_applied=859
May 07 19:21:18 kiseki-storage-3 kiseki-server[18258]: 2026-05-07T19:21:18.912728Z  INFO kiseki_composition::hydrator: composition hydrator: installed compositions from log applied=7 last_applied=866
May 07 19:21:19 kiseki-storage-3 kiseki-server[18258]: 2026-05-07T19:21:19.014292Z  INFO kiseki_composition::hydrator: composition hydrator: installed compositions from log applied=1 last_applied=867
May 07 19:21:55 kiseki-storage-3 kiseki-server[18258]: 2026-05-07T19:21:55.014453Z  INFO kiseki_server::runtime: scrub: periodic check completed
May 07 19:22:55 kiseki-storage-3 kiseki-server[18258]: 2026-05-07T19:22:55.015241Z  INFO kiseki_server::runtime: scrub: periodic check completed
May 07 19:23:55 kiseki-storage-3 kiseki-server[18258]: 2026-05-07T19:23:55.016848Z  INFO kiseki_server::runtime: scrub: periodic check completed
May 07 19:24:55 kiseki-storage-3 kiseki-server[18258]: 2026-05-07T19:24:55.017719Z  INFO kiseki_server::runtime: scrub: periodic check completed
May 07 19:25:55 kiseki-storage-3 kiseki-server[18258]: 2026-05-07T19:25:55.018799Z  INFO kiseki_server::runtime: scrub: periodic check completed
May 07 19:26:55 kiseki-storage-3 kiseki-server[18258]: 2026-05-07T19:26:55.019096Z  INFO kiseki_server::runtime: scrub: periodic check completed
May 07 19:27:55 kiseki-storage-3 kiseki-server[18258]: 2026-05-07T19:27:55.020070Z  INFO kiseki_server::runtime: scrub: periodic check completed
May 07 19:28:55 kiseki-storage-3 kiseki-server[18258]: 2026-05-07T19:28:55.021870Z  INFO kiseki_server::runtime: scrub: periodic check completed
May 07 19:29:55 kiseki-storage-3 kiseki-server[18258]: 2026-05-07T19:29:55.022940Z  INFO kiseki_server::runtime: scrub: periodic check completed
May 07 19:30:55 kiseki-storage-3 kiseki-server[18258]: 2026-05-07T19:30:55.023189Z  INFO kiseki_server::runtime: scrub: periodic check completed
May 07 19:31:55 kiseki-storage-3 kiseki-server[18258]: 2026-05-07T19:31:55.024692Z  INFO kiseki_server::runtime: scrub: periodic check completed
May 07 19:32:55 kiseki-storage-3 kiseki-server[18258]: 2026-05-07T19:32:55.025867Z  INFO kiseki_server::runtime: scrub: periodic check completed
May 07 19:33:55 kiseki-storage-3 kiseki-server[18258]: 2026-05-07T19:33:55.026784Z  INFO kiseki_server::runtime: scrub: periodic check completed
May 07 19:34:55 kiseki-storage-3 kiseki-server[18258]: 2026-05-07T19:34:55.027844Z  INFO kiseki_server::runtime: scrub: periodic check completed
