May 09 08:36:38 kiseki-storage-2 systemd[1]: Started Kiseki Storage Server (node 2, nvme).
May 09 08:36:38 kiseki-storage-2 kiseki-server[19037]: 2026-05-09T08:36:38.984810Z  INFO kiseki_server: kiseki-server starting data_addr=0.0.0.0:9100 advisory_addr=0.0.0.0:9101
May 09 08:36:38 kiseki-storage-2 kiseki-server[19037]: 2026-05-09T08:36:38.984956Z  WARN kiseki_server::runtime: advisory gRPC listening (PLAINTEXT — development only) addr=0.0.0.0:9101
May 09 08:36:38 kiseki-storage-2 kiseki-server[19037]: 2026-05-09T08:36:38.985125Z  INFO run_advisory_stream_server{addr=0.0.0.0:9102}: kiseki_advisory::stream: advisory TCP stream server listening addr=0.0.0.0:9102
May 09 08:36:38 kiseki-storage-2 kiseki-server[19037]: 2026-05-09T08:36:38.986058Z  INFO kiseki_server::runtime: system disk detected media_type=Nvme total_gb=49 soft_limit_gb=24 budget_gb=20
May 09 08:36:38 kiseki-storage-2 kiseki-server[19037]: 2026-05-09T08:36:38.986085Z  INFO kiseki_server::runtime: node identity configured node_id=2 peers=3 raft_addr=Some(10.0.0.11:9300)
May 09 08:36:39 kiseki-storage-2 kiseki-server[19037]: 2026-05-09T08:36:39.015143Z  INFO kiseki_server::runtime: key store at-rest identity source="file"
May 09 08:36:39 kiseki-storage-2 kiseki-server[19037]: 2026-05-09T08:36:39.015256Z  INFO fjall::db: Creating database at /var/lib/kiseki/keys/epochs
May 09 08:36:39 kiseki-storage-2 kiseki-server[19037]: 2026-05-09T08:36:39.022525Z  INFO lsm_tree::tree::ingest: Finished ingestion writer
May 09 08:36:39 kiseki-storage-2 kiseki-server[19037]: 2026-05-09T08:36:39.026700Z  INFO lsm_tree::tree::ingest: Finished ingestion writer
May 09 08:36:39 kiseki-storage-2 kiseki-server[19037]: 2026-05-09T08:36:39.029177Z  INFO kiseki_server::runtime: key manager: persistent (fjall) ready epoch=1
May 09 08:36:39 kiseki-storage-2 kiseki-server[19037]: 2026-05-09T08:36:39.031579Z  INFO kiseki_server::runtime: small object store: persistent (redb) path=/var/lib/kiseki
May 09 08:36:39 kiseki-storage-2 kiseki-server[19037]: 2026-05-09T08:36:39.031784Z  INFO kiseki_log::raft_shard_store: Raft runtime threads=64
May 09 08:36:39 kiseki-storage-2 kiseki-server[19037]: 2026-05-09T08:36:39.034174Z  INFO kiseki_log::raft_shard_store: Raft RPC listener spawned (multiplexed, ADR-041) addr=10.0.0.11:9300
May 09 08:36:39 kiseki-storage-2 kiseki-server[19037]: 2026-05-09T08:36:39.034291Z  WARN kiseki_raft::tcp_transport: Raft RPC listener started (plaintext — dev mode, multiplexed) addr=10.0.0.11:9300
May 09 08:36:39 kiseki-storage-2 kiseki-server[19037]: 2026-05-09T08:36:39.034389Z  INFO fjall::db: Creating database at /var/lib/kiseki/raft/shard-00000000-0000-0000-0000-000000000001
May 09 08:36:39 kiseki-storage-2 kiseki-server[19037]: 2026-05-09T08:36:39.039079Z  INFO lsm_tree::tree::ingest: Finished ingestion writer
May 09 08:36:39 kiseki-storage-2 kiseki-server[19037]: 2026-05-09T08:36:39.043313Z  INFO lsm_tree::tree::ingest: Finished ingestion writer
May 09 08:36:39 kiseki-storage-2 kiseki-server[19037]: 2026-05-09T08:36:39.044545Z  INFO openraft::storage::helper: get_initial_state: vote: <T0-N2:->, last_purged_log_id: None, last_applied: None, committed: None, last_log_id: None
May 09 08:36:39 kiseki-storage-2 kiseki-server[19037]: 2026-05-09T08:36:39.044557Z  INFO openraft::storage::helper: load membership from log: [0..0)
May 09 08:36:39 kiseki-storage-2 kiseki-server[19037]: 2026-05-09T08:36:39.044568Z  INFO openraft::storage::helper: load key log ids from (None,None]
May 09 08:36:39 kiseki-storage-2 kiseki-server[19037]: 2026-05-09T08:36:39.054043Z  INFO openraft::engine::engine_impl: startup begin: state: RaftState { vote: Leased { data: Vote { leader_id: LeaderId { term: 0, node_id: 2 }, committed: false }, last_update: Some(TokioInstant(Instant { tv_sec: 62, tv_nsec: 614505800 })), lease: 0ns, lease_enabled: true }, log_ids: LogIdList { purged: None, key_log_ids: [] }, membership_state: MembershipState { committed: EffectiveMembership { log_id: None, membership: Membership { configs: [], nodes: {} }, voter_ids: {} }, effective: EffectiveMembership { log_id: None, membership: Membership { configs: [], nodes: {} }, voter_ids: {} } }, snapshot_meta: SnapshotMeta { last_log_id: None, last_membership: StoredMembership { log_id: None, membership: Membership { configs: [], nodes: {} } }, snapshot_id: "" }, last_inflight_id: 0, server_state: Learner, io_state: IOState { building_snapshot: false, log_progress: IOProgress { accepted: Some(Vote(UncommittedVote { leader_id: LeaderId { term: 0, node_id: 2 } })), submitted: Some(Vote(UncommittedVote { leader_id: LeaderId { term: 0, node_id: 2 } })), flushed: Some(Vote(UncommittedVote { leader_id: LeaderId { term: 0, node_id: 2 } })), id: "2", name: "LogIO" }, apply_progress: IOProgress { accepted: None, submitted: None, flushed: None, id: "2", name: "Apply" }, snapshot: IOProgress { accepted: None, submitted: None, flushed: None, id: "2", name: "Snapshot" }, cluster_committed: MonotonicIncrease { value: None }, purged: None }, purge_upto: None, progress_id_gen: SharedIdGenerator { next_id: 1 } }, is_leader: false, is_voter: false
May 09 08:36:39 kiseki-storage-2 kiseki-server[19037]: 2026-05-09T08:36:39.054084Z  INFO kiseki_log::raft_shard_store: shard registered with Raft RPC listener shard_id=00000000-0000-0000-0000-000000000001
May 09 08:36:39 kiseki-storage-2 kiseki-server[19037]: 2026-05-09T08:36:39.054090Z  INFO openraft::engine::engine_impl: startup done, id=2, target_state: Learner
May 09 08:36:39 kiseki-storage-2 kiseki-server[19037]: 2026-05-09T08:36:39.054099Z  INFO kiseki_server::runtime: log store: Raft node_id=2 peers=3
May 09 08:36:39 kiseki-storage-2 kiseki-server[19037]: 2026-05-09T08:36:39.054285Z  INFO fjall::db: Creating database at /var/lib/kiseki/raft/cluster_control
May 09 08:36:39 kiseki-storage-2 kiseki-server[19037]: 2026-05-09T08:36:39.059000Z  INFO lsm_tree::tree::ingest: Finished ingestion writer
May 09 08:36:39 kiseki-storage-2 kiseki-server[19037]: 2026-05-09T08:36:39.063024Z  INFO lsm_tree::tree::ingest: Finished ingestion writer
May 09 08:36:39 kiseki-storage-2 kiseki-server[19037]: 2026-05-09T08:36:39.064205Z  INFO openraft::storage::helper: get_initial_state: vote: <T0-N2:->, last_purged_log_id: None, last_applied: None, committed: None, last_log_id: None
May 09 08:36:39 kiseki-storage-2 kiseki-server[19037]: 2026-05-09T08:36:39.064224Z  INFO openraft::storage::helper: load membership from log: [0..0)
May 09 08:36:39 kiseki-storage-2 kiseki-server[19037]: 2026-05-09T08:36:39.064232Z  INFO openraft::storage::helper: load key log ids from (None,None]
May 09 08:36:39 kiseki-storage-2 kiseki-server[19037]: 2026-05-09T08:36:39.064310Z  INFO openraft::engine::engine_impl: startup begin: state: RaftState { vote: Leased { data: Vote { leader_id: LeaderId { term: 0, node_id: 2 }, committed: false }, last_update: Some(TokioInstant(Instant { tv_sec: 62, tv_nsec: 634170070 })), lease: 0ns, lease_enabled: true }, log_ids: LogIdList { purged: None, key_log_ids: [] }, membership_state: MembershipState { committed: EffectiveMembership { log_id: None, membership: Membership { configs: [], nodes: {} }, voter_ids: {} }, effective: EffectiveMembership { log_id: None, membership: Membership { configs: [], nodes: {} }, voter_ids: {} } }, snapshot_meta: SnapshotMeta { last_log_id: None, last_membership: StoredMembership { log_id: None, membership: Membership { configs: [], nodes: {} } }, snapshot_id: "" }, last_inflight_id: 0, server_state: Learner, io_state: IOState { building_snapshot: false, log_progress: IOProgress { accepted: Some(Vote(UncommittedVote { leader_id: LeaderId { term: 0, node_id: 2 } })), submitted: Some(Vote(UncommittedVote { leader_id: LeaderId { term: 0, node_id: 2 } })), flushed: Some(Vote(UncommittedVote { leader_id: LeaderId { term: 0, node_id: 2 } })), id: "2", name: "LogIO" }, apply_progress: IOProgress { accepted: None, submitted: None, flushed: None, id: "2", name: "Apply" }, snapshot: IOProgress { accepted: None, submitted: None, flushed: None, id: "2", name: "Snapshot" }, cluster_committed: MonotonicIncrease { value: None }, purged: None }, purge_upto: None, progress_id_gen: SharedIdGenerator { next_id: 1 } }, is_leader: false, is_voter: false
May 09 08:36:39 kiseki-storage-2 kiseki-server[19037]: 2026-05-09T08:36:39.064345Z  INFO openraft::engine::engine_impl: startup done, id=2, target_state: Learner
May 09 08:36:39 kiseki-storage-2 kiseki-server[19037]: 2026-05-09T08:36:39.064352Z  INFO kiseki_server::runtime: control-plane Raft group: up (ADR-033 §4) node_id=2 peers=3
May 09 08:36:39 kiseki-storage-2 kiseki-server[19037]: 2026-05-09T08:36:39.064369Z  INFO kiseki_server::runtime: audit log: in-memory events=0
May 09 08:36:39 kiseki-storage-2 kiseki-server[19037]: 2026-05-09T08:36:39.066641Z  INFO fjall::db: Creating database at /var/lib/kiseki/chunks/meta
May 09 08:36:39 kiseki-storage-2 kiseki-server[19037]: 2026-05-09T08:36:39.070880Z  INFO lsm_tree::tree::ingest: Finished ingestion writer
May 09 08:36:39 kiseki-storage-2 kiseki-server[19037]: 2026-05-09T08:36:39.074698Z  INFO lsm_tree::tree::ingest: Finished ingestion writer
May 09 08:36:39 kiseki-storage-2 kiseki-server[19037]: 2026-05-09T08:36:39.075705Z  INFO kiseki_server::runtime: chunk store: persistent (raw block, group commit) path=/var/lib/kiseki flush_interval_ms=100
May 09 08:36:39 kiseki-storage-2 kiseki-server[19037]: 2026-05-09T08:36:39.075734Z  INFO kiseki_server::runtime: fabric peer registered for cross-node chunks peer_id=1 fabric_addr="10.0.0.10:9100"
May 09 08:36:39 kiseki-storage-2 kiseki-server[19037]: 2026-05-09T08:36:39.075745Z  INFO kiseki_server::runtime: fabric peer registered for cross-node chunks peer_id=3 fabric_addr="10.0.0.12:9100"
May 09 08:36:39 kiseki-storage-2 kiseki-server[19037]: 2026-05-09T08:36:39.075748Z  INFO kiseki_server::runtime: cross-node chunk replication enabled (Phase 16a) peers=2
May 09 08:36:39 kiseki-storage-2 kiseki-server[19037]: 2026-05-09T08:36:39.075752Z  INFO kiseki_server::runtime: cluster durability defaults cluster_size=3 copies=3 min_acks=2 strategy=Replication { copies: 3 }
May 09 08:36:39 kiseki-storage-2 kiseki-server[19037]: 2026-05-09T08:36:39.075761Z  INFO kiseki_server::runtime: scrub scheduler: spawned (orphan + under-replication, 10-min cadence, drain-on-shutdown)
May 09 08:36:39 kiseki-storage-2 kiseki-server[19037]: 2026-05-09T08:36:39.075764Z  INFO kiseki_server::runtime: raw block devices configured devices=8
May 09 08:36:39 kiseki-storage-2 kiseki-server[19037]: 2026-05-09T08:36:39.075815Z  INFO kiseki_server::runtime: raw device detected device="/dev/disk/by-id/google-local-nvme-ssd-0"
May 09 08:36:39 kiseki-storage-2 kiseki-server[19037]: 2026-05-09T08:36:39.075824Z  INFO kiseki_server::runtime: raw device detected device="/dev/disk/by-id/google-local-nvme-ssd-1"
May 09 08:36:39 kiseki-storage-2 kiseki-server[19037]: 2026-05-09T08:36:39.075830Z  INFO kiseki_server::runtime: raw device detected device="/dev/disk/by-id/google-local-nvme-ssd-2"
May 09 08:36:39 kiseki-storage-2 kiseki-server[19037]: 2026-05-09T08:36:39.075834Z  INFO kiseki_server::runtime: raw device detected device="/dev/disk/by-id/google-local-nvme-ssd-3"
May 09 08:36:39 kiseki-storage-2 kiseki-server[19037]: 2026-05-09T08:36:39.075839Z  INFO kiseki_server::runtime: raw device detected device="/dev/disk/by-id/google-local-nvme-ssd-4"
May 09 08:36:39 kiseki-storage-2 kiseki-server[19037]: 2026-05-09T08:36:39.075844Z  INFO kiseki_server::runtime: raw device detected device="/dev/disk/by-id/google-local-nvme-ssd-5"
May 09 08:36:39 kiseki-storage-2 kiseki-server[19037]: 2026-05-09T08:36:39.075849Z  INFO kiseki_server::runtime: raw device detected device="/dev/disk/by-id/google-local-nvme-ssd-6"
May 09 08:36:39 kiseki-storage-2 kiseki-server[19037]: 2026-05-09T08:36:39.075853Z  INFO kiseki_server::runtime: raw device detected device="/dev/disk/by-id/google-local-nvme-ssd-7"
May 09 08:36:39 kiseki-storage-2 kiseki-server[19037]: 2026-05-09T08:36:39.075915Z  INFO fjall::db: Creating database at /var/lib/kiseki/metadata/compositions
May 09 08:36:39 kiseki-storage-2 kiseki-server[19037]: 2026-05-09T08:36:39.076857Z  INFO kiseki_chunk_cluster::scrub_scheduler: scrub scheduler: shutdown received, draining
May 09 08:36:39 kiseki-storage-2 kiseki-server[19037]: 2026-05-09T08:36:39.080099Z  INFO lsm_tree::tree::ingest: Finished ingestion writer
May 09 08:36:39 kiseki-storage-2 kiseki-server[19037]: 2026-05-09T08:36:39.084277Z  INFO lsm_tree::tree::ingest: Finished ingestion writer
May 09 08:36:39 kiseki-storage-2 kiseki-server[19037]: 2026-05-09T08:36:39.087275Z  INFO lsm_tree::tree::ingest: Finished ingestion writer
May 09 08:36:39 kiseki-storage-2 kiseki-server[19037]: 2026-05-09T08:36:39.091685Z  INFO lsm_tree::tree::ingest: Finished ingestion writer
May 09 08:36:39 kiseki-storage-2 kiseki-server[19037]: 2026-05-09T08:36:39.093147Z  INFO kiseki_server::runtime: composition store: persistent (fjall, eventual durability) path=/var/lib/kiseki/metadata/compositions interval_ms=100
May 09 08:36:39 kiseki-storage-2 kiseki-server[19037]: 2026-05-09T08:36:39.095359Z  INFO kiseki_server::runtime: view store: persistent (redb-backed, ADR-040) path=/var/lib/kiseki/metadata/views.redb
May 09 08:36:39 kiseki-storage-2 kiseki-server[19037]: 2026-05-09T08:36:39.095932Z  INFO kiseki_server::runtime: bootstrap: namespace 'default' + view installed (Raft follower; will hydrate compositions from log)
May 09 08:36:39 kiseki-storage-2 kiseki-server[19037]: 2026-05-09T08:36:39.095962Z  INFO kiseki_server::runtime: inline write path disabled in multi-node cluster — small writes go through fabric (Phase 16a)
May 09 08:36:39 kiseki-storage-2 kiseki-server[19037]: 2026-05-09T08:36:39.095970Z  INFO kiseki_server::runtime: fsync hook: composition store (fjall) registered
May 09 08:36:39 kiseki-storage-2 kiseki-server[19037]: 2026-05-09T08:36:39.095973Z  INFO kiseki_server::runtime: fsync hook: chunk-store device registered
May 09 08:36:39 kiseki-storage-2 kiseki-server[19037]: 2026-05-09T08:36:39.096020Z  WARN kiseki::nfs::security: NFS path is PLAINTEXT — fh4s and data are observable on the network. Mitigations: VPC isolation, firewall ingress restrictions. Compliance: this configuration violates I-PN7-default and is acceptable only with documented compensating controls.
May 09 08:36:39 kiseki-storage-2 kiseki-server[19037]: 2026-05-09T08:36:39.096030Z  INFO kiseki_server::runtime: NFS transport posture mode=Plaintext layout_ttl_seconds=60
May 09 08:36:39 kiseki-storage-2 kiseki-server[19037]: 2026-05-09T08:36:39.096114Z  WARN kiseki_gateway::s3_server: S3 HTTP gateway listening (PLAINTEXT — development only) addr=0.0.0.0:9000
May 09 08:36:39 kiseki-storage-2 kiseki-server[19037]: 2026-05-09T08:36:39.096126Z  INFO kiseki_server::runtime: portmapper listening (NFS3 + MOUNT3 → NFS port) addr=0.0.0.0:111 advertised_nfs_port=2049
May 09 08:36:39 kiseki-storage-2 kiseki-server[19037]: 2026-05-09T08:36:39.096134Z  INFO kiseki_gateway::nfs_server: NFS server listening (NFSv3 + NFSv4.2) addr=0.0.0.0:2049
May 09 08:36:39 kiseki-storage-2 kiseki-server[19037]: 2026-05-09T08:36:39.096201Z  INFO kiseki_server::runtime: pNFS DS listener spawned addr=0.0.0.0:2052
May 09 08:36:39 kiseki-storage-2 kiseki-server[19037]: 2026-05-09T08:36:39.096208Z  INFO kiseki_server::runtime: composition hydrator spawned (Phase 16f — followers consume create-deltas)
May 09 08:36:39 kiseki-storage-2 kiseki-server[19037]: 2026-05-09T08:36:39.096215Z  INFO kiseki_server::runtime: backup: disabled (set KISEKI_BACKUP_BACKEND=fs|s3 to enable)
May 09 08:36:39 kiseki-storage-2 kiseki-server[19037]: 2026-05-09T08:36:39.096218Z  INFO kiseki_server::runtime: control plane: in-process (ControlService on data-path gRPC)
May 09 08:36:39 kiseki-storage-2 kiseki-server[19037]: 2026-05-09T08:36:39.096253Z  INFO kiseki_server::metrics: metrics + admin UI server listening addr=0.0.0.0:9090
May 09 08:36:39 kiseki-storage-2 kiseki-server[19037]: 2026-05-09T08:36:39.096264Z  INFO kiseki_gateway::pnfs_ds_server: pNFS DS listening addr=0.0.0.0:2052 tls=false
May 09 08:36:39 kiseki-storage-2 kiseki-server[19037]: 2026-05-09T08:36:39.098531Z  INFO kiseki_server::runtime: tuning store: persistent (redb) path=/var/lib/kiseki/tuning
May 09 08:36:39 kiseki-storage-2 kiseki-server[19037]: 2026-05-09T08:36:39.098767Z  WARN kiseki_server::runtime: data-path gRPC listening (PLAINTEXT — development only) addr=0.0.0.0:9100
May 09 08:36:39 kiseki-storage-2 kiseki-server[19037]: 2026-05-09T08:36:39.098800Z  WARN kiseki_server::runtime: ClusterChunkService: NO SAN interceptor (plaintext development mode — cross-node fabric is not protected against tenant certs)
May 09 08:36:39 kiseki-storage-2 kiseki-server[19037]: 2026-05-09T08:36:39.098828Z  INFO kiseki_server::runtime: [transport.native] available bindings (in priority order):
May 09 08:36:39 kiseki-storage-2 kiseki-server[19037]: 2026-05-09T08:36:39.098834Z  INFO kiseki_server::runtime:   1. tcp-framed       (latency_class=Low, addr=0.0.0.0:9103)
May 09 08:36:39 kiseki-storage-2 kiseki-server[19037]: 2026-05-09T08:36:39.098837Z  INFO kiseki_server::runtime:   2. grpc-h2          (latency_class=Standard, addr=0.0.0.0:9100)
May 09 08:36:39 kiseki-storage-2 kiseki-server[19037]: 2026-05-09T08:36:39.098839Z  INFO kiseki_server::runtime: [transport.native] override available via KISEKI_NATIVE_TRANSPORT={grpc|tcp|ibverbs|libfabric|auto}
May 09 08:36:39 kiseki-storage-2 kiseki-server[19037]: 2026-05-09T08:36:39.098855Z  INFO kiseki_server::runtime: TCP-framed native binding registered (ADR-042 §2.2) addr=0.0.0.0:9103 require_tls=false
May 09 08:36:39 kiseki-storage-2 kiseki-server[19037]: 2026-05-09T08:36:39.098863Z  INFO kiseki_server::runtime: gRPC native binding registered on shared data_addr (ADR-042 §2.1) require_tls=false
May 09 08:36:39 kiseki-storage-2 kiseki-server[19037]: 2026-05-09T08:36:39.098948Z  WARN kiseki_gateway::native::tcp_framed::listener: TCP-framed native binding listening (plaintext — dev mode; connections see synthetic 'dev' SAN) addr=0.0.0.0:9103
May 09 08:36:41 kiseki-storage-2 kiseki-server[19037]: 2026-05-09T08:36:41.496493Z  INFO openraft::raft::api::protocol: Raft::vote(): rpc: {vote:<T3-N1:->, last_log:T0-N1.0}
May 09 08:36:41 kiseki-storage-2 kiseki-server[19037]: 2026-05-09T08:36:41.496537Z  INFO openraft::core::raft_core: received RaftMsg::RequestVote: openraft::core::raft_core::RaftCore<_, _, _, _>::handle_api_msg, now: 08:36:41.496535, vote_request: {vote:<T3-N1:->, last_log:T0-N1.0}
May 09 08:36:41 kiseki-storage-2 kiseki-server[19037]: 2026-05-09T08:36:41.496583Z  INFO openraft::core::raft_core: openraft::core::raft_core::RaftCore<_, _, _, _>::handle_vote_request: req: {vote:<T3-N1:->, last_log:T0-N1.0}
May 09 08:36:41 kiseki-storage-2 kiseki-server[19037]: 2026-05-09T08:36:41.496588Z  INFO openraft::engine::engine_impl: handle vote request: req: {vote:<T3-N1:->, last_log:T0-N1.0}
May 09 08:36:41 kiseki-storage-2 kiseki-server[19037]: 2026-05-09T08:36:41.496590Z  INFO openraft::engine::engine_impl: handle vote request: my_vote: <T0-N2:->, my_last_log_id: None, lease: now: 08:36:41.496587, last_update: 08:36:39.044571(2.452015967s ago), lease: 0ns, expire at: 08:36:39.044571(0ns since now)
May 09 08:36:41 kiseki-storage-2 kiseki-server[19037]: 2026-05-09T08:36:41.496599Z  INFO openraft::engine::handler::vote_handler: vote is changing from <T0-N2:-> to <T3-N1:->
May 09 08:36:41 kiseki-storage-2 kiseki-server[19037]: 2026-05-09T08:36:41.496606Z  INFO openraft::engine::engine_impl: handle vote request result: req: {vote:<T3-N1:->, last_log:T0-N1.0}, result: Ok(())
May 09 08:36:41 kiseki-storage-2 kiseki-server[19037]: 2026-05-09T08:36:41.497319Z  INFO openraft::core::raft_core: received Notification::VoteResponse: openraft::core::raft_core::RaftCore<_, _, _, _>::handle_notification, now: 08:36:41.497318, resp: {<T3-N1:->, last_log:None}
May 09 08:36:41 kiseki-storage-2 kiseki-server[19037]: 2026-05-09T08:36:41.498840Z  INFO openraft::engine::handler::vote_handler: vote is changing from <T3-N1:-> to <T3-N1:Q>
May 09 08:36:41 kiseki-storage-2 kiseki-server[19037]: 2026-05-09T08:36:41.518469Z  INFO openraft::raft::api::protocol: Raft::vote(): rpc: {vote:<T3-N1:->, last_log:T0-N1.0}
May 09 08:36:41 kiseki-storage-2 kiseki-server[19037]: 2026-05-09T08:36:41.518510Z  INFO openraft::core::raft_core: received RaftMsg::RequestVote: openraft::core::raft_core::RaftCore<_, _, _, _>::handle_api_msg, now: 08:36:41.518507, vote_request: {vote:<T3-N1:->, last_log:T0-N1.0}
May 09 08:36:41 kiseki-storage-2 kiseki-server[19037]: 2026-05-09T08:36:41.518543Z  INFO openraft::core::raft_core: openraft::core::raft_core::RaftCore<_, _, _, _>::handle_vote_request: req: {vote:<T3-N1:->, last_log:T0-N1.0}
May 09 08:36:41 kiseki-storage-2 kiseki-server[19037]: 2026-05-09T08:36:41.518548Z  INFO openraft::engine::engine_impl: handle vote request: req: {vote:<T3-N1:->, last_log:T0-N1.0}
May 09 08:36:41 kiseki-storage-2 kiseki-server[19037]: 2026-05-09T08:36:41.518551Z  INFO openraft::engine::engine_impl: handle vote request: my_vote: <T0-N2:->, my_last_log_id: None, lease: now: 08:36:41.518547, last_update: 08:36:39.064236(2.454311657s ago), lease: 0ns, expire at: 08:36:39.064236(0ns since now)
May 09 08:36:41 kiseki-storage-2 kiseki-server[19037]: 2026-05-09T08:36:41.518559Z  INFO openraft::engine::handler::vote_handler: vote is changing from <T0-N2:-> to <T3-N1:->
May 09 08:36:41 kiseki-storage-2 kiseki-server[19037]: 2026-05-09T08:36:41.518565Z  INFO openraft::engine::engine_impl: handle vote request result: req: {vote:<T3-N1:->, last_log:T0-N1.0}, result: Ok(())
May 09 08:36:41 kiseki-storage-2 kiseki-server[19037]: 2026-05-09T08:36:41.519267Z  INFO openraft::core::raft_core: received Notification::VoteResponse: openraft::core::raft_core::RaftCore<_, _, _, _>::handle_notification, now: 08:36:41.519266, resp: {<T3-N1:->, last_log:None}
May 09 08:36:41 kiseki-storage-2 kiseki-server[19037]: 2026-05-09T08:36:41.520665Z  INFO openraft::engine::handler::vote_handler: vote is changing from <T3-N1:-> to <T3-N1:Q>
May 09 08:37:39 kiseki-storage-2 kiseki-server[19037]: 2026-05-09T08:37:39.097864Z  INFO kiseki_server::runtime: scrub: periodic check completed
May 09 08:38:39 kiseki-storage-2 kiseki-server[19037]: 2026-05-09T08:38:39.098119Z  INFO kiseki_server::runtime: scrub: periodic check completed
May 09 08:38:40 kiseki-storage-2 kiseki-server[19037]: 2026-05-09T08:38:40.401259Z  INFO kiseki_composition::hydrator: composition hydrator: installed compositions from log applied=2 last_applied=2
May 09 08:38:42 kiseki-storage-2 kiseki-server[19037]: 2026-05-09T08:38:42.950970Z  INFO kiseki_composition::hydrator: composition hydrator: installed compositions from log applied=1 last_applied=3
May 09 08:39:05 kiseki-storage-2 kiseki-server[19037]: 2026-05-09T08:39:05.497101Z  INFO kiseki_composition::hydrator: composition hydrator: installed compositions from log applied=1 last_applied=4
May 09 08:39:07 kiseki-storage-2 kiseki-server[19037]: 2026-05-09T08:39:07.824093Z  INFO kiseki_composition::hydrator: composition hydrator: installed compositions from log applied=1 last_applied=5
May 09 08:39:07 kiseki-storage-2 kiseki-server[19037]: 2026-05-09T08:39:07.926634Z  INFO kiseki_composition::hydrator: composition hydrator: installed compositions from log applied=1 last_applied=6
May 09 08:39:08 kiseki-storage-2 kiseki-server[19037]: 2026-05-09T08:39:08.027848Z  INFO kiseki_composition::hydrator: composition hydrator: installed compositions from log applied=1 last_applied=7
May 09 08:39:08 kiseki-storage-2 kiseki-server[19037]: 2026-05-09T08:39:08.129171Z  INFO kiseki_composition::hydrator: composition hydrator: installed compositions from log applied=1 last_applied=8
May 09 08:39:08 kiseki-storage-2 kiseki-server[19037]: 2026-05-09T08:39:08.332024Z  INFO kiseki_composition::hydrator: composition hydrator: installed compositions from log applied=4 last_applied=12
May 09 08:39:08 kiseki-storage-2 kiseki-server[19037]: 2026-05-09T08:39:08.434317Z  INFO kiseki_composition::hydrator: composition hydrator: installed compositions from log applied=4 last_applied=16
May 09 08:39:08 kiseki-storage-2 kiseki-server[19037]: 2026-05-09T08:39:08.536632Z  INFO kiseki_composition::hydrator: composition hydrator: installed compositions from log applied=4 last_applied=20
May 09 08:39:08 kiseki-storage-2 kiseki-server[19037]: 2026-05-09T08:39:08.637857Z  INFO kiseki_composition::hydrator: composition hydrator: installed compositions from log applied=4 last_applied=24
May 09 08:39:08 kiseki-storage-2 kiseki-server[19037]: 2026-05-09T08:39:08.941393Z  INFO kiseki_composition::hydrator: composition hydrator: installed compositions from log applied=5 last_applied=29
May 09 08:39:09 kiseki-storage-2 kiseki-server[19037]: 2026-05-09T08:39:09.043520Z  INFO kiseki_composition::hydrator: composition hydrator: installed compositions from log applied=5 last_applied=34
May 09 08:39:09 kiseki-storage-2 kiseki-server[19037]: 2026-05-09T08:39:09.144796Z  INFO kiseki_composition::hydrator: composition hydrator: installed compositions from log applied=12 last_applied=46
May 09 08:39:09 kiseki-storage-2 kiseki-server[19037]: 2026-05-09T08:39:09.246684Z  INFO kiseki_composition::hydrator: composition hydrator: installed compositions from log applied=7 last_applied=53
May 09 08:39:09 kiseki-storage-2 kiseki-server[19037]: 2026-05-09T08:39:09.348250Z  INFO kiseki_composition::hydrator: composition hydrator: installed compositions from log applied=6 last_applied=59
May 09 08:39:09 kiseki-storage-2 kiseki-server[19037]: 2026-05-09T08:39:09.450580Z  INFO kiseki_composition::hydrator: composition hydrator: installed compositions from log applied=9 last_applied=68
May 09 08:39:09 kiseki-storage-2 kiseki-server[19037]: 2026-05-09T08:39:09.551794Z  INFO kiseki_composition::hydrator: composition hydrator: installed compositions from log applied=10 last_applied=78
May 09 08:39:09 kiseki-storage-2 kiseki-server[19037]: 2026-05-09T08:39:09.653028Z  INFO kiseki_composition::hydrator: composition hydrator: installed compositions from log applied=10 last_applied=88
May 09 08:39:10 kiseki-storage-2 kiseki-server[19037]: 2026-05-09T08:39:10.159009Z  INFO kiseki_composition::hydrator: composition hydrator: installed compositions from log applied=1 last_applied=89
May 09 08:39:10 kiseki-storage-2 kiseki-server[19037]: 2026-05-09T08:39:10.261129Z  INFO kiseki_composition::hydrator: composition hydrator: installed compositions from log applied=3 last_applied=92
May 09 08:39:10 kiseki-storage-2 kiseki-server[19037]: 2026-05-09T08:39:10.363369Z  INFO kiseki_composition::hydrator: composition hydrator: installed compositions from log applied=10 last_applied=102
May 09 08:39:10 kiseki-storage-2 kiseki-server[19037]: 2026-05-09T08:39:10.465528Z  INFO kiseki_composition::hydrator: composition hydrator: installed compositions from log applied=7 last_applied=109
May 09 08:39:10 kiseki-storage-2 kiseki-server[19037]: 2026-05-09T08:39:10.567018Z  INFO kiseki_composition::hydrator: composition hydrator: installed compositions from log applied=14 last_applied=123
May 09 08:39:10 kiseki-storage-2 kiseki-server[19037]: 2026-05-09T08:39:10.669328Z  INFO kiseki_composition::hydrator: composition hydrator: installed compositions from log applied=13 last_applied=136
May 09 08:39:10 kiseki-storage-2 kiseki-server[19037]: 2026-05-09T08:39:10.771526Z  INFO kiseki_composition::hydrator: composition hydrator: installed compositions from log applied=17 last_applied=153
May 09 08:39:10 kiseki-storage-2 kiseki-server[19037]: 2026-05-09T08:39:10.873404Z  INFO kiseki_composition::hydrator: composition hydrator: installed compositions from log applied=7 last_applied=160
May 09 08:39:10 kiseki-storage-2 kiseki-server[19037]: 2026-05-09T08:39:10.975746Z  INFO kiseki_composition::hydrator: composition hydrator: installed compositions from log applied=3 last_applied=163
May 09 08:39:11 kiseki-storage-2 kiseki-server[19037]: 2026-05-09T08:39:11.077033Z  INFO kiseki_composition::hydrator: composition hydrator: installed compositions from log applied=8 last_applied=171
May 09 08:39:11 kiseki-storage-2 kiseki-server[19037]: 2026-05-09T08:39:11.179367Z  INFO kiseki_composition::hydrator: composition hydrator: installed compositions from log applied=11 last_applied=182
May 09 08:39:11 kiseki-storage-2 kiseki-server[19037]: 2026-05-09T08:39:11.280764Z  INFO kiseki_composition::hydrator: composition hydrator: installed compositions from log applied=7 last_applied=189
May 09 08:39:11 kiseki-storage-2 kiseki-server[19037]: 2026-05-09T08:39:11.382058Z  INFO kiseki_composition::hydrator: composition hydrator: installed compositions from log applied=5 last_applied=194
May 09 08:39:11 kiseki-storage-2 kiseki-server[19037]: 2026-05-09T08:39:11.484432Z  INFO kiseki_composition::hydrator: composition hydrator: installed compositions from log applied=12 last_applied=206
May 09 08:39:11 kiseki-storage-2 kiseki-server[19037]: 2026-05-09T08:39:11.585781Z  INFO kiseki_composition::hydrator: composition hydrator: installed compositions from log applied=11 last_applied=217
May 09 08:39:11 kiseki-storage-2 kiseki-server[19037]: 2026-05-09T08:39:11.687188Z  INFO kiseki_composition::hydrator: composition hydrator: installed compositions from log applied=11 last_applied=228
May 09 08:39:11 kiseki-storage-2 kiseki-server[19037]: 2026-05-09T08:39:11.789496Z  INFO kiseki_composition::hydrator: composition hydrator: installed compositions from log applied=8 last_applied=236
May 09 08:39:11 kiseki-storage-2 kiseki-server[19037]: 2026-05-09T08:39:11.890652Z  INFO kiseki_composition::hydrator: composition hydrator: installed compositions from log applied=10 last_applied=246
May 09 08:39:11 kiseki-storage-2 kiseki-server[19037]: 2026-05-09T08:39:11.991862Z  INFO kiseki_composition::hydrator: composition hydrator: installed compositions from log applied=11 last_applied=257
May 09 08:39:12 kiseki-storage-2 kiseki-server[19037]: 2026-05-09T08:39:12.093208Z  INFO kiseki_composition::hydrator: composition hydrator: installed compositions from log applied=8 last_applied=265
May 09 08:39:12 kiseki-storage-2 kiseki-server[19037]: 2026-05-09T08:39:12.195387Z  INFO kiseki_composition::hydrator: composition hydrator: installed compositions from log applied=3 last_applied=268
May 09 08:39:12 kiseki-storage-2 kiseki-server[19037]: 2026-05-09T08:39:12.297105Z  INFO kiseki_composition::hydrator: composition hydrator: installed compositions from log applied=12 last_applied=280
May 09 08:39:12 kiseki-storage-2 kiseki-server[19037]: 2026-05-09T08:39:12.399424Z  INFO kiseki_composition::hydrator: composition hydrator: installed compositions from log applied=10 last_applied=290
May 09 08:39:12 kiseki-storage-2 kiseki-server[19037]: 2026-05-09T08:39:12.501734Z  INFO kiseki_composition::hydrator: composition hydrator: installed compositions from log applied=12 last_applied=302
May 09 08:39:12 kiseki-storage-2 kiseki-server[19037]: 2026-05-09T08:39:12.603420Z  INFO kiseki_composition::hydrator: composition hydrator: installed compositions from log applied=15 last_applied=317
May 09 08:39:12 kiseki-storage-2 kiseki-server[19037]: 2026-05-09T08:39:12.705502Z  INFO kiseki_composition::hydrator: composition hydrator: installed compositions from log applied=16 last_applied=333
May 09 08:39:12 kiseki-storage-2 kiseki-server[19037]: 2026-05-09T08:39:12.806833Z  INFO kiseki_composition::hydrator: composition hydrator: installed compositions from log applied=11 last_applied=344
May 09 08:39:13 kiseki-storage-2 kiseki-server[19037]: 2026-05-09T08:39:13.312929Z  INFO kiseki_composition::hydrator: composition hydrator: installed compositions from log applied=1 last_applied=345
May 09 08:39:13 kiseki-storage-2 kiseki-server[19037]: 2026-05-09T08:39:13.414377Z  INFO kiseki_composition::hydrator: composition hydrator: installed compositions from log applied=1 last_applied=346
May 09 08:39:13 kiseki-storage-2 kiseki-server[19037]: 2026-05-09T08:39:13.617438Z  INFO kiseki_composition::hydrator: composition hydrator: installed compositions from log applied=1 last_applied=347
May 09 08:39:13 kiseki-storage-2 kiseki-server[19037]: 2026-05-09T08:39:13.718769Z  INFO kiseki_composition::hydrator: composition hydrator: installed compositions from log applied=5 last_applied=352
May 09 08:39:13 kiseki-storage-2 kiseki-server[19037]: 2026-05-09T08:39:13.819730Z  INFO kiseki_composition::hydrator: composition hydrator: installed compositions from log applied=4 last_applied=356
May 09 08:39:13 kiseki-storage-2 kiseki-server[19037]: 2026-05-09T08:39:13.920877Z  INFO kiseki_composition::hydrator: composition hydrator: installed compositions from log applied=8 last_applied=364
May 09 08:39:14 kiseki-storage-2 kiseki-server[19037]: 2026-05-09T08:39:14.022192Z  INFO kiseki_composition::hydrator: composition hydrator: installed compositions from log applied=7 last_applied=371
May 09 08:39:14 kiseki-storage-2 kiseki-server[19037]: 2026-05-09T08:39:14.124431Z  INFO kiseki_composition::hydrator: composition hydrator: installed compositions from log applied=8 last_applied=379
May 09 08:39:14 kiseki-storage-2 kiseki-server[19037]: 2026-05-09T08:39:14.226502Z  INFO kiseki_composition::hydrator: composition hydrator: installed compositions from log applied=10 last_applied=389
May 09 08:39:14 kiseki-storage-2 kiseki-server[19037]: 2026-05-09T08:39:14.328614Z  INFO kiseki_composition::hydrator: composition hydrator: installed compositions from log applied=6 last_applied=395
May 09 08:39:14 kiseki-storage-2 kiseki-server[19037]: 2026-05-09T08:39:14.429857Z  INFO kiseki_composition::hydrator: composition hydrator: installed compositions from log applied=13 last_applied=408
May 09 08:39:14 kiseki-storage-2 kiseki-server[19037]: 2026-05-09T08:39:14.531208Z  INFO kiseki_composition::hydrator: composition hydrator: installed compositions from log applied=15 last_applied=423
May 09 08:39:14 kiseki-storage-2 kiseki-server[19037]: 2026-05-09T08:39:14.633153Z  INFO kiseki_composition::hydrator: composition hydrator: installed compositions from log applied=17 last_applied=440
May 09 08:39:14 kiseki-storage-2 kiseki-server[19037]: 2026-05-09T08:39:14.735486Z  INFO kiseki_composition::hydrator: composition hydrator: installed compositions from log applied=14 last_applied=454
May 09 08:39:14 kiseki-storage-2 kiseki-server[19037]: 2026-05-09T08:39:14.836727Z  INFO kiseki_composition::hydrator: composition hydrator: installed compositions from log applied=13 last_applied=467
May 09 08:39:14 kiseki-storage-2 kiseki-server[19037]: 2026-05-09T08:39:14.937977Z  INFO kiseki_composition::hydrator: composition hydrator: installed compositions from log applied=13 last_applied=480
May 09 08:39:15 kiseki-storage-2 kiseki-server[19037]: 2026-05-09T08:39:15.040237Z  INFO kiseki_composition::hydrator: composition hydrator: installed compositions from log applied=4 last_applied=484
May 09 08:39:15 kiseki-storage-2 kiseki-server[19037]: 2026-05-09T08:39:15.142367Z  INFO kiseki_composition::hydrator: composition hydrator: installed compositions from log applied=6 last_applied=490
May 09 08:39:15 kiseki-storage-2 kiseki-server[19037]: 2026-05-09T08:39:15.244617Z  INFO kiseki_composition::hydrator: composition hydrator: installed compositions from log applied=4 last_applied=494
May 09 08:39:15 kiseki-storage-2 kiseki-server[19037]: 2026-05-09T08:39:15.345750Z  INFO kiseki_composition::hydrator: composition hydrator: installed compositions from log applied=4 last_applied=498
May 09 08:39:15 kiseki-storage-2 kiseki-server[19037]: 2026-05-09T08:39:15.446865Z  INFO kiseki_composition::hydrator: composition hydrator: installed compositions from log applied=2 last_applied=500
May 09 08:39:15 kiseki-storage-2 kiseki-server[19037]: 2026-05-09T08:39:15.548075Z  INFO kiseki_composition::hydrator: composition hydrator: installed compositions from log applied=7 last_applied=507
May 09 08:39:15 kiseki-storage-2 kiseki-server[19037]: 2026-05-09T08:39:15.650213Z  INFO kiseki_composition::hydrator: composition hydrator: installed compositions from log applied=8 last_applied=515
May 09 08:39:15 kiseki-storage-2 kiseki-server[19037]: 2026-05-09T08:39:15.752483Z  INFO kiseki_composition::hydrator: composition hydrator: installed compositions from log applied=11 last_applied=526
May 09 08:39:15 kiseki-storage-2 kiseki-server[19037]: 2026-05-09T08:39:15.853697Z  INFO kiseki_composition::hydrator: composition hydrator: installed compositions from log applied=3 last_applied=529
May 09 08:39:15 kiseki-storage-2 kiseki-server[19037]: 2026-05-09T08:39:15.955118Z  INFO kiseki_composition::hydrator: composition hydrator: installed compositions from log applied=9 last_applied=538
May 09 08:39:16 kiseki-storage-2 kiseki-server[19037]: 2026-05-09T08:39:16.057038Z  INFO kiseki_composition::hydrator: composition hydrator: installed compositions from log applied=9 last_applied=547
May 09 08:39:16 kiseki-storage-2 kiseki-server[19037]: 2026-05-09T08:39:16.159129Z  INFO kiseki_composition::hydrator: composition hydrator: installed compositions from log applied=8 last_applied=555
May 09 08:39:16 kiseki-storage-2 kiseki-server[19037]: 2026-05-09T08:39:16.261328Z  INFO kiseki_composition::hydrator: composition hydrator: installed compositions from log applied=8 last_applied=563
May 09 08:39:16 kiseki-storage-2 kiseki-server[19037]: 2026-05-09T08:39:16.363715Z  INFO kiseki_composition::hydrator: composition hydrator: installed compositions from log applied=13 last_applied=576
May 09 08:39:16 kiseki-storage-2 kiseki-server[19037]: 2026-05-09T08:39:16.464828Z  INFO kiseki_composition::hydrator: composition hydrator: installed compositions from log applied=8 last_applied=584
May 09 08:39:16 kiseki-storage-2 kiseki-server[19037]: 2026-05-09T08:39:16.566176Z  INFO kiseki_composition::hydrator: composition hydrator: installed compositions from log applied=14 last_applied=598
May 09 08:39:16 kiseki-storage-2 kiseki-server[19037]: 2026-05-09T08:39:16.668428Z  INFO kiseki_composition::hydrator: composition hydrator: installed compositions from log applied=13 last_applied=611
May 09 08:39:16 kiseki-storage-2 kiseki-server[19037]: 2026-05-09T08:39:16.769593Z  INFO kiseki_composition::hydrator: composition hydrator: installed compositions from log applied=6 last_applied=617
May 09 08:39:16 kiseki-storage-2 kiseki-server[19037]: 2026-05-09T08:39:16.871087Z  INFO kiseki_composition::hydrator: composition hydrator: installed compositions from log applied=11 last_applied=628
May 09 08:39:16 kiseki-storage-2 kiseki-server[19037]: 2026-05-09T08:39:16.973490Z  INFO kiseki_composition::hydrator: composition hydrator: installed compositions from log applied=10 last_applied=638
May 09 08:39:17 kiseki-storage-2 kiseki-server[19037]: 2026-05-09T08:39:17.074783Z  INFO kiseki_composition::hydrator: composition hydrator: installed compositions from log applied=17 last_applied=655
May 09 08:39:17 kiseki-storage-2 kiseki-server[19037]: 2026-05-09T08:39:17.176014Z  INFO kiseki_composition::hydrator: composition hydrator: installed compositions from log applied=11 last_applied=666
May 09 08:39:17 kiseki-storage-2 kiseki-server[19037]: 2026-05-09T08:39:17.278259Z  INFO kiseki_composition::hydrator: composition hydrator: installed compositions from log applied=5 last_applied=671
May 09 08:39:17 kiseki-storage-2 kiseki-server[19037]: 2026-05-09T08:39:17.380496Z  INFO kiseki_composition::hydrator: composition hydrator: installed compositions from log applied=8 last_applied=679
May 09 08:39:17 kiseki-storage-2 kiseki-server[19037]: 2026-05-09T08:39:17.482706Z  INFO kiseki_composition::hydrator: composition hydrator: installed compositions from log applied=5 last_applied=684
May 09 08:39:17 kiseki-storage-2 kiseki-server[19037]: 2026-05-09T08:39:17.583990Z  INFO kiseki_composition::hydrator: composition hydrator: installed compositions from log applied=12 last_applied=696
May 09 08:39:17 kiseki-storage-2 kiseki-server[19037]: 2026-05-09T08:39:17.686197Z  INFO kiseki_composition::hydrator: composition hydrator: installed compositions from log applied=9 last_applied=705
May 09 08:39:17 kiseki-storage-2 kiseki-server[19037]: 2026-05-09T08:39:17.788418Z  INFO kiseki_composition::hydrator: composition hydrator: installed compositions from log applied=10 last_applied=715
May 09 08:39:17 kiseki-storage-2 kiseki-server[19037]: 2026-05-09T08:39:17.890754Z  INFO kiseki_composition::hydrator: composition hydrator: installed compositions from log applied=9 last_applied=724
May 09 08:39:17 kiseki-storage-2 kiseki-server[19037]: 2026-05-09T08:39:17.992035Z  INFO kiseki_composition::hydrator: composition hydrator: installed compositions from log applied=16 last_applied=740
May 09 08:39:18 kiseki-storage-2 kiseki-server[19037]: 2026-05-09T08:39:18.093948Z  INFO kiseki_composition::hydrator: composition hydrator: installed compositions from log applied=9 last_applied=749
May 09 08:39:18 kiseki-storage-2 kiseki-server[19037]: 2026-05-09T08:39:18.196240Z  INFO kiseki_composition::hydrator: composition hydrator: installed compositions from log applied=8 last_applied=757
May 09 08:39:18 kiseki-storage-2 kiseki-server[19037]: 2026-05-09T08:39:18.298514Z  INFO kiseki_composition::hydrator: composition hydrator: installed compositions from log applied=9 last_applied=766
May 09 08:39:18 kiseki-storage-2 kiseki-server[19037]: 2026-05-09T08:39:18.400443Z  INFO kiseki_composition::hydrator: composition hydrator: installed compositions from log applied=11 last_applied=777
May 09 08:39:18 kiseki-storage-2 kiseki-server[19037]: 2026-05-09T08:39:18.502641Z  INFO kiseki_composition::hydrator: composition hydrator: installed compositions from log applied=13 last_applied=790
May 09 08:39:18 kiseki-storage-2 kiseki-server[19037]: 2026-05-09T08:39:18.604696Z  INFO kiseki_composition::hydrator: composition hydrator: installed compositions from log applied=17 last_applied=807
May 09 08:39:18 kiseki-storage-2 kiseki-server[19037]: 2026-05-09T08:39:18.706011Z  INFO kiseki_composition::hydrator: composition hydrator: installed compositions from log applied=14 last_applied=821
May 09 08:39:18 kiseki-storage-2 kiseki-server[19037]: 2026-05-09T08:39:18.808446Z  INFO kiseki_composition::hydrator: composition hydrator: installed compositions from log applied=18 last_applied=839
May 09 08:39:18 kiseki-storage-2 kiseki-server[19037]: 2026-05-09T08:39:18.910740Z  INFO kiseki_composition::hydrator: composition hydrator: installed compositions from log applied=16 last_applied=855
May 09 08:39:19 kiseki-storage-2 kiseki-server[19037]: 2026-05-09T08:39:19.012031Z  INFO kiseki_composition::hydrator: composition hydrator: installed compositions from log applied=1 last_applied=856
May 09 08:39:20 kiseki-storage-2 kiseki-server[19037]: 2026-05-09T08:39:20.224849Z  INFO kiseki_composition::hydrator: composition hydrator: installed compositions from log applied=2 last_applied=858
May 09 08:39:20 kiseki-storage-2 kiseki-server[19037]: 2026-05-09T08:39:20.326043Z  INFO kiseki_composition::hydrator: composition hydrator: installed compositions from log applied=2 last_applied=860
May 09 08:39:20 kiseki-storage-2 kiseki-server[19037]: 2026-05-09T08:39:20.630474Z  INFO kiseki_composition::hydrator: composition hydrator: installed compositions from log applied=1 last_applied=861
May 09 08:39:20 kiseki-storage-2 kiseki-server[19037]: 2026-05-09T08:39:20.731979Z  INFO kiseki_composition::hydrator: composition hydrator: installed compositions from log applied=1 last_applied=862
May 09 08:39:20 kiseki-storage-2 kiseki-server[19037]: 2026-05-09T08:39:20.834404Z  INFO kiseki_composition::hydrator: composition hydrator: installed compositions from log applied=1 last_applied=863
May 09 08:39:20 kiseki-storage-2 kiseki-server[19037]: 2026-05-09T08:39:20.935778Z  INFO kiseki_composition::hydrator: composition hydrator: installed compositions from log applied=2 last_applied=865
May 09 08:39:21 kiseki-storage-2 kiseki-server[19037]: 2026-05-09T08:39:21.037291Z  INFO kiseki_composition::hydrator: composition hydrator: installed compositions from log applied=4 last_applied=869
May 09 08:39:21 kiseki-storage-2 kiseki-server[19037]: 2026-05-09T08:39:21.139518Z  INFO kiseki_composition::hydrator: composition hydrator: installed compositions from log applied=5 last_applied=874
May 09 08:39:21 kiseki-storage-2 kiseki-server[19037]: 2026-05-09T08:39:21.240878Z  INFO kiseki_composition::hydrator: composition hydrator: installed compositions from log applied=7 last_applied=881
May 09 08:39:21 kiseki-storage-2 kiseki-server[19037]: 2026-05-09T08:39:21.341861Z  INFO kiseki_composition::hydrator: composition hydrator: installed compositions from log applied=6 last_applied=887
May 09 08:39:21 kiseki-storage-2 kiseki-server[19037]: 2026-05-09T08:39:21.443194Z  INFO kiseki_composition::hydrator: composition hydrator: installed compositions from log applied=10 last_applied=897
May 09 08:39:21 kiseki-storage-2 kiseki-server[19037]: 2026-05-09T08:39:21.545378Z  INFO kiseki_composition::hydrator: composition hydrator: installed compositions from log applied=7 last_applied=904
May 09 08:39:21 kiseki-storage-2 kiseki-server[19037]: 2026-05-09T08:39:21.647540Z  INFO kiseki_composition::hydrator: composition hydrator: installed compositions from log applied=11 last_applied=915
May 09 08:39:21 kiseki-storage-2 kiseki-server[19037]: 2026-05-09T08:39:21.748771Z  INFO kiseki_composition::hydrator: composition hydrator: installed compositions from log applied=10 last_applied=925
May 09 08:39:21 kiseki-storage-2 kiseki-server[19037]: 2026-05-09T08:39:21.850296Z  INFO kiseki_composition::hydrator: composition hydrator: installed compositions from log applied=9 last_applied=934
May 09 08:39:21 kiseki-storage-2 kiseki-server[19037]: 2026-05-09T08:39:21.952608Z  INFO kiseki_composition::hydrator: composition hydrator: installed compositions from log applied=8 last_applied=942
May 09 08:39:22 kiseki-storage-2 kiseki-server[19037]: 2026-05-09T08:39:22.054000Z  INFO kiseki_composition::hydrator: composition hydrator: installed compositions from log applied=15 last_applied=957
May 09 08:39:22 kiseki-storage-2 kiseki-server[19037]: 2026-05-09T08:39:22.156383Z  INFO kiseki_composition::hydrator: composition hydrator: installed compositions from log applied=19 last_applied=976
May 09 08:39:22 kiseki-storage-2 kiseki-server[19037]: 2026-05-09T08:39:22.258578Z  INFO kiseki_composition::hydrator: composition hydrator: installed compositions from log applied=6 last_applied=982
May 09 08:39:23 kiseki-storage-2 kiseki-server[19037]: 2026-05-09T08:39:23.297162Z  INFO openraft::engine::handler::snapshot_handler: push snapshot building command
May 09 08:39:23 kiseki-storage-2 kiseki-server[19037]: 2026-05-09T08:39:23.297374Z  INFO openraft::core::sm::worker: openraft::core::sm::worker::Worker<_, _, _>::worker_loop: build snapshot
May 09 08:39:23 kiseki-storage-2 kiseki-server[19037]: 2026-05-09T08:39:23.297404Z  INFO build_snapshot: openraft::core::sm::worker: openraft::core::sm::worker::Worker<_, _, _>::build_snapshot: returning; spawned building snapshot task
May 09 08:39:23 kiseki-storage-2 kiseki-server[19037]: 2026-05-09T08:39:23.302197Z  INFO openraft::core::raft_core: sm::StateMachine command done: BuildSnapshotDone: {snapshot_id: snap-1105, last_log:T3-N1.1105, last_membership: {log_id:T0-N1.0, {voters:[{1:KisekiNode { addr: "10.0.0.10:9300", topology: None },2:KisekiNode { addr: "10.0.0.11:9300", topology: None },3:KisekiNode { addr: "10.0.0.12:9300", topology: None }}], learners:[]}}}: openraft::core::raft_core::RaftCore<_, _, _, _>::handle_notification
May 09 08:39:23 kiseki-storage-2 kiseki-server[19037]: 2026-05-09T08:39:23.302221Z  INFO openraft::engine::engine_impl: openraft::engine::engine_impl::Engine<_, _>::on_building_snapshot_done: snapshot_meta: {snapshot_id: snap-1105, last_log:T3-N1.1105, last_membership: {log_id:T0-N1.0, {voters:[{1:KisekiNode { addr: "10.0.0.10:9300", topology: None },2:KisekiNode { addr: "10.0.0.11:9300", topology: None },3:KisekiNode { addr: "10.0.0.12:9300", topology: None }}], learners:[]}}}
May 09 08:39:23 kiseki-storage-2 kiseki-server[19037]: 2026-05-09T08:39:23.302231Z  INFO openraft::engine::handler::snapshot_handler: update_snapshot: SnapshotMeta { last_log_id: Some(LogId { leader_id: LeaderId { term: 3, node_id: 1 }, index: 1105 }), last_membership: StoredMembership { log_id: Some(LogId { leader_id: LeaderId { term: 0, node_id: 1 }, index: 0 }), membership: Membership { configs: [{1, 2, 3}], nodes: {1: KisekiNode { addr: "10.0.0.10:9300", topology: None }, 2: KisekiNode { addr: "10.0.0.11:9300", topology: None }, 3: KisekiNode { addr: "10.0.0.12:9300", topology: None }} } }, snapshot_id: "snap-1105" }
May 09 08:39:23 kiseki-storage-2 kiseki-server[19037]: 2026-05-09T08:39:23.302245Z  INFO openraft::engine::handler::log_handler: purge log, last_purged: None, purge_upto: T3-N1.105
May 09 08:39:23 kiseki-storage-2 kiseki-server[19037]: 2026-05-09T08:39:23.372863Z  INFO kiseki_composition::hydrator: composition hydrator: installed compositions from log applied=138 last_applied=1120
May 09 08:39:23 kiseki-storage-2 kiseki-server[19037]: 2026-05-09T08:39:23.474115Z  INFO kiseki_composition::hydrator: composition hydrator: installed compositions from log applied=5 last_applied=1125
May 09 08:39:23 kiseki-storage-2 kiseki-server[19037]: 2026-05-09T08:39:23.576309Z  INFO kiseki_composition::hydrator: composition hydrator: installed compositions from log applied=7 last_applied=1132
May 09 08:39:23 kiseki-storage-2 kiseki-server[19037]: 2026-05-09T08:39:23.678616Z  INFO kiseki_composition::hydrator: composition hydrator: installed compositions from log applied=4 last_applied=1136
May 09 08:39:23 kiseki-storage-2 kiseki-server[19037]: 2026-05-09T08:39:23.779764Z  INFO kiseki_composition::hydrator: composition hydrator: installed compositions from log applied=3 last_applied=1139
May 09 08:39:23 kiseki-storage-2 kiseki-server[19037]: 2026-05-09T08:39:23.881063Z  INFO kiseki_composition::hydrator: composition hydrator: installed compositions from log applied=3 last_applied=1142
May 09 08:39:23 kiseki-storage-2 kiseki-server[19037]: 2026-05-09T08:39:23.983362Z  INFO kiseki_composition::hydrator: composition hydrator: installed compositions from log applied=4 last_applied=1146
May 09 08:39:24 kiseki-storage-2 kiseki-server[19037]: 2026-05-09T08:39:24.085491Z  INFO kiseki_composition::hydrator: composition hydrator: installed compositions from log applied=2 last_applied=1148
May 09 08:39:24 kiseki-storage-2 kiseki-server[19037]: 2026-05-09T08:39:24.186846Z  INFO kiseki_composition::hydrator: composition hydrator: installed compositions from log applied=4 last_applied=1152
May 09 08:39:24 kiseki-storage-2 kiseki-server[19037]: 2026-05-09T08:39:24.288153Z  INFO kiseki_composition::hydrator: composition hydrator: installed compositions from log applied=4 last_applied=1156
May 09 08:39:24 kiseki-storage-2 kiseki-server[19037]: 2026-05-09T08:39:24.390358Z  INFO kiseki_composition::hydrator: composition hydrator: installed compositions from log applied=2 last_applied=1158
May 09 08:39:24 kiseki-storage-2 kiseki-server[19037]: 2026-05-09T08:39:24.492717Z  INFO kiseki_composition::hydrator: composition hydrator: installed compositions from log applied=9 last_applied=1167
May 09 08:39:24 kiseki-storage-2 kiseki-server[19037]: 2026-05-09T08:39:24.594018Z  INFO kiseki_composition::hydrator: composition hydrator: installed compositions from log applied=8 last_applied=1175
May 09 08:39:24 kiseki-storage-2 kiseki-server[19037]: 2026-05-09T08:39:24.696218Z  INFO kiseki_composition::hydrator: composition hydrator: installed compositions from log applied=7 last_applied=1182
May 09 08:39:24 kiseki-storage-2 kiseki-server[19037]: 2026-05-09T08:39:24.798176Z  INFO kiseki_composition::hydrator: composition hydrator: installed compositions from log applied=11 last_applied=1193
May 09 08:39:24 kiseki-storage-2 kiseki-server[19037]: 2026-05-09T08:39:24.900447Z  INFO kiseki_composition::hydrator: composition hydrator: installed compositions from log applied=10 last_applied=1203
May 09 08:39:25 kiseki-storage-2 kiseki-server[19037]: 2026-05-09T08:39:25.001708Z  INFO kiseki_composition::hydrator: composition hydrator: installed compositions from log applied=4 last_applied=1207
May 09 08:39:25 kiseki-storage-2 kiseki-server[19037]: 2026-05-09T08:39:25.103670Z  INFO kiseki_composition::hydrator: composition hydrator: installed compositions from log applied=12 last_applied=1219
May 09 08:39:25 kiseki-storage-2 kiseki-server[19037]: 2026-05-09T08:39:25.205018Z  INFO kiseki_composition::hydrator: composition hydrator: installed compositions from log applied=9 last_applied=1228
May 09 08:39:25 kiseki-storage-2 kiseki-server[19037]: 2026-05-09T08:39:25.307358Z  INFO kiseki_composition::hydrator: composition hydrator: installed compositions from log applied=11 last_applied=1239
May 09 08:39:25 kiseki-storage-2 kiseki-server[19037]: 2026-05-09T08:39:25.409623Z  INFO kiseki_composition::hydrator: composition hydrator: installed compositions from log applied=12 last_applied=1251
May 09 08:39:25 kiseki-storage-2 kiseki-server[19037]: 2026-05-09T08:39:25.510803Z  INFO kiseki_composition::hydrator: composition hydrator: installed compositions from log applied=11 last_applied=1262
May 09 08:39:25 kiseki-storage-2 kiseki-server[19037]: 2026-05-09T08:39:25.612142Z  INFO kiseki_composition::hydrator: composition hydrator: installed compositions from log applied=11 last_applied=1273
May 09 08:39:25 kiseki-storage-2 kiseki-server[19037]: 2026-05-09T08:39:25.713619Z  INFO kiseki_composition::hydrator: composition hydrator: installed compositions from log applied=7 last_applied=1280
May 09 08:39:25 kiseki-storage-2 kiseki-server[19037]: 2026-05-09T08:39:25.814864Z  INFO kiseki_composition::hydrator: composition hydrator: installed compositions from log applied=2 last_applied=1282
May 09 08:39:26 kiseki-storage-2 kiseki-server[19037]: 2026-05-09T08:39:26.825652Z  INFO kiseki_composition::hydrator: composition hydrator: installed compositions from log applied=129 last_applied=1411
May 09 08:39:26 kiseki-storage-2 kiseki-server[19037]: 2026-05-09T08:39:26.927042Z  INFO kiseki_composition::hydrator: composition hydrator: installed compositions from log applied=8 last_applied=1419
May 09 08:39:27 kiseki-storage-2 kiseki-server[19037]: 2026-05-09T08:39:27.029464Z  INFO kiseki_composition::hydrator: composition hydrator: installed compositions from log applied=13 last_applied=1432
May 09 08:39:27 kiseki-storage-2 kiseki-server[19037]: 2026-05-09T08:39:27.130744Z  INFO kiseki_composition::hydrator: composition hydrator: installed compositions from log applied=6 last_applied=1438
May 09 08:39:27 kiseki-storage-2 kiseki-server[19037]: 2026-05-09T08:39:27.231896Z  INFO kiseki_composition::hydrator: composition hydrator: installed compositions from log applied=6 last_applied=1444
May 09 08:39:27 kiseki-storage-2 kiseki-server[19037]: 2026-05-09T08:39:27.333264Z  INFO kiseki_composition::hydrator: composition hydrator: installed compositions from log applied=11 last_applied=1455
May 09 08:39:27 kiseki-storage-2 kiseki-server[19037]: 2026-05-09T08:39:27.435647Z  INFO kiseki_composition::hydrator: composition hydrator: installed compositions from log applied=10 last_applied=1465
May 09 08:39:27 kiseki-storage-2 kiseki-server[19037]: 2026-05-09T08:39:27.536832Z  INFO kiseki_composition::hydrator: composition hydrator: installed compositions from log applied=2 last_applied=1467
May 09 08:39:27 kiseki-storage-2 kiseki-server[19037]: 2026-05-09T08:39:27.638152Z  INFO kiseki_composition::hydrator: composition hydrator: installed compositions from log applied=6 last_applied=1473
May 09 08:39:27 kiseki-storage-2 kiseki-server[19037]: 2026-05-09T08:39:27.740312Z  INFO kiseki_composition::hydrator: composition hydrator: installed compositions from log applied=8 last_applied=1481
May 09 08:39:27 kiseki-storage-2 kiseki-server[19037]: 2026-05-09T08:39:27.841760Z  INFO kiseki_composition::hydrator: composition hydrator: installed compositions from log applied=4 last_applied=1485
May 09 08:39:27 kiseki-storage-2 kiseki-server[19037]: 2026-05-09T08:39:27.943296Z  INFO kiseki_composition::hydrator: composition hydrator: installed compositions from log applied=6 last_applied=1491
May 09 08:39:28 kiseki-storage-2 kiseki-server[19037]: 2026-05-09T08:39:28.045478Z  INFO kiseki_composition::hydrator: composition hydrator: installed compositions from log applied=5 last_applied=1496
May 09 08:39:28 kiseki-storage-2 kiseki-server[19037]: 2026-05-09T08:39:28.146841Z  INFO kiseki_composition::hydrator: composition hydrator: installed compositions from log applied=4 last_applied=1500
May 09 08:39:28 kiseki-storage-2 kiseki-server[19037]: 2026-05-09T08:39:28.248288Z  INFO kiseki_composition::hydrator: composition hydrator: installed compositions from log applied=6 last_applied=1506
May 09 08:39:28 kiseki-storage-2 kiseki-server[19037]: 2026-05-09T08:39:28.350426Z  INFO kiseki_composition::hydrator: composition hydrator: installed compositions from log applied=8 last_applied=1514
May 09 08:39:28 kiseki-storage-2 kiseki-server[19037]: 2026-05-09T08:39:28.451773Z  INFO kiseki_composition::hydrator: composition hydrator: installed compositions from log applied=10 last_applied=1524
May 09 08:39:28 kiseki-storage-2 kiseki-server[19037]: 2026-05-09T08:39:28.553185Z  INFO kiseki_composition::hydrator: composition hydrator: installed compositions from log applied=12 last_applied=1536
May 09 08:39:28 kiseki-storage-2 kiseki-server[19037]: 2026-05-09T08:39:28.655478Z  INFO kiseki_composition::hydrator: composition hydrator: installed compositions from log applied=11 last_applied=1547
May 09 08:39:28 kiseki-storage-2 kiseki-server[19037]: 2026-05-09T08:39:28.756741Z  INFO kiseki_composition::hydrator: composition hydrator: installed compositions from log applied=10 last_applied=1557
May 09 08:39:28 kiseki-storage-2 kiseki-server[19037]: 2026-05-09T08:39:28.858200Z  INFO kiseki_composition::hydrator: composition hydrator: installed compositions from log applied=12 last_applied=1569
May 09 08:39:28 kiseki-storage-2 kiseki-server[19037]: 2026-05-09T08:39:28.960377Z  INFO kiseki_composition::hydrator: composition hydrator: installed compositions from log applied=12 last_applied=1581
May 09 08:39:29 kiseki-storage-2 kiseki-server[19037]: 2026-05-09T08:39:29.062754Z  INFO kiseki_composition::hydrator: composition hydrator: installed compositions from log applied=13 last_applied=1594
May 09 08:39:29 kiseki-storage-2 kiseki-server[19037]: 2026-05-09T08:39:29.163925Z  INFO kiseki_composition::hydrator: composition hydrator: installed compositions from log applied=8 last_applied=1602
May 09 08:39:29 kiseki-storage-2 kiseki-server[19037]: 2026-05-09T08:39:29.266286Z  INFO kiseki_composition::hydrator: composition hydrator: installed compositions from log applied=12 last_applied=1614
May 09 08:39:29 kiseki-storage-2 kiseki-server[19037]: 2026-05-09T08:39:29.368586Z  INFO kiseki_composition::hydrator: composition hydrator: installed compositions from log applied=14 last_applied=1628
May 09 08:39:29 kiseki-storage-2 kiseki-server[19037]: 2026-05-09T08:39:29.469943Z  INFO kiseki_composition::hydrator: composition hydrator: installed compositions from log applied=7 last_applied=1635
May 09 08:39:29 kiseki-storage-2 kiseki-server[19037]: 2026-05-09T08:39:29.572108Z  INFO kiseki_composition::hydrator: composition hydrator: installed compositions from log applied=9 last_applied=1644
May 09 08:39:29 kiseki-storage-2 kiseki-server[19037]: 2026-05-09T08:39:29.674532Z  INFO kiseki_composition::hydrator: composition hydrator: installed compositions from log applied=17 last_applied=1661
May 09 08:39:29 kiseki-storage-2 kiseki-server[19037]: 2026-05-09T08:39:29.775769Z  INFO kiseki_composition::hydrator: composition hydrator: installed compositions from log applied=11 last_applied=1672
May 09 08:39:29 kiseki-storage-2 kiseki-server[19037]: 2026-05-09T08:39:29.877084Z  INFO kiseki_composition::hydrator: composition hydrator: installed compositions from log applied=15 last_applied=1687
May 09 08:39:29 kiseki-storage-2 kiseki-server[19037]: 2026-05-09T08:39:29.979340Z  INFO kiseki_composition::hydrator: composition hydrator: installed compositions from log applied=10 last_applied=1697
May 09 08:39:30 kiseki-storage-2 kiseki-server[19037]: 2026-05-09T08:39:30.081740Z  INFO kiseki_composition::hydrator: composition hydrator: installed compositions from log applied=12 last_applied=1709
May 09 08:39:30 kiseki-storage-2 kiseki-server[19037]: 2026-05-09T08:39:30.182864Z  INFO kiseki_composition::hydrator: composition hydrator: installed compositions from log applied=13 last_applied=1722
May 09 08:39:30 kiseki-storage-2 kiseki-server[19037]: 2026-05-09T08:39:30.284197Z  INFO kiseki_composition::hydrator: composition hydrator: installed compositions from log applied=12 last_applied=1734
May 09 08:39:30 kiseki-storage-2 kiseki-server[19037]: 2026-05-09T08:39:30.386573Z  INFO kiseki_composition::hydrator: composition hydrator: installed compositions from log applied=4 last_applied=1738
May 09 08:39:30 kiseki-storage-2 kiseki-server[19037]: 2026-05-09T08:39:30.589429Z  INFO kiseki_composition::hydrator: composition hydrator: installed compositions from log applied=2 last_applied=1740
May 09 08:39:31 kiseki-storage-2 kiseki-server[19037]: 2026-05-09T08:39:31.400390Z  INFO kiseki_composition::hydrator: composition hydrator: installed compositions from log applied=140 last_applied=1880
May 09 08:39:39 kiseki-storage-2 kiseki-server[19037]: 2026-05-09T08:39:39.099506Z  INFO kiseki_server::runtime: scrub: periodic check completed
May 09 08:40:39 kiseki-storage-2 kiseki-server[19037]: 2026-05-09T08:40:39.100458Z  INFO kiseki_server::runtime: scrub: periodic check completed
May 09 08:41:03 kiseki-storage-2 kiseki-server[19037]: 2026-05-09T08:41:03.882307Z  INFO kiseki_composition::hydrator: composition hydrator: installed compositions from log applied=1 last_applied=1881
May 09 08:41:05 kiseki-storage-2 kiseki-server[19037]: 2026-05-09T08:41:05.601089Z  INFO kiseki_composition::hydrator: composition hydrator: installed compositions from log applied=1 last_applied=1882
May 09 08:41:08 kiseki-storage-2 kiseki-server[19037]: 2026-05-09T08:41:08.128703Z  INFO kiseki_composition::hydrator: composition hydrator: installed compositions from log applied=1 last_applied=1883
May 09 08:41:14 kiseki-storage-2 kiseki-server[19037]: 2026-05-09T08:41:14.094208Z  INFO kiseki_composition::hydrator: composition hydrator: installed compositions from log applied=1 last_applied=1884
May 09 08:41:39 kiseki-storage-2 kiseki-server[19037]: 2026-05-09T08:41:39.101147Z  INFO kiseki_server::runtime: scrub: periodic check completed
May 09 08:42:39 kiseki-storage-2 kiseki-server[19037]: 2026-05-09T08:42:39.102549Z  INFO kiseki_server::runtime: scrub: periodic check completed
May 09 08:43:39 kiseki-storage-2 kiseki-server[19037]: 2026-05-09T08:43:39.103087Z  INFO kiseki_server::runtime: scrub: periodic check completed
May 09 08:44:39 kiseki-storage-2 kiseki-server[19037]: 2026-05-09T08:44:39.104412Z  INFO kiseki_server::runtime: scrub: periodic check completed
May 09 08:45:39 kiseki-storage-2 kiseki-server[19037]: 2026-05-09T08:45:39.105267Z  INFO kiseki_server::runtime: scrub: periodic check completed
May 09 08:46:39 kiseki-storage-2 kiseki-server[19037]: 2026-05-09T08:46:39.106271Z  INFO kiseki_server::runtime: scrub: periodic check completed
May 09 08:47:39 kiseki-storage-2 kiseki-server[19037]: 2026-05-09T08:47:39.107115Z  INFO kiseki_server::runtime: scrub: periodic check completed
May 09 08:48:39 kiseki-storage-2 kiseki-server[19037]: 2026-05-09T08:48:39.108812Z  INFO kiseki_server::runtime: scrub: periodic check completed
May 09 08:49:39 kiseki-storage-2 kiseki-server[19037]: 2026-05-09T08:49:39.109784Z  INFO kiseki_server::runtime: scrub: periodic check completed
May 09 08:50:39 kiseki-storage-2 kiseki-server[19037]: 2026-05-09T08:50:39.110758Z  INFO kiseki_server::runtime: scrub: periodic check completed
May 09 08:51:39 kiseki-storage-2 kiseki-server[19037]: 2026-05-09T08:51:39.111438Z  INFO kiseki_server::runtime: scrub: periodic check completed
May 09 08:52:39 kiseki-storage-2 kiseki-server[19037]: 2026-05-09T08:52:39.112416Z  INFO kiseki_server::runtime: scrub: periodic check completed
May 09 08:53:39 kiseki-storage-2 kiseki-server[19037]: 2026-05-09T08:53:39.113598Z  INFO kiseki_server::runtime: scrub: periodic check completed
May 09 08:54:39 kiseki-storage-2 kiseki-server[19037]: 2026-05-09T08:54:39.114254Z  INFO kiseki_server::runtime: scrub: periodic check completed
May 09 08:55:39 kiseki-storage-2 kiseki-server[19037]: 2026-05-09T08:55:39.115048Z  INFO kiseki_server::runtime: scrub: periodic check completed
May 09 08:56:39 kiseki-storage-2 kiseki-server[19037]: 2026-05-09T08:56:39.116489Z  INFO kiseki_server::runtime: scrub: periodic check completed
May 09 08:57:39 kiseki-storage-2 kiseki-server[19037]: 2026-05-09T08:57:39.117547Z  INFO kiseki_server::runtime: scrub: periodic check completed
