May 09 08:36:51 kiseki-storage-3 systemd[1]: Started Kiseki Storage Server (node 3, nvme).
May 09 08:36:51 kiseki-storage-3 kiseki-server[19985]: 2026-05-09T08:36:51.055930Z  INFO kiseki_server: kiseki-server starting data_addr=0.0.0.0:9100 advisory_addr=0.0.0.0:9101
May 09 08:36:51 kiseki-storage-3 kiseki-server[19985]: 2026-05-09T08:36:51.056059Z  WARN kiseki_server::runtime: advisory gRPC listening (PLAINTEXT — development only) addr=0.0.0.0:9101
May 09 08:36:51 kiseki-storage-3 kiseki-server[19985]: 2026-05-09T08:36:51.056250Z  INFO run_advisory_stream_server{addr=0.0.0.0:9102}: kiseki_advisory::stream: advisory TCP stream server listening addr=0.0.0.0:9102
May 09 08:36:51 kiseki-storage-3 kiseki-server[19985]: 2026-05-09T08:36:51.057120Z  INFO kiseki_server::runtime: system disk detected media_type=Nvme total_gb=49 soft_limit_gb=24 budget_gb=20
May 09 08:36:51 kiseki-storage-3 kiseki-server[19985]: 2026-05-09T08:36:51.057139Z  INFO kiseki_server::runtime: node identity configured node_id=3 peers=3 raft_addr=Some(10.0.0.12:9300)
May 09 08:36:51 kiseki-storage-3 kiseki-server[19985]: 2026-05-09T08:36:51.086771Z  INFO kiseki_server::runtime: key store at-rest identity source="file"
May 09 08:36:51 kiseki-storage-3 kiseki-server[19985]: 2026-05-09T08:36:51.086901Z  INFO fjall::db: Creating database at /var/lib/kiseki/keys/epochs
May 09 08:36:51 kiseki-storage-3 kiseki-server[19985]: 2026-05-09T08:36:51.095303Z  INFO lsm_tree::tree::ingest: Finished ingestion writer
May 09 08:36:51 kiseki-storage-3 kiseki-server[19985]: 2026-05-09T08:36:51.100229Z  INFO lsm_tree::tree::ingest: Finished ingestion writer
May 09 08:36:51 kiseki-storage-3 kiseki-server[19985]: 2026-05-09T08:36:51.103307Z  INFO kiseki_server::runtime: key manager: persistent (fjall) ready epoch=1
May 09 08:36:51 kiseki-storage-3 kiseki-server[19985]: 2026-05-09T08:36:51.106173Z  INFO kiseki_server::runtime: small object store: persistent (redb) path=/var/lib/kiseki
May 09 08:36:51 kiseki-storage-3 kiseki-server[19985]: 2026-05-09T08:36:51.106384Z  INFO kiseki_log::raft_shard_store: Raft runtime threads=64
May 09 08:36:51 kiseki-storage-3 kiseki-server[19985]: 2026-05-09T08:36:51.108733Z  INFO kiseki_log::raft_shard_store: Raft RPC listener spawned (multiplexed, ADR-041) addr=10.0.0.12:9300
May 09 08:36:51 kiseki-storage-3 kiseki-server[19985]: 2026-05-09T08:36:51.108880Z  WARN kiseki_raft::tcp_transport: Raft RPC listener started (plaintext — dev mode, multiplexed) addr=10.0.0.12:9300
May 09 08:36:51 kiseki-storage-3 kiseki-server[19985]: 2026-05-09T08:36:51.108944Z  INFO fjall::db: Creating database at /var/lib/kiseki/raft/shard-00000000-0000-0000-0000-000000000001
May 09 08:36:51 kiseki-storage-3 kiseki-server[19985]: 2026-05-09T08:36:51.114600Z  INFO lsm_tree::tree::ingest: Finished ingestion writer
May 09 08:36:51 kiseki-storage-3 kiseki-server[19985]: 2026-05-09T08:36:51.120011Z  INFO lsm_tree::tree::ingest: Finished ingestion writer
May 09 08:36:51 kiseki-storage-3 kiseki-server[19985]: 2026-05-09T08:36:51.121342Z  INFO openraft::storage::helper: get_initial_state: vote: <T0-N3:->, last_purged_log_id: None, last_applied: None, committed: None, last_log_id: None
May 09 08:36:51 kiseki-storage-3 kiseki-server[19985]: 2026-05-09T08:36:51.121355Z  INFO openraft::storage::helper: load membership from log: [0..0)
May 09 08:36:51 kiseki-storage-3 kiseki-server[19985]: 2026-05-09T08:36:51.121364Z  INFO openraft::storage::helper: load key log ids from (None,None]
May 09 08:36:51 kiseki-storage-3 kiseki-server[19985]: 2026-05-09T08:36:51.130887Z  INFO kiseki_log::raft_shard_store: shard registered with Raft RPC listener shard_id=00000000-0000-0000-0000-000000000001
May 09 08:36:51 kiseki-storage-3 kiseki-server[19985]: 2026-05-09T08:36:51.130861Z  INFO openraft::engine::engine_impl: startup begin: state: RaftState { vote: Leased { data: Vote { leader_id: LeaderId { term: 0, node_id: 3 }, committed: false }, last_update: Some(TokioInstant(Instant { tv_sec: 74, tv_nsec: 470187425 })), lease: 0ns, lease_enabled: true }, log_ids: LogIdList { purged: None, key_log_ids: [] }, membership_state: MembershipState { committed: EffectiveMembership { log_id: None, membership: Membership { configs: [], nodes: {} }, voter_ids: {} }, effective: EffectiveMembership { log_id: None, membership: Membership { configs: [], nodes: {} }, voter_ids: {} } }, snapshot_meta: SnapshotMeta { last_log_id: None, last_membership: StoredMembership { log_id: None, membership: Membership { configs: [], nodes: {} } }, snapshot_id: "" }, last_inflight_id: 0, server_state: Learner, io_state: IOState { building_snapshot: false, log_progress: IOProgress { accepted: Some(Vote(UncommittedVote { leader_id: LeaderId { term: 0, node_id: 3 } })), submitted: Some(Vote(UncommittedVote { leader_id: LeaderId { term: 0, node_id: 3 } })), flushed: Some(Vote(UncommittedVote { leader_id: LeaderId { term: 0, node_id: 3 } })), id: "3", name: "LogIO" }, apply_progress: IOProgress { accepted: None, submitted: None, flushed: None, id: "3", name: "Apply" }, snapshot: IOProgress { accepted: None, submitted: None, flushed: None, id: "3", name: "Snapshot" }, cluster_committed: MonotonicIncrease { value: None }, purged: None }, purge_upto: None, progress_id_gen: SharedIdGenerator { next_id: 1 } }, is_leader: false, is_voter: false
May 09 08:36:51 kiseki-storage-3 kiseki-server[19985]: 2026-05-09T08:36:51.130910Z  INFO openraft::engine::engine_impl: startup done, id=3, target_state: Learner
May 09 08:36:51 kiseki-storage-3 kiseki-server[19985]: 2026-05-09T08:36:51.130900Z  INFO kiseki_server::runtime: log store: Raft node_id=3 peers=3
May 09 08:36:51 kiseki-storage-3 kiseki-server[19985]: 2026-05-09T08:36:51.131109Z  INFO fjall::db: Creating database at /var/lib/kiseki/raft/cluster_control
May 09 08:36:51 kiseki-storage-3 kiseki-server[19985]: 2026-05-09T08:36:51.136313Z  INFO lsm_tree::tree::ingest: Finished ingestion writer
May 09 08:36:51 kiseki-storage-3 kiseki-server[19985]: 2026-05-09T08:36:51.141231Z  INFO lsm_tree::tree::ingest: Finished ingestion writer
May 09 08:36:51 kiseki-storage-3 kiseki-server[19985]: 2026-05-09T08:36:51.142605Z  INFO openraft::storage::helper: get_initial_state: vote: <T0-N3:->, last_purged_log_id: None, last_applied: None, committed: None, last_log_id: None
May 09 08:36:51 kiseki-storage-3 kiseki-server[19985]: 2026-05-09T08:36:51.142628Z  INFO openraft::storage::helper: load membership from log: [0..0)
May 09 08:36:51 kiseki-storage-3 kiseki-server[19985]: 2026-05-09T08:36:51.142642Z  INFO openraft::storage::helper: load key log ids from (None,None]
May 09 08:36:51 kiseki-storage-3 kiseki-server[19985]: 2026-05-09T08:36:51.142763Z  INFO kiseki_server::runtime: control-plane Raft group: up (ADR-033 §4) node_id=3 peers=3
May 09 08:36:51 kiseki-storage-3 kiseki-server[19985]: 2026-05-09T08:36:51.142724Z  INFO openraft::engine::engine_impl: startup begin: state: RaftState { vote: Leased { data: Vote { leader_id: LeaderId { term: 0, node_id: 3 }, committed: false }, last_update: Some(TokioInstant(Instant { tv_sec: 74, tv_nsec: 491465990 })), lease: 0ns, lease_enabled: true }, log_ids: LogIdList { purged: None, key_log_ids: [] }, membership_state: MembershipState { committed: EffectiveMembership { log_id: None, membership: Membership { configs: [], nodes: {} }, voter_ids: {} }, effective: EffectiveMembership { log_id: None, membership: Membership { configs: [], nodes: {} }, voter_ids: {} } }, snapshot_meta: SnapshotMeta { last_log_id: None, last_membership: StoredMembership { log_id: None, membership: Membership { configs: [], nodes: {} } }, snapshot_id: "" }, last_inflight_id: 0, server_state: Learner, io_state: IOState { building_snapshot: false, log_progress: IOProgress { accepted: Some(Vote(UncommittedVote { leader_id: LeaderId { term: 0, node_id: 3 } })), submitted: Some(Vote(UncommittedVote { leader_id: LeaderId { term: 0, node_id: 3 } })), flushed: Some(Vote(UncommittedVote { leader_id: LeaderId { term: 0, node_id: 3 } })), id: "3", name: "LogIO" }, apply_progress: IOProgress { accepted: None, submitted: None, flushed: None, id: "3", name: "Apply" }, snapshot: IOProgress { accepted: None, submitted: None, flushed: None, id: "3", name: "Snapshot" }, cluster_committed: MonotonicIncrease { value: None }, purged: None }, purge_upto: None, progress_id_gen: SharedIdGenerator { next_id: 1 } }, is_leader: false, is_voter: false
May 09 08:36:51 kiseki-storage-3 kiseki-server[19985]: 2026-05-09T08:36:51.142782Z  INFO openraft::engine::engine_impl: startup done, id=3, target_state: Learner
May 09 08:36:51 kiseki-storage-3 kiseki-server[19985]: 2026-05-09T08:36:51.142780Z  INFO kiseki_server::runtime: audit log: in-memory events=0
May 09 08:36:51 kiseki-storage-3 kiseki-server[19985]: 2026-05-09T08:36:51.145151Z  INFO fjall::db: Creating database at /var/lib/kiseki/chunks/meta
May 09 08:36:51 kiseki-storage-3 kiseki-server[19985]: 2026-05-09T08:36:51.150166Z  INFO lsm_tree::tree::ingest: Finished ingestion writer
May 09 08:36:51 kiseki-storage-3 kiseki-server[19985]: 2026-05-09T08:36:51.154805Z  INFO lsm_tree::tree::ingest: Finished ingestion writer
May 09 08:36:51 kiseki-storage-3 kiseki-server[19985]: 2026-05-09T08:36:51.156033Z  INFO kiseki_server::runtime: chunk store: persistent (raw block, group commit) path=/var/lib/kiseki flush_interval_ms=100
May 09 08:36:51 kiseki-storage-3 kiseki-server[19985]: 2026-05-09T08:36:51.156062Z  INFO kiseki_server::runtime: fabric peer registered for cross-node chunks peer_id=1 fabric_addr="10.0.0.10:9100"
May 09 08:36:51 kiseki-storage-3 kiseki-server[19985]: 2026-05-09T08:36:51.156074Z  INFO kiseki_server::runtime: fabric peer registered for cross-node chunks peer_id=2 fabric_addr="10.0.0.11:9100"
May 09 08:36:51 kiseki-storage-3 kiseki-server[19985]: 2026-05-09T08:36:51.156079Z  INFO kiseki_server::runtime: cross-node chunk replication enabled (Phase 16a) peers=2
May 09 08:36:51 kiseki-storage-3 kiseki-server[19985]: 2026-05-09T08:36:51.156082Z  INFO kiseki_server::runtime: cluster durability defaults cluster_size=3 copies=3 min_acks=2 strategy=Replication { copies: 3 }
May 09 08:36:51 kiseki-storage-3 kiseki-server[19985]: 2026-05-09T08:36:51.156094Z  INFO kiseki_server::runtime: scrub scheduler: spawned (orphan + under-replication, 10-min cadence, drain-on-shutdown)
May 09 08:36:51 kiseki-storage-3 kiseki-server[19985]: 2026-05-09T08:36:51.156097Z  INFO kiseki_server::runtime: raw block devices configured devices=8
May 09 08:36:51 kiseki-storage-3 kiseki-server[19985]: 2026-05-09T08:36:51.156107Z  INFO kiseki_server::runtime: raw device detected device="/dev/disk/by-id/google-local-nvme-ssd-0"
May 09 08:36:51 kiseki-storage-3 kiseki-server[19985]: 2026-05-09T08:36:51.156113Z  INFO kiseki_server::runtime: raw device detected device="/dev/disk/by-id/google-local-nvme-ssd-1"
May 09 08:36:51 kiseki-storage-3 kiseki-server[19985]: 2026-05-09T08:36:51.156118Z  INFO kiseki_server::runtime: raw device detected device="/dev/disk/by-id/google-local-nvme-ssd-2"
May 09 08:36:51 kiseki-storage-3 kiseki-server[19985]: 2026-05-09T08:36:51.156122Z  INFO kiseki_server::runtime: raw device detected device="/dev/disk/by-id/google-local-nvme-ssd-3"
May 09 08:36:51 kiseki-storage-3 kiseki-server[19985]: 2026-05-09T08:36:51.156127Z  INFO kiseki_server::runtime: raw device detected device="/dev/disk/by-id/google-local-nvme-ssd-4"
May 09 08:36:51 kiseki-storage-3 kiseki-server[19985]: 2026-05-09T08:36:51.156132Z  INFO kiseki_server::runtime: raw device detected device="/dev/disk/by-id/google-local-nvme-ssd-5"
May 09 08:36:51 kiseki-storage-3 kiseki-server[19985]: 2026-05-09T08:36:51.156137Z  INFO kiseki_server::runtime: raw device detected device="/dev/disk/by-id/google-local-nvme-ssd-6"
May 09 08:36:51 kiseki-storage-3 kiseki-server[19985]: 2026-05-09T08:36:51.156141Z  INFO kiseki_server::runtime: raw device detected device="/dev/disk/by-id/google-local-nvme-ssd-7"
May 09 08:36:51 kiseki-storage-3 kiseki-server[19985]: 2026-05-09T08:36:51.156217Z  INFO fjall::db: Creating database at /var/lib/kiseki/metadata/compositions
May 09 08:36:51 kiseki-storage-3 kiseki-server[19985]: 2026-05-09T08:36:51.157198Z  INFO kiseki_chunk_cluster::scrub_scheduler: scrub scheduler: shutdown received, draining
May 09 08:36:51 kiseki-storage-3 kiseki-server[19985]: 2026-05-09T08:36:51.161306Z  INFO lsm_tree::tree::ingest: Finished ingestion writer
May 09 08:36:51 kiseki-storage-3 kiseki-server[19985]: 2026-05-09T08:36:51.166212Z  INFO lsm_tree::tree::ingest: Finished ingestion writer
May 09 08:36:51 kiseki-storage-3 kiseki-server[19985]: 2026-05-09T08:36:51.170212Z  INFO lsm_tree::tree::ingest: Finished ingestion writer
May 09 08:36:51 kiseki-storage-3 kiseki-server[19985]: 2026-05-09T08:36:51.175974Z  INFO lsm_tree::tree::ingest: Finished ingestion writer
May 09 08:36:51 kiseki-storage-3 kiseki-server[19985]: 2026-05-09T08:36:51.177885Z  INFO kiseki_server::runtime: composition store: persistent (fjall, eventual durability) path=/var/lib/kiseki/metadata/compositions interval_ms=100
May 09 08:36:51 kiseki-storage-3 kiseki-server[19985]: 2026-05-09T08:36:51.180426Z  INFO kiseki_server::runtime: view store: persistent (redb-backed, ADR-040) path=/var/lib/kiseki/metadata/views.redb
May 09 08:36:51 kiseki-storage-3 kiseki-server[19985]: 2026-05-09T08:36:51.181234Z  INFO kiseki_server::runtime: bootstrap: namespace 'default' + view installed (Raft follower; will hydrate compositions from log)
May 09 08:36:51 kiseki-storage-3 kiseki-server[19985]: 2026-05-09T08:36:51.181266Z  INFO kiseki_server::runtime: inline write path disabled in multi-node cluster — small writes go through fabric (Phase 16a)
May 09 08:36:51 kiseki-storage-3 kiseki-server[19985]: 2026-05-09T08:36:51.181274Z  INFO kiseki_server::runtime: fsync hook: composition store (fjall) registered
May 09 08:36:51 kiseki-storage-3 kiseki-server[19985]: 2026-05-09T08:36:51.181277Z  INFO kiseki_server::runtime: fsync hook: chunk-store device registered
May 09 08:36:51 kiseki-storage-3 kiseki-server[19985]: 2026-05-09T08:36:51.181326Z  WARN kiseki::nfs::security: NFS path is PLAINTEXT — fh4s and data are observable on the network. Mitigations: VPC isolation, firewall ingress restrictions. Compliance: this configuration violates I-PN7-default and is acceptable only with documented compensating controls.
May 09 08:36:51 kiseki-storage-3 kiseki-server[19985]: 2026-05-09T08:36:51.181339Z  INFO kiseki_server::runtime: NFS transport posture mode=Plaintext layout_ttl_seconds=60
May 09 08:36:51 kiseki-storage-3 kiseki-server[19985]: 2026-05-09T08:36:51.181405Z  WARN kiseki_gateway::s3_server: S3 HTTP gateway listening (PLAINTEXT — development only) addr=0.0.0.0:9000
May 09 08:36:51 kiseki-storage-3 kiseki-server[19985]: 2026-05-09T08:36:51.181463Z  INFO kiseki_gateway::nfs_server: NFS server listening (NFSv3 + NFSv4.2) addr=0.0.0.0:2049
May 09 08:36:51 kiseki-storage-3 kiseki-server[19985]: 2026-05-09T08:36:51.181465Z  INFO kiseki_server::runtime: portmapper listening (NFS3 + MOUNT3 → NFS port) addr=0.0.0.0:111 advertised_nfs_port=2049
May 09 08:36:51 kiseki-storage-3 kiseki-server[19985]: 2026-05-09T08:36:51.181494Z  INFO kiseki_server::metrics: metrics + admin UI server listening addr=0.0.0.0:9090
May 09 08:36:51 kiseki-storage-3 kiseki-server[19985]: 2026-05-09T08:36:51.181513Z  INFO kiseki_server::runtime: pNFS DS listener spawned addr=0.0.0.0:2052
May 09 08:36:51 kiseki-storage-3 kiseki-server[19985]: 2026-05-09T08:36:51.181518Z  INFO kiseki_server::runtime: composition hydrator spawned (Phase 16f — followers consume create-deltas)
May 09 08:36:51 kiseki-storage-3 kiseki-server[19985]: 2026-05-09T08:36:51.181522Z  INFO kiseki_server::runtime: backup: disabled (set KISEKI_BACKUP_BACKEND=fs|s3 to enable)
May 09 08:36:51 kiseki-storage-3 kiseki-server[19985]: 2026-05-09T08:36:51.181525Z  INFO kiseki_server::runtime: control plane: in-process (ControlService on data-path gRPC)
May 09 08:36:51 kiseki-storage-3 kiseki-server[19985]: 2026-05-09T08:36:51.181553Z  INFO kiseki_gateway::pnfs_ds_server: pNFS DS listening addr=0.0.0.0:2052 tls=false
May 09 08:36:51 kiseki-storage-3 kiseki-server[19985]: 2026-05-09T08:36:51.183392Z  INFO openraft::engine::handler::vote_handler: vote is changing from <T0-N3:-> to <T3-N1:Q>
May 09 08:36:51 kiseki-storage-3 kiseki-server[19985]: 2026-05-09T08:36:51.184505Z  INFO kiseki_server::runtime: tuning store: persistent (redb) path=/var/lib/kiseki/tuning
May 09 08:36:51 kiseki-storage-3 kiseki-server[19985]: 2026-05-09T08:36:51.184609Z  WARN kiseki_server::runtime: data-path gRPC listening (PLAINTEXT — development only) addr=0.0.0.0:9100
May 09 08:36:51 kiseki-storage-3 kiseki-server[19985]: 2026-05-09T08:36:51.184644Z  WARN kiseki_server::runtime: ClusterChunkService: NO SAN interceptor (plaintext development mode — cross-node fabric is not protected against tenant certs)
May 09 08:36:51 kiseki-storage-3 kiseki-server[19985]: 2026-05-09T08:36:51.184667Z  INFO kiseki_server::runtime: [transport.native] available bindings (in priority order):
May 09 08:36:51 kiseki-storage-3 kiseki-server[19985]: 2026-05-09T08:36:51.184672Z  INFO kiseki_server::runtime:   1. tcp-framed       (latency_class=Low, addr=0.0.0.0:9103)
May 09 08:36:51 kiseki-storage-3 kiseki-server[19985]: 2026-05-09T08:36:51.184675Z  INFO kiseki_server::runtime:   2. grpc-h2          (latency_class=Standard, addr=0.0.0.0:9100)
May 09 08:36:51 kiseki-storage-3 kiseki-server[19985]: 2026-05-09T08:36:51.184678Z  INFO kiseki_server::runtime: [transport.native] override available via KISEKI_NATIVE_TRANSPORT={grpc|tcp|ibverbs|libfabric|auto}
May 09 08:36:51 kiseki-storage-3 kiseki-server[19985]: 2026-05-09T08:36:51.184694Z  INFO kiseki_server::runtime: TCP-framed native binding registered (ADR-042 §2.2) addr=0.0.0.0:9103 require_tls=false
May 09 08:36:51 kiseki-storage-3 kiseki-server[19985]: 2026-05-09T08:36:51.184699Z  INFO kiseki_server::runtime: gRPC native binding registered on shared data_addr (ADR-042 §2.1) require_tls=false
May 09 08:36:51 kiseki-storage-3 kiseki-server[19985]: 2026-05-09T08:36:51.184808Z  WARN kiseki_gateway::native::tcp_framed::listener: TCP-framed native binding listening (plaintext — dev mode; connections see synthetic 'dev' SAN) addr=0.0.0.0:9103
May 09 08:36:51 kiseki-storage-3 kiseki-server[19985]: 2026-05-09T08:36:51.197380Z  INFO openraft::engine::handler::vote_handler: vote is changing from <T0-N3:-> to <T3-N1:Q>
May 09 08:37:51 kiseki-storage-3 kiseki-server[19985]: 2026-05-09T08:37:51.182057Z  INFO kiseki_server::runtime: scrub: periodic check completed
May 09 08:38:40 kiseki-storage-3 kiseki-server[19985]: 2026-05-09T08:38:40.460850Z  INFO kiseki_composition::hydrator: composition hydrator: installed compositions from log applied=2 last_applied=2
May 09 08:38:42 kiseki-storage-3 kiseki-server[19985]: 2026-05-09T08:38:42.987849Z  INFO kiseki_composition::hydrator: composition hydrator: installed compositions from log applied=1 last_applied=3
May 09 08:38:51 kiseki-storage-3 kiseki-server[19985]: 2026-05-09T08:38:51.184061Z  INFO kiseki_server::runtime: scrub: periodic check completed
May 09 08:39:05 kiseki-storage-3 kiseki-server[19985]: 2026-05-09T08:39:05.424466Z  INFO kiseki_composition::hydrator: composition hydrator: installed compositions from log applied=1 last_applied=4
May 09 08:39:07 kiseki-storage-3 kiseki-server[19985]: 2026-05-09T08:39:07.747882Z  INFO kiseki_composition::hydrator: composition hydrator: installed compositions from log applied=1 last_applied=5
May 09 08:39:07 kiseki-storage-3 kiseki-server[19985]: 2026-05-09T08:39:07.849187Z  INFO kiseki_composition::hydrator: composition hydrator: installed compositions from log applied=1 last_applied=6
May 09 08:39:07 kiseki-storage-3 kiseki-server[19985]: 2026-05-09T08:39:07.951289Z  INFO kiseki_composition::hydrator: composition hydrator: installed compositions from log applied=1 last_applied=7
May 09 08:39:08 kiseki-storage-3 kiseki-server[19985]: 2026-05-09T08:39:08.053351Z  INFO kiseki_composition::hydrator: composition hydrator: installed compositions from log applied=1 last_applied=8
May 09 08:39:08 kiseki-storage-3 kiseki-server[19985]: 2026-05-09T08:39:08.255917Z  INFO kiseki_composition::hydrator: composition hydrator: installed compositions from log applied=4 last_applied=12
May 09 08:39:08 kiseki-storage-3 kiseki-server[19985]: 2026-05-09T08:39:08.357156Z  INFO kiseki_composition::hydrator: composition hydrator: installed compositions from log applied=2 last_applied=14
May 09 08:39:08 kiseki-storage-3 kiseki-server[19985]: 2026-05-09T08:39:08.459288Z  INFO kiseki_composition::hydrator: composition hydrator: installed compositions from log applied=3 last_applied=17
May 09 08:39:08 kiseki-storage-3 kiseki-server[19985]: 2026-05-09T08:39:08.561582Z  INFO kiseki_composition::hydrator: composition hydrator: installed compositions from log applied=4 last_applied=21
May 09 08:39:08 kiseki-storage-3 kiseki-server[19985]: 2026-05-09T08:39:08.662851Z  INFO kiseki_composition::hydrator: composition hydrator: installed compositions from log applied=3 last_applied=24
May 09 08:39:08 kiseki-storage-3 kiseki-server[19985]: 2026-05-09T08:39:08.966624Z  INFO kiseki_composition::hydrator: composition hydrator: installed compositions from log applied=8 last_applied=32
May 09 08:39:09 kiseki-storage-3 kiseki-server[19985]: 2026-05-09T08:39:09.067901Z  INFO kiseki_composition::hydrator: composition hydrator: installed compositions from log applied=6 last_applied=38
May 09 08:39:09 kiseki-storage-3 kiseki-server[19985]: 2026-05-09T08:39:09.168962Z  INFO kiseki_composition::hydrator: composition hydrator: installed compositions from log applied=11 last_applied=49
May 09 08:39:09 kiseki-storage-3 kiseki-server[19985]: 2026-05-09T08:39:09.270244Z  INFO kiseki_composition::hydrator: composition hydrator: installed compositions from log applied=6 last_applied=55
May 09 08:39:09 kiseki-storage-3 kiseki-server[19985]: 2026-05-09T08:39:09.372756Z  INFO kiseki_composition::hydrator: composition hydrator: installed compositions from log applied=7 last_applied=62
May 09 08:39:09 kiseki-storage-3 kiseki-server[19985]: 2026-05-09T08:39:09.473890Z  INFO kiseki_composition::hydrator: composition hydrator: installed compositions from log applied=8 last_applied=70
May 09 08:39:09 kiseki-storage-3 kiseki-server[19985]: 2026-05-09T08:39:09.575149Z  INFO kiseki_composition::hydrator: composition hydrator: installed compositions from log applied=10 last_applied=80
May 09 08:39:09 kiseki-storage-3 kiseki-server[19985]: 2026-05-09T08:39:09.677264Z  INFO kiseki_composition::hydrator: composition hydrator: installed compositions from log applied=8 last_applied=88
May 09 08:39:10 kiseki-storage-3 kiseki-server[19985]: 2026-05-09T08:39:10.184133Z  INFO kiseki_composition::hydrator: composition hydrator: installed compositions from log applied=1 last_applied=89
May 09 08:39:10 kiseki-storage-3 kiseki-server[19985]: 2026-05-09T08:39:10.286201Z  INFO kiseki_composition::hydrator: composition hydrator: installed compositions from log applied=7 last_applied=96
May 09 08:39:10 kiseki-storage-3 kiseki-server[19985]: 2026-05-09T08:39:10.388389Z  INFO kiseki_composition::hydrator: composition hydrator: installed compositions from log applied=7 last_applied=103
May 09 08:39:10 kiseki-storage-3 kiseki-server[19985]: 2026-05-09T08:39:10.490513Z  INFO kiseki_composition::hydrator: composition hydrator: installed compositions from log applied=13 last_applied=116
May 09 08:39:10 kiseki-storage-3 kiseki-server[19985]: 2026-05-09T08:39:10.592713Z  INFO kiseki_composition::hydrator: composition hydrator: installed compositions from log applied=8 last_applied=124
May 09 08:39:10 kiseki-storage-3 kiseki-server[19985]: 2026-05-09T08:39:10.694782Z  INFO kiseki_composition::hydrator: composition hydrator: installed compositions from log applied=17 last_applied=141
May 09 08:39:10 kiseki-storage-3 kiseki-server[19985]: 2026-05-09T08:39:10.796848Z  INFO kiseki_composition::hydrator: composition hydrator: installed compositions from log applied=14 last_applied=155
May 09 08:39:10 kiseki-storage-3 kiseki-server[19985]: 2026-05-09T08:39:10.897878Z  INFO kiseki_composition::hydrator: composition hydrator: installed compositions from log applied=7 last_applied=162
May 09 08:39:10 kiseki-storage-3 kiseki-server[19985]: 2026-05-09T08:39:10.998954Z  INFO kiseki_composition::hydrator: composition hydrator: installed compositions from log applied=5 last_applied=167
May 09 08:39:11 kiseki-storage-3 kiseki-server[19985]: 2026-05-09T08:39:11.099975Z  INFO kiseki_composition::hydrator: composition hydrator: installed compositions from log applied=7 last_applied=174
May 09 08:39:11 kiseki-storage-3 kiseki-server[19985]: 2026-05-09T08:39:11.201192Z  INFO kiseki_composition::hydrator: composition hydrator: installed compositions from log applied=8 last_applied=182
May 09 08:39:11 kiseki-storage-3 kiseki-server[19985]: 2026-05-09T08:39:11.303051Z  INFO kiseki_composition::hydrator: composition hydrator: installed compositions from log applied=9 last_applied=191
May 09 08:39:11 kiseki-storage-3 kiseki-server[19985]: 2026-05-09T08:39:11.405276Z  INFO kiseki_composition::hydrator: composition hydrator: installed compositions from log applied=5 last_applied=196
May 09 08:39:11 kiseki-storage-3 kiseki-server[19985]: 2026-05-09T08:39:11.507592Z  INFO kiseki_composition::hydrator: composition hydrator: installed compositions from log applied=12 last_applied=208
May 09 08:39:11 kiseki-storage-3 kiseki-server[19985]: 2026-05-09T08:39:11.609792Z  INFO kiseki_composition::hydrator: composition hydrator: installed compositions from log applied=13 last_applied=221
May 09 08:39:11 kiseki-storage-3 kiseki-server[19985]: 2026-05-09T08:39:11.710822Z  INFO kiseki_composition::hydrator: composition hydrator: installed compositions from log applied=12 last_applied=233
May 09 08:39:11 kiseki-storage-3 kiseki-server[19985]: 2026-05-09T08:39:11.811927Z  INFO kiseki_composition::hydrator: composition hydrator: installed compositions from log applied=4 last_applied=237
May 09 08:39:11 kiseki-storage-3 kiseki-server[19985]: 2026-05-09T08:39:11.912876Z  INFO kiseki_composition::hydrator: composition hydrator: installed compositions from log applied=12 last_applied=249
May 09 08:39:12 kiseki-storage-3 kiseki-server[19985]: 2026-05-09T08:39:12.014717Z  INFO kiseki_composition::hydrator: composition hydrator: installed compositions from log applied=9 last_applied=258
May 09 08:39:12 kiseki-storage-3 kiseki-server[19985]: 2026-05-09T08:39:12.115921Z  INFO kiseki_composition::hydrator: composition hydrator: installed compositions from log applied=9 last_applied=267
May 09 08:39:12 kiseki-storage-3 kiseki-server[19985]: 2026-05-09T08:39:12.216994Z  INFO kiseki_composition::hydrator: composition hydrator: installed compositions from log applied=3 last_applied=270
May 09 08:39:12 kiseki-storage-3 kiseki-server[19985]: 2026-05-09T08:39:12.318166Z  INFO kiseki_composition::hydrator: composition hydrator: installed compositions from log applied=11 last_applied=281
May 09 08:39:12 kiseki-storage-3 kiseki-server[19985]: 2026-05-09T08:39:12.420034Z  INFO kiseki_composition::hydrator: composition hydrator: installed compositions from log applied=11 last_applied=292
May 09 08:39:12 kiseki-storage-3 kiseki-server[19985]: 2026-05-09T08:39:12.522563Z  INFO kiseki_composition::hydrator: composition hydrator: installed compositions from log applied=15 last_applied=307
May 09 08:39:12 kiseki-storage-3 kiseki-server[19985]: 2026-05-09T08:39:12.624553Z  INFO kiseki_composition::hydrator: composition hydrator: installed compositions from log applied=15 last_applied=322
May 09 08:39:12 kiseki-storage-3 kiseki-server[19985]: 2026-05-09T08:39:12.726690Z  INFO kiseki_composition::hydrator: composition hydrator: installed compositions from log applied=16 last_applied=338
May 09 08:39:12 kiseki-storage-3 kiseki-server[19985]: 2026-05-09T08:39:12.827867Z  INFO kiseki_composition::hydrator: composition hydrator: installed compositions from log applied=6 last_applied=344
May 09 08:39:13 kiseki-storage-3 kiseki-server[19985]: 2026-05-09T08:39:13.333602Z  INFO kiseki_composition::hydrator: composition hydrator: installed compositions from log applied=2 last_applied=346
May 09 08:39:13 kiseki-storage-3 kiseki-server[19985]: 2026-05-09T08:39:13.638453Z  INFO kiseki_composition::hydrator: composition hydrator: installed compositions from log applied=5 last_applied=351
May 09 08:39:13 kiseki-storage-3 kiseki-server[19985]: 2026-05-09T08:39:13.739929Z  INFO kiseki_composition::hydrator: composition hydrator: installed compositions from log applied=1 last_applied=352
May 09 08:39:13 kiseki-storage-3 kiseki-server[19985]: 2026-05-09T08:39:13.841345Z  INFO kiseki_composition::hydrator: composition hydrator: installed compositions from log applied=8 last_applied=360
May 09 08:39:13 kiseki-storage-3 kiseki-server[19985]: 2026-05-09T08:39:13.943679Z  INFO kiseki_composition::hydrator: composition hydrator: installed compositions from log applied=5 last_applied=365
May 09 08:39:14 kiseki-storage-3 kiseki-server[19985]: 2026-05-09T08:39:14.044985Z  INFO kiseki_composition::hydrator: composition hydrator: installed compositions from log applied=6 last_applied=371
May 09 08:39:14 kiseki-storage-3 kiseki-server[19985]: 2026-05-09T08:39:14.146269Z  INFO kiseki_composition::hydrator: composition hydrator: installed compositions from log applied=10 last_applied=381
May 09 08:39:14 kiseki-storage-3 kiseki-server[19985]: 2026-05-09T08:39:14.248655Z  INFO kiseki_composition::hydrator: composition hydrator: installed compositions from log applied=9 last_applied=390
May 09 08:39:14 kiseki-storage-3 kiseki-server[19985]: 2026-05-09T08:39:14.350064Z  INFO kiseki_composition::hydrator: composition hydrator: installed compositions from log applied=8 last_applied=398
May 09 08:39:14 kiseki-storage-3 kiseki-server[19985]: 2026-05-09T08:39:14.452693Z  INFO kiseki_composition::hydrator: composition hydrator: installed compositions from log applied=15 last_applied=413
May 09 08:39:14 kiseki-storage-3 kiseki-server[19985]: 2026-05-09T08:39:14.554067Z  INFO kiseki_composition::hydrator: composition hydrator: installed compositions from log applied=15 last_applied=428
May 09 08:39:14 kiseki-storage-3 kiseki-server[19985]: 2026-05-09T08:39:14.656466Z  INFO kiseki_composition::hydrator: composition hydrator: installed compositions from log applied=18 last_applied=446
May 09 08:39:14 kiseki-storage-3 kiseki-server[19985]: 2026-05-09T08:39:14.758053Z  INFO kiseki_composition::hydrator: composition hydrator: installed compositions from log applied=9 last_applied=455
May 09 08:39:14 kiseki-storage-3 kiseki-server[19985]: 2026-05-09T08:39:14.860691Z  INFO kiseki_composition::hydrator: composition hydrator: installed compositions from log applied=19 last_applied=474
May 09 08:39:14 kiseki-storage-3 kiseki-server[19985]: 2026-05-09T08:39:14.962107Z  INFO kiseki_composition::hydrator: composition hydrator: installed compositions from log applied=8 last_applied=482
May 09 08:39:15 kiseki-storage-3 kiseki-server[19985]: 2026-05-09T08:39:15.064542Z  INFO kiseki_composition::hydrator: composition hydrator: installed compositions from log applied=3 last_applied=485
May 09 08:39:15 kiseki-storage-3 kiseki-server[19985]: 2026-05-09T08:39:15.166637Z  INFO kiseki_composition::hydrator: composition hydrator: installed compositions from log applied=6 last_applied=491
May 09 08:39:15 kiseki-storage-3 kiseki-server[19985]: 2026-05-09T08:39:15.268168Z  INFO kiseki_composition::hydrator: composition hydrator: installed compositions from log applied=4 last_applied=495
May 09 08:39:15 kiseki-storage-3 kiseki-server[19985]: 2026-05-09T08:39:15.370611Z  INFO kiseki_composition::hydrator: composition hydrator: installed compositions from log applied=4 last_applied=499
May 09 08:39:15 kiseki-storage-3 kiseki-server[19985]: 2026-05-09T08:39:15.472262Z  INFO kiseki_composition::hydrator: composition hydrator: installed compositions from log applied=2 last_applied=501
May 09 08:39:15 kiseki-storage-3 kiseki-server[19985]: 2026-05-09T08:39:15.573996Z  INFO kiseki_composition::hydrator: composition hydrator: installed compositions from log applied=11 last_applied=512
May 09 08:39:15 kiseki-storage-3 kiseki-server[19985]: 2026-05-09T08:39:15.675431Z  INFO kiseki_composition::hydrator: composition hydrator: installed compositions from log applied=6 last_applied=518
May 09 08:39:15 kiseki-storage-3 kiseki-server[19985]: 2026-05-09T08:39:15.777072Z  INFO kiseki_composition::hydrator: composition hydrator: installed compositions from log applied=9 last_applied=527
May 09 08:39:15 kiseki-storage-3 kiseki-server[19985]: 2026-05-09T08:39:15.879597Z  INFO kiseki_composition::hydrator: composition hydrator: installed compositions from log applied=4 last_applied=531
May 09 08:39:15 kiseki-storage-3 kiseki-server[19985]: 2026-05-09T08:39:15.981270Z  INFO kiseki_composition::hydrator: composition hydrator: installed compositions from log applied=10 last_applied=541
May 09 08:39:16 kiseki-storage-3 kiseki-server[19985]: 2026-05-09T08:39:16.083516Z  INFO kiseki_composition::hydrator: composition hydrator: installed compositions from log applied=10 last_applied=551
May 09 08:39:16 kiseki-storage-3 kiseki-server[19985]: 2026-05-09T08:39:16.184705Z  INFO kiseki_composition::hydrator: composition hydrator: installed compositions from log applied=8 last_applied=559
May 09 08:39:16 kiseki-storage-3 kiseki-server[19985]: 2026-05-09T08:39:16.285959Z  INFO kiseki_composition::hydrator: composition hydrator: installed compositions from log applied=8 last_applied=567
May 09 08:39:16 kiseki-storage-3 kiseki-server[19985]: 2026-05-09T08:39:16.387641Z  INFO kiseki_composition::hydrator: composition hydrator: installed compositions from log applied=11 last_applied=578
May 09 08:39:16 kiseki-storage-3 kiseki-server[19985]: 2026-05-09T08:39:16.488964Z  INFO kiseki_composition::hydrator: composition hydrator: installed compositions from log applied=8 last_applied=586
May 09 08:39:16 kiseki-storage-3 kiseki-server[19985]: 2026-05-09T08:39:16.590258Z  INFO kiseki_composition::hydrator: composition hydrator: installed compositions from log applied=17 last_applied=603
May 09 08:39:16 kiseki-storage-3 kiseki-server[19985]: 2026-05-09T08:39:16.691752Z  INFO kiseki_composition::hydrator: composition hydrator: installed compositions from log applied=11 last_applied=614
May 09 08:39:16 kiseki-storage-3 kiseki-server[19985]: 2026-05-09T08:39:16.793146Z  INFO kiseki_composition::hydrator: composition hydrator: installed compositions from log applied=10 last_applied=624
May 09 08:39:16 kiseki-storage-3 kiseki-server[19985]: 2026-05-09T08:39:16.894610Z  INFO kiseki_composition::hydrator: composition hydrator: installed compositions from log applied=7 last_applied=631
May 09 08:39:16 kiseki-storage-3 kiseki-server[19985]: 2026-05-09T08:39:16.996420Z  INFO kiseki_composition::hydrator: composition hydrator: installed compositions from log applied=13 last_applied=644
May 09 08:39:17 kiseki-storage-3 kiseki-server[19985]: 2026-05-09T08:39:17.097875Z  INFO kiseki_composition::hydrator: composition hydrator: installed compositions from log applied=16 last_applied=660
May 09 08:39:17 kiseki-storage-3 kiseki-server[19985]: 2026-05-09T08:39:17.199465Z  INFO kiseki_composition::hydrator: composition hydrator: installed compositions from log applied=8 last_applied=668
May 09 08:39:17 kiseki-storage-3 kiseki-server[19985]: 2026-05-09T08:39:17.300896Z  INFO kiseki_composition::hydrator: composition hydrator: installed compositions from log applied=4 last_applied=672
May 09 08:39:17 kiseki-storage-3 kiseki-server[19985]: 2026-05-09T08:39:17.402600Z  INFO kiseki_composition::hydrator: composition hydrator: installed compositions from log applied=8 last_applied=680
May 09 08:39:17 kiseki-storage-3 kiseki-server[19985]: 2026-05-09T08:39:17.503893Z  INFO kiseki_composition::hydrator: composition hydrator: installed compositions from log applied=9 last_applied=689
May 09 08:39:17 kiseki-storage-3 kiseki-server[19985]: 2026-05-09T08:39:17.605224Z  INFO kiseki_composition::hydrator: composition hydrator: installed compositions from log applied=8 last_applied=697
May 09 08:39:17 kiseki-storage-3 kiseki-server[19985]: 2026-05-09T08:39:17.707782Z  INFO kiseki_composition::hydrator: composition hydrator: installed compositions from log applied=13 last_applied=710
May 09 08:39:17 kiseki-storage-3 kiseki-server[19985]: 2026-05-09T08:39:17.808992Z  INFO kiseki_composition::hydrator: composition hydrator: installed compositions from log applied=8 last_applied=718
May 09 08:39:17 kiseki-storage-3 kiseki-server[19985]: 2026-05-09T08:39:17.910274Z  INFO kiseki_composition::hydrator: composition hydrator: installed compositions from log applied=9 last_applied=727
May 09 08:39:18 kiseki-storage-3 kiseki-server[19985]: 2026-05-09T08:39:18.012626Z  INFO kiseki_composition::hydrator: composition hydrator: installed compositions from log applied=16 last_applied=743
May 09 08:39:18 kiseki-storage-3 kiseki-server[19985]: 2026-05-09T08:39:18.114077Z  INFO kiseki_composition::hydrator: composition hydrator: installed compositions from log applied=12 last_applied=755
May 09 08:39:18 kiseki-storage-3 kiseki-server[19985]: 2026-05-09T08:39:18.216338Z  INFO kiseki_composition::hydrator: composition hydrator: installed compositions from log applied=3 last_applied=758
May 09 08:39:18 kiseki-storage-3 kiseki-server[19985]: 2026-05-09T08:39:18.318706Z  INFO kiseki_composition::hydrator: composition hydrator: installed compositions from log applied=10 last_applied=768
May 09 08:39:18 kiseki-storage-3 kiseki-server[19985]: 2026-05-09T08:39:18.420041Z  INFO kiseki_composition::hydrator: composition hydrator: installed compositions from log applied=12 last_applied=780
May 09 08:39:18 kiseki-storage-3 kiseki-server[19985]: 2026-05-09T08:39:18.522530Z  INFO kiseki_composition::hydrator: composition hydrator: installed compositions from log applied=14 last_applied=794
May 09 08:39:18 kiseki-storage-3 kiseki-server[19985]: 2026-05-09T08:39:18.623856Z  INFO kiseki_composition::hydrator: composition hydrator: installed compositions from log applied=15 last_applied=809
May 09 08:39:18 kiseki-storage-3 kiseki-server[19985]: 2026-05-09T08:39:18.725205Z  INFO kiseki_composition::hydrator: composition hydrator: installed compositions from log applied=15 last_applied=824
May 09 08:39:18 kiseki-storage-3 kiseki-server[19985]: 2026-05-09T08:39:18.827668Z  INFO kiseki_composition::hydrator: composition hydrator: installed compositions from log applied=12 last_applied=836
May 09 08:39:19 kiseki-storage-3 kiseki-server[19985]: 2026-05-09T08:39:19.333314Z  INFO kiseki_composition::hydrator: composition hydrator: installed compositions from log applied=1 last_applied=837
May 09 08:39:19 kiseki-storage-3 kiseki-server[19985]: 2026-05-09T08:39:19.839507Z  INFO kiseki_composition::hydrator: composition hydrator: installed compositions from log applied=19 last_applied=856
May 09 08:39:20 kiseki-storage-3 kiseki-server[19985]: 2026-05-09T08:39:20.244736Z  INFO kiseki_composition::hydrator: composition hydrator: installed compositions from log applied=4 last_applied=860
May 09 08:39:20 kiseki-storage-3 kiseki-server[19985]: 2026-05-09T08:39:20.649139Z  INFO kiseki_composition::hydrator: composition hydrator: installed compositions from log applied=2 last_applied=862
May 09 08:39:20 kiseki-storage-3 kiseki-server[19985]: 2026-05-09T08:39:20.852144Z  INFO kiseki_composition::hydrator: composition hydrator: installed compositions from log applied=1 last_applied=863
May 09 08:39:20 kiseki-storage-3 kiseki-server[19985]: 2026-05-09T08:39:20.954423Z  INFO kiseki_composition::hydrator: composition hydrator: installed compositions from log applied=2 last_applied=865
May 09 08:39:21 kiseki-storage-3 kiseki-server[19985]: 2026-05-09T08:39:21.055888Z  INFO kiseki_composition::hydrator: composition hydrator: installed compositions from log applied=4 last_applied=869
May 09 08:39:21 kiseki-storage-3 kiseki-server[19985]: 2026-05-09T08:39:21.157150Z  INFO kiseki_composition::hydrator: composition hydrator: installed compositions from log applied=6 last_applied=875
May 09 08:39:21 kiseki-storage-3 kiseki-server[19985]: 2026-05-09T08:39:21.259532Z  INFO kiseki_composition::hydrator: composition hydrator: installed compositions from log applied=6 last_applied=881
May 09 08:39:21 kiseki-storage-3 kiseki-server[19985]: 2026-05-09T08:39:21.360959Z  INFO kiseki_composition::hydrator: composition hydrator: installed compositions from log applied=8 last_applied=889
May 09 08:39:21 kiseki-storage-3 kiseki-server[19985]: 2026-05-09T08:39:21.462419Z  INFO kiseki_composition::hydrator: composition hydrator: installed compositions from log applied=8 last_applied=897
May 09 08:39:21 kiseki-storage-3 kiseki-server[19985]: 2026-05-09T08:39:21.564695Z  INFO kiseki_composition::hydrator: composition hydrator: installed compositions from log applied=9 last_applied=906
May 09 08:39:21 kiseki-storage-3 kiseki-server[19985]: 2026-05-09T08:39:21.666203Z  INFO kiseki_composition::hydrator: composition hydrator: installed compositions from log applied=11 last_applied=917
May 09 08:39:21 kiseki-storage-3 kiseki-server[19985]: 2026-05-09T08:39:21.768406Z  INFO kiseki_composition::hydrator: composition hydrator: installed compositions from log applied=10 last_applied=927
May 09 08:39:21 kiseki-storage-3 kiseki-server[19985]: 2026-05-09T08:39:21.870809Z  INFO kiseki_composition::hydrator: composition hydrator: installed compositions from log applied=9 last_applied=936
May 09 08:39:21 kiseki-storage-3 kiseki-server[19985]: 2026-05-09T08:39:21.972165Z  INFO kiseki_composition::hydrator: composition hydrator: installed compositions from log applied=9 last_applied=945
May 09 08:39:22 kiseki-storage-3 kiseki-server[19985]: 2026-05-09T08:39:22.074624Z  INFO kiseki_composition::hydrator: composition hydrator: installed compositions from log applied=16 last_applied=961
May 09 08:39:22 kiseki-storage-3 kiseki-server[19985]: 2026-05-09T08:39:22.175886Z  INFO kiseki_composition::hydrator: composition hydrator: installed compositions from log applied=17 last_applied=978
May 09 08:39:22 kiseki-storage-3 kiseki-server[19985]: 2026-05-09T08:39:22.277201Z  INFO kiseki_composition::hydrator: composition hydrator: installed compositions from log applied=8 last_applied=986
May 09 08:39:22 kiseki-storage-3 kiseki-server[19985]: 2026-05-09T08:39:22.357354Z  INFO openraft::engine::handler::snapshot_handler: push snapshot building command
May 09 08:39:22 kiseki-storage-3 kiseki-server[19985]: 2026-05-09T08:39:22.357376Z  INFO openraft::core::sm::worker: openraft::core::sm::worker::Worker<_, _, _>::worker_loop: build snapshot
May 09 08:39:22 kiseki-storage-3 kiseki-server[19985]: 2026-05-09T08:39:22.357397Z  INFO build_snapshot: openraft::core::sm::worker: openraft::core::sm::worker::Worker<_, _, _>::build_snapshot: returning; spawned building snapshot task
May 09 08:39:22 kiseki-storage-3 kiseki-server[19985]: 2026-05-09T08:39:22.359196Z  INFO openraft::core::raft_core: sm::StateMachine command done: BuildSnapshotDone: {snapshot_id: snap-999, last_log:T3-N1.999, last_membership: {log_id:T0-N1.0, {voters:[{1:KisekiNode { addr: "10.0.0.10:9300", topology: None },2:KisekiNode { addr: "10.0.0.11:9300", topology: None },3:KisekiNode { addr: "10.0.0.12:9300", topology: None }}], learners:[]}}}: openraft::core::raft_core::RaftCore<_, _, _, _>::handle_notification
May 09 08:39:22 kiseki-storage-3 kiseki-server[19985]: 2026-05-09T08:39:22.359231Z  INFO openraft::engine::engine_impl: openraft::engine::engine_impl::Engine<_, _>::on_building_snapshot_done: snapshot_meta: {snapshot_id: snap-999, last_log:T3-N1.999, last_membership: {log_id:T0-N1.0, {voters:[{1:KisekiNode { addr: "10.0.0.10:9300", topology: None },2:KisekiNode { addr: "10.0.0.11:9300", topology: None },3:KisekiNode { addr: "10.0.0.12:9300", topology: None }}], learners:[]}}}
May 09 08:39:22 kiseki-storage-3 kiseki-server[19985]: 2026-05-09T08:39:22.359240Z  INFO openraft::engine::handler::snapshot_handler: update_snapshot: SnapshotMeta { last_log_id: Some(LogId { leader_id: LeaderId { term: 3, node_id: 1 }, index: 999 }), last_membership: StoredMembership { log_id: Some(LogId { leader_id: LeaderId { term: 0, node_id: 1 }, index: 0 }), membership: Membership { configs: [{1, 2, 3}], nodes: {1: KisekiNode { addr: "10.0.0.10:9300", topology: None }, 2: KisekiNode { addr: "10.0.0.11:9300", topology: None }, 3: KisekiNode { addr: "10.0.0.12:9300", topology: None }} } }, snapshot_id: "snap-999" }
May 09 08:39:22 kiseki-storage-3 kiseki-server[19985]: 2026-05-09T08:39:22.359255Z  INFO openraft::engine::handler::log_handler: purge log, last_purged: None, purge_upto: None
May 09 08:39:22 kiseki-storage-3 kiseki-server[19985]: 2026-05-09T08:39:22.379616Z  INFO kiseki_composition::hydrator: composition hydrator: installed compositions from log applied=16 last_applied=1002
May 09 08:39:22 kiseki-storage-3 kiseki-server[19985]: 2026-05-09T08:39:22.481234Z  INFO kiseki_composition::hydrator: composition hydrator: installed compositions from log applied=14 last_applied=1016
May 09 08:39:22 kiseki-storage-3 kiseki-server[19985]: 2026-05-09T08:39:22.583598Z  INFO kiseki_composition::hydrator: composition hydrator: installed compositions from log applied=11 last_applied=1027
May 09 08:39:22 kiseki-storage-3 kiseki-server[19985]: 2026-05-09T08:39:22.684849Z  INFO kiseki_composition::hydrator: composition hydrator: installed compositions from log applied=9 last_applied=1036
May 09 08:39:22 kiseki-storage-3 kiseki-server[19985]: 2026-05-09T08:39:22.786070Z  INFO kiseki_composition::hydrator: composition hydrator: installed compositions from log applied=18 last_applied=1054
May 09 08:39:22 kiseki-storage-3 kiseki-server[19985]: 2026-05-09T08:39:22.888368Z  INFO kiseki_composition::hydrator: composition hydrator: installed compositions from log applied=8 last_applied=1062
May 09 08:39:22 kiseki-storage-3 kiseki-server[19985]: 2026-05-09T08:39:22.990609Z  INFO kiseki_composition::hydrator: composition hydrator: installed compositions from log applied=9 last_applied=1071
May 09 08:39:23 kiseki-storage-3 kiseki-server[19985]: 2026-05-09T08:39:23.092054Z  INFO kiseki_composition::hydrator: composition hydrator: installed compositions from log applied=16 last_applied=1087
May 09 08:39:23 kiseki-storage-3 kiseki-server[19985]: 2026-05-09T08:39:23.194383Z  INFO kiseki_composition::hydrator: composition hydrator: installed compositions from log applied=12 last_applied=1099
May 09 08:39:23 kiseki-storage-3 kiseki-server[19985]: 2026-05-09T08:39:23.296705Z  INFO kiseki_composition::hydrator: composition hydrator: installed compositions from log applied=13 last_applied=1112
May 09 08:39:23 kiseki-storage-3 kiseki-server[19985]: 2026-05-09T08:39:23.398207Z  INFO kiseki_composition::hydrator: composition hydrator: installed compositions from log applied=9 last_applied=1121
May 09 08:39:23 kiseki-storage-3 kiseki-server[19985]: 2026-05-09T08:39:23.500559Z  INFO kiseki_composition::hydrator: composition hydrator: installed compositions from log applied=5 last_applied=1126
May 09 08:39:23 kiseki-storage-3 kiseki-server[19985]: 2026-05-09T08:39:23.602814Z  INFO kiseki_composition::hydrator: composition hydrator: installed compositions from log applied=9 last_applied=1135
May 09 08:39:23 kiseki-storage-3 kiseki-server[19985]: 2026-05-09T08:39:23.703974Z  INFO kiseki_composition::hydrator: composition hydrator: installed compositions from log applied=2 last_applied=1137
May 09 08:39:23 kiseki-storage-3 kiseki-server[19985]: 2026-05-09T08:39:23.805449Z  INFO kiseki_composition::hydrator: composition hydrator: installed compositions from log applied=2 last_applied=1139
May 09 08:39:23 kiseki-storage-3 kiseki-server[19985]: 2026-05-09T08:39:23.907668Z  INFO kiseki_composition::hydrator: composition hydrator: installed compositions from log applied=5 last_applied=1144
May 09 08:39:24 kiseki-storage-3 kiseki-server[19985]: 2026-05-09T08:39:24.008834Z  INFO kiseki_composition::hydrator: composition hydrator: installed compositions from log applied=3 last_applied=1147
May 09 08:39:24 kiseki-storage-3 kiseki-server[19985]: 2026-05-09T08:39:24.110189Z  INFO kiseki_composition::hydrator: composition hydrator: installed compositions from log applied=3 last_applied=1150
May 09 08:39:24 kiseki-storage-3 kiseki-server[19985]: 2026-05-09T08:39:24.212523Z  INFO kiseki_composition::hydrator: composition hydrator: installed compositions from log applied=3 last_applied=1153
May 09 08:39:24 kiseki-storage-3 kiseki-server[19985]: 2026-05-09T08:39:24.314681Z  INFO kiseki_composition::hydrator: composition hydrator: installed compositions from log applied=3 last_applied=1156
May 09 08:39:24 kiseki-storage-3 kiseki-server[19985]: 2026-05-09T08:39:24.415862Z  INFO kiseki_composition::hydrator: composition hydrator: installed compositions from log applied=6 last_applied=1162
May 09 08:39:24 kiseki-storage-3 kiseki-server[19985]: 2026-05-09T08:39:24.517172Z  INFO kiseki_composition::hydrator: composition hydrator: installed compositions from log applied=6 last_applied=1168
May 09 08:39:24 kiseki-storage-3 kiseki-server[19985]: 2026-05-09T08:39:24.619306Z  INFO kiseki_composition::hydrator: composition hydrator: installed compositions from log applied=9 last_applied=1177
May 09 08:39:24 kiseki-storage-3 kiseki-server[19985]: 2026-05-09T08:39:24.721672Z  INFO kiseki_composition::hydrator: composition hydrator: installed compositions from log applied=6 last_applied=1183
May 09 08:39:24 kiseki-storage-3 kiseki-server[19985]: 2026-05-09T08:39:24.823765Z  INFO kiseki_composition::hydrator: composition hydrator: installed compositions from log applied=15 last_applied=1198
May 09 08:39:24 kiseki-storage-3 kiseki-server[19985]: 2026-05-09T08:39:24.925064Z  INFO kiseki_composition::hydrator: composition hydrator: installed compositions from log applied=8 last_applied=1206
May 09 08:39:25 kiseki-storage-3 kiseki-server[19985]: 2026-05-09T08:39:25.027316Z  INFO kiseki_composition::hydrator: composition hydrator: installed compositions from log applied=3 last_applied=1209
May 09 08:39:25 kiseki-storage-3 kiseki-server[19985]: 2026-05-09T08:39:25.129906Z  INFO kiseki_composition::hydrator: composition hydrator: installed compositions from log applied=15 last_applied=1224
May 09 08:39:25 kiseki-storage-3 kiseki-server[19985]: 2026-05-09T08:39:25.231296Z  INFO kiseki_composition::hydrator: composition hydrator: installed compositions from log applied=9 last_applied=1233
May 09 08:39:25 kiseki-storage-3 kiseki-server[19985]: 2026-05-09T08:39:25.333667Z  INFO kiseki_composition::hydrator: composition hydrator: installed compositions from log applied=11 last_applied=1244
May 09 08:39:25 kiseki-storage-3 kiseki-server[19985]: 2026-05-09T08:39:25.434824Z  INFO kiseki_composition::hydrator: composition hydrator: installed compositions from log applied=8 last_applied=1252
May 09 08:39:25 kiseki-storage-3 kiseki-server[19985]: 2026-05-09T08:39:25.536145Z  INFO kiseki_composition::hydrator: composition hydrator: installed compositions from log applied=13 last_applied=1265
May 09 08:39:25 kiseki-storage-3 kiseki-server[19985]: 2026-05-09T08:39:25.638381Z  INFO kiseki_composition::hydrator: composition hydrator: installed compositions from log applied=12 last_applied=1277
May 09 08:39:25 kiseki-storage-3 kiseki-server[19985]: 2026-05-09T08:39:25.740445Z  INFO kiseki_composition::hydrator: composition hydrator: installed compositions from log applied=5 last_applied=1282
May 09 08:39:25 kiseki-storage-3 kiseki-server[19985]: 2026-05-09T08:39:25.842826Z  INFO kiseki_composition::hydrator: composition hydrator: installed compositions from log applied=21 last_applied=1303
May 09 08:39:25 kiseki-storage-3 kiseki-server[19985]: 2026-05-09T08:39:25.944405Z  INFO kiseki_composition::hydrator: composition hydrator: installed compositions from log applied=11 last_applied=1314
May 09 08:39:26 kiseki-storage-3 kiseki-server[19985]: 2026-05-09T08:39:26.046497Z  INFO kiseki_composition::hydrator: composition hydrator: installed compositions from log applied=10 last_applied=1324
May 09 08:39:26 kiseki-storage-3 kiseki-server[19985]: 2026-05-09T08:39:26.148785Z  INFO kiseki_composition::hydrator: composition hydrator: installed compositions from log applied=12 last_applied=1336
May 09 08:39:26 kiseki-storage-3 kiseki-server[19985]: 2026-05-09T08:39:26.250161Z  INFO kiseki_composition::hydrator: composition hydrator: installed compositions from log applied=10 last_applied=1346
May 09 08:39:26 kiseki-storage-3 kiseki-server[19985]: 2026-05-09T08:39:26.352528Z  INFO kiseki_composition::hydrator: composition hydrator: installed compositions from log applied=11 last_applied=1357
May 09 08:39:26 kiseki-storage-3 kiseki-server[19985]: 2026-05-09T08:39:26.453869Z  INFO kiseki_composition::hydrator: composition hydrator: installed compositions from log applied=7 last_applied=1364
May 09 08:39:26 kiseki-storage-3 kiseki-server[19985]: 2026-05-09T08:39:26.555107Z  INFO kiseki_composition::hydrator: composition hydrator: installed compositions from log applied=15 last_applied=1379
May 09 08:39:26 kiseki-storage-3 kiseki-server[19985]: 2026-05-09T08:39:26.657213Z  INFO kiseki_composition::hydrator: composition hydrator: installed compositions from log applied=10 last_applied=1389
May 09 08:39:26 kiseki-storage-3 kiseki-server[19985]: 2026-05-09T08:39:26.759377Z  INFO kiseki_composition::hydrator: composition hydrator: installed compositions from log applied=12 last_applied=1401
May 09 08:39:26 kiseki-storage-3 kiseki-server[19985]: 2026-05-09T08:39:26.861753Z  INFO kiseki_composition::hydrator: composition hydrator: installed compositions from log applied=14 last_applied=1415
May 09 08:39:26 kiseki-storage-3 kiseki-server[19985]: 2026-05-09T08:39:26.963202Z  INFO kiseki_composition::hydrator: composition hydrator: installed compositions from log applied=12 last_applied=1427
May 09 08:39:27 kiseki-storage-3 kiseki-server[19985]: 2026-05-09T08:39:27.065453Z  INFO kiseki_composition::hydrator: composition hydrator: installed compositions from log applied=9 last_applied=1436
May 09 08:39:27 kiseki-storage-3 kiseki-server[19985]: 2026-05-09T08:39:27.167695Z  INFO kiseki_composition::hydrator: composition hydrator: installed compositions from log applied=4 last_applied=1440
May 09 08:39:27 kiseki-storage-3 kiseki-server[19985]: 2026-05-09T08:39:27.268900Z  INFO kiseki_composition::hydrator: composition hydrator: installed compositions from log applied=9 last_applied=1449
May 09 08:39:27 kiseki-storage-3 kiseki-server[19985]: 2026-05-09T08:39:27.370087Z  INFO kiseki_composition::hydrator: composition hydrator: installed compositions from log applied=12 last_applied=1461
May 09 08:39:27 kiseki-storage-3 kiseki-server[19985]: 2026-05-09T08:39:27.472494Z  INFO kiseki_composition::hydrator: composition hydrator: installed compositions from log applied=5 last_applied=1466
May 09 08:39:27 kiseki-storage-3 kiseki-server[19985]: 2026-05-09T08:39:27.574673Z  INFO kiseki_composition::hydrator: composition hydrator: installed compositions from log applied=3 last_applied=1469
May 09 08:39:27 kiseki-storage-3 kiseki-server[19985]: 2026-05-09T08:39:27.675897Z  INFO kiseki_composition::hydrator: composition hydrator: installed compositions from log applied=9 last_applied=1478
May 09 08:39:27 kiseki-storage-3 kiseki-server[19985]: 2026-05-09T08:39:27.777081Z  INFO kiseki_composition::hydrator: composition hydrator: installed compositions from log applied=5 last_applied=1483
May 09 08:39:27 kiseki-storage-3 kiseki-server[19985]: 2026-05-09T08:39:27.879293Z  INFO kiseki_composition::hydrator: composition hydrator: installed compositions from log applied=4 last_applied=1487
May 09 08:39:27 kiseki-storage-3 kiseki-server[19985]: 2026-05-09T08:39:27.980820Z  INFO kiseki_composition::hydrator: composition hydrator: installed compositions from log applied=7 last_applied=1494
May 09 08:39:28 kiseki-storage-3 kiseki-server[19985]: 2026-05-09T08:39:28.082203Z  INFO kiseki_composition::hydrator: composition hydrator: installed compositions from log applied=4 last_applied=1498
May 09 08:39:28 kiseki-storage-3 kiseki-server[19985]: 2026-05-09T08:39:28.184508Z  INFO kiseki_composition::hydrator: composition hydrator: installed compositions from log applied=6 last_applied=1504
May 09 08:39:28 kiseki-storage-3 kiseki-server[19985]: 2026-05-09T08:39:28.286818Z  INFO kiseki_composition::hydrator: composition hydrator: installed compositions from log applied=5 last_applied=1509
May 09 08:39:28 kiseki-storage-3 kiseki-server[19985]: 2026-05-09T08:39:28.388117Z  INFO kiseki_composition::hydrator: composition hydrator: installed compositions from log applied=9 last_applied=1518
May 09 08:39:28 kiseki-storage-3 kiseki-server[19985]: 2026-05-09T08:39:28.490253Z  INFO kiseki_composition::hydrator: composition hydrator: installed compositions from log applied=13 last_applied=1531
May 09 08:39:28 kiseki-storage-3 kiseki-server[19985]: 2026-05-09T08:39:28.592476Z  INFO kiseki_composition::hydrator: composition hydrator: installed compositions from log applied=11 last_applied=1542
May 09 08:39:28 kiseki-storage-3 kiseki-server[19985]: 2026-05-09T08:39:28.694773Z  INFO kiseki_composition::hydrator: composition hydrator: installed compositions from log applied=11 last_applied=1553
May 09 08:39:28 kiseki-storage-3 kiseki-server[19985]: 2026-05-09T08:39:28.795818Z  INFO kiseki_composition::hydrator: composition hydrator: installed compositions from log applied=8 last_applied=1561
May 09 08:39:28 kiseki-storage-3 kiseki-server[19985]: 2026-05-09T08:39:28.897032Z  INFO kiseki_composition::hydrator: composition hydrator: installed compositions from log applied=14 last_applied=1575
May 09 08:39:28 kiseki-storage-3 kiseki-server[19985]: 2026-05-09T08:39:28.999189Z  INFO kiseki_composition::hydrator: composition hydrator: installed compositions from log applied=13 last_applied=1588
May 09 08:39:29 kiseki-storage-3 kiseki-server[19985]: 2026-05-09T08:39:29.101605Z  INFO kiseki_composition::hydrator: composition hydrator: installed compositions from log applied=10 last_applied=1598
May 09 08:39:29 kiseki-storage-3 kiseki-server[19985]: 2026-05-09T08:39:29.202742Z  INFO kiseki_composition::hydrator: composition hydrator: installed compositions from log applied=8 last_applied=1606
May 09 08:39:29 kiseki-storage-3 kiseki-server[19985]: 2026-05-09T08:39:29.304569Z  INFO kiseki_composition::hydrator: composition hydrator: installed compositions from log applied=17 last_applied=1623
May 09 08:39:29 kiseki-storage-3 kiseki-server[19985]: 2026-05-09T08:39:29.406917Z  INFO kiseki_composition::hydrator: composition hydrator: installed compositions from log applied=6 last_applied=1629
May 09 08:39:29 kiseki-storage-3 kiseki-server[19985]: 2026-05-09T08:39:29.508233Z  INFO kiseki_composition::hydrator: composition hydrator: installed compositions from log applied=11 last_applied=1640
May 09 08:39:29 kiseki-storage-3 kiseki-server[19985]: 2026-05-09T08:39:29.610500Z  INFO kiseki_composition::hydrator: composition hydrator: installed compositions from log applied=10 last_applied=1650
May 09 08:39:29 kiseki-storage-3 kiseki-server[19985]: 2026-05-09T08:39:29.712761Z  INFO kiseki_composition::hydrator: composition hydrator: installed compositions from log applied=17 last_applied=1667
May 09 08:39:29 kiseki-storage-3 kiseki-server[19985]: 2026-05-09T08:39:29.814029Z  INFO kiseki_composition::hydrator: composition hydrator: installed compositions from log applied=10 last_applied=1677
May 09 08:39:29 kiseki-storage-3 kiseki-server[19985]: 2026-05-09T08:39:29.916260Z  INFO kiseki_composition::hydrator: composition hydrator: installed compositions from log applied=14 last_applied=1691
May 09 08:39:30 kiseki-storage-3 kiseki-server[19985]: 2026-05-09T08:39:30.018522Z  INFO kiseki_composition::hydrator: composition hydrator: installed compositions from log applied=11 last_applied=1702
May 09 08:39:30 kiseki-storage-3 kiseki-server[19985]: 2026-05-09T08:39:30.120812Z  INFO kiseki_composition::hydrator: composition hydrator: installed compositions from log applied=11 last_applied=1713
May 09 08:39:30 kiseki-storage-3 kiseki-server[19985]: 2026-05-09T08:39:30.222276Z  INFO kiseki_composition::hydrator: composition hydrator: installed compositions from log applied=16 last_applied=1729
May 09 08:39:30 kiseki-storage-3 kiseki-server[19985]: 2026-05-09T08:39:30.324438Z  INFO kiseki_composition::hydrator: composition hydrator: installed compositions from log applied=16 last_applied=1745
May 09 08:39:30 kiseki-storage-3 kiseki-server[19985]: 2026-05-09T08:39:30.426720Z  INFO kiseki_composition::hydrator: composition hydrator: installed compositions from log applied=12 last_applied=1757
May 09 08:39:30 kiseki-storage-3 kiseki-server[19985]: 2026-05-09T08:39:30.527755Z  INFO kiseki_composition::hydrator: composition hydrator: installed compositions from log applied=8 last_applied=1765
May 09 08:39:30 kiseki-storage-3 kiseki-server[19985]: 2026-05-09T08:39:30.629260Z  INFO kiseki_composition::hydrator: composition hydrator: installed compositions from log applied=14 last_applied=1779
May 09 08:39:30 kiseki-storage-3 kiseki-server[19985]: 2026-05-09T08:39:30.731765Z  INFO kiseki_composition::hydrator: composition hydrator: installed compositions from log applied=11 last_applied=1790
May 09 08:39:30 kiseki-storage-3 kiseki-server[19985]: 2026-05-09T08:39:30.833016Z  INFO kiseki_composition::hydrator: composition hydrator: installed compositions from log applied=11 last_applied=1801
May 09 08:39:30 kiseki-storage-3 kiseki-server[19985]: 2026-05-09T08:39:30.934462Z  INFO kiseki_composition::hydrator: composition hydrator: installed compositions from log applied=18 last_applied=1819
May 09 08:39:31 kiseki-storage-3 kiseki-server[19985]: 2026-05-09T08:39:31.036562Z  INFO kiseki_composition::hydrator: composition hydrator: installed compositions from log applied=20 last_applied=1839
May 09 08:39:31 kiseki-storage-3 kiseki-server[19985]: 2026-05-09T08:39:31.137867Z  INFO kiseki_composition::hydrator: composition hydrator: installed compositions from log applied=11 last_applied=1850
May 09 08:39:31 kiseki-storage-3 kiseki-server[19985]: 2026-05-09T08:39:31.239349Z  INFO kiseki_composition::hydrator: composition hydrator: installed compositions from log applied=21 last_applied=1871
May 09 08:39:31 kiseki-storage-3 kiseki-server[19985]: 2026-05-09T08:39:31.341367Z  INFO kiseki_composition::hydrator: composition hydrator: installed compositions from log applied=8 last_applied=1879
May 09 08:39:31 kiseki-storage-3 kiseki-server[19985]: 2026-05-09T08:39:31.443653Z  INFO kiseki_composition::hydrator: composition hydrator: installed compositions from log applied=1 last_applied=1880
May 09 08:39:51 kiseki-storage-3 kiseki-server[19985]: 2026-05-09T08:39:51.185614Z  INFO kiseki_server::runtime: scrub: periodic check completed
May 09 08:40:51 kiseki-storage-3 kiseki-server[19985]: 2026-05-09T08:40:51.186470Z  INFO kiseki_server::runtime: scrub: periodic check completed
May 09 08:41:03 kiseki-storage-3 kiseki-server[19985]: 2026-05-09T08:41:03.923150Z  INFO kiseki_composition::hydrator: composition hydrator: installed compositions from log applied=1 last_applied=1881
May 09 08:41:05 kiseki-storage-3 kiseki-server[19985]: 2026-05-09T08:41:05.540447Z  INFO kiseki_composition::hydrator: composition hydrator: installed compositions from log applied=1 last_applied=1882
May 09 08:41:08 kiseki-storage-3 kiseki-server[19985]: 2026-05-09T08:41:08.167581Z  INFO kiseki_composition::hydrator: composition hydrator: installed compositions from log applied=1 last_applied=1883
May 09 08:41:14 kiseki-storage-3 kiseki-server[19985]: 2026-05-09T08:41:14.032166Z  INFO kiseki_composition::hydrator: composition hydrator: installed compositions from log applied=1 last_applied=1884
May 09 08:41:51 kiseki-storage-3 kiseki-server[19985]: 2026-05-09T08:41:51.187449Z  INFO kiseki_server::runtime: scrub: periodic check completed
May 09 08:42:51 kiseki-storage-3 kiseki-server[19985]: 2026-05-09T08:42:51.188260Z  INFO kiseki_server::runtime: scrub: periodic check completed
May 09 08:43:51 kiseki-storage-3 kiseki-server[19985]: 2026-05-09T08:43:51.189482Z  INFO kiseki_server::runtime: scrub: periodic check completed
May 09 08:44:51 kiseki-storage-3 kiseki-server[19985]: 2026-05-09T08:44:51.190973Z  INFO kiseki_server::runtime: scrub: periodic check completed
May 09 08:45:51 kiseki-storage-3 kiseki-server[19985]: 2026-05-09T08:45:51.191322Z  INFO kiseki_server::runtime: scrub: periodic check completed
May 09 08:46:51 kiseki-storage-3 kiseki-server[19985]: 2026-05-09T08:46:51.192934Z  INFO kiseki_server::runtime: scrub: periodic check completed
May 09 08:47:51 kiseki-storage-3 kiseki-server[19985]: 2026-05-09T08:47:51.193494Z  INFO kiseki_server::runtime: scrub: periodic check completed
May 09 08:48:51 kiseki-storage-3 kiseki-server[19985]: 2026-05-09T08:48:51.194630Z  INFO kiseki_server::runtime: scrub: periodic check completed
May 09 08:49:51 kiseki-storage-3 kiseki-server[19985]: 2026-05-09T08:49:51.195723Z  INFO kiseki_server::runtime: scrub: periodic check completed
May 09 08:50:51 kiseki-storage-3 kiseki-server[19985]: 2026-05-09T08:50:51.196279Z  INFO kiseki_server::runtime: scrub: periodic check completed
May 09 08:51:51 kiseki-storage-3 kiseki-server[19985]: 2026-05-09T08:51:51.197241Z  INFO kiseki_server::runtime: scrub: periodic check completed
May 09 08:52:51 kiseki-storage-3 kiseki-server[19985]: 2026-05-09T08:52:51.198267Z  INFO kiseki_server::runtime: scrub: periodic check completed
May 09 08:53:51 kiseki-storage-3 kiseki-server[19985]: 2026-05-09T08:53:51.199596Z  INFO kiseki_server::runtime: scrub: periodic check completed
May 09 08:54:51 kiseki-storage-3 kiseki-server[19985]: 2026-05-09T08:54:51.200880Z  INFO kiseki_server::runtime: scrub: periodic check completed
May 09 08:55:51 kiseki-storage-3 kiseki-server[19985]: 2026-05-09T08:55:51.202005Z  INFO kiseki_server::runtime: scrub: periodic check completed
May 09 08:56:51 kiseki-storage-3 kiseki-server[19985]: 2026-05-09T08:56:51.202720Z  INFO kiseki_server::runtime: scrub: periodic check completed
May 09 08:57:51 kiseki-storage-3 kiseki-server[19985]: 2026-05-09T08:57:51.203546Z  INFO kiseki_server::runtime: scrub: periodic check completed
